Microchip MPLAB XC8 Compiler V2.45

Linker command line:

-W-3 \
  --edf=C:\Program Files\Microchip\xc8\v2.45\pic\dat\20230818022343_en.msgs \
  -cn -h+dist/default/debug\Practica3.X.debug.sym \
  --cmf=dist/default/debug\Practica3.X.debug.cmf -z -Q18F46K42 \
  -oC:\Users\mesas\AppData\Local\Temp\xcAso98.\driver_tmp_3.o \
  --defsym=__MPLAB_BUILD=1 --fixupoverflow=error \
  -Mdist/default/debug/Practica3.X.debug.map \
  --md=C:\Users\mesas\AppData\Local\Temp\xcAso98.\driver_tmp_0.dat -E1 \
  -ver=XC8 Compiler --acfsm=1493 -ACODE=00h-0FFFFh -ACONST=00h-0FFFFh \
  -ASMALLCONST=01000h-010FFhx240 -AMEDIUMCONST=01000h-0FFFFh \
  -ACOMRAM=01h-05Fh -AABS1=00h-0FFFh -ABIGRAM=01h-0FFFh \
  -ARAM=060h-0FFh,0100h-01FFhx15 -ABANK0=060h-0FFh -ABANK1=0100h-01FFh \
  -ABANK2=0200h-02FFh -ABANK3=0300h-03FFh -ABANK4=0400h-04FFh \
  -ABANK5=0500h-05FFh -ABANK6=0600h-06FFh -ABANK7=0700h-07FFh \
  -ABANK8=0800h-08FFh -ABANK9=0900h-09FFh -ABANK10=0A00h-0AFFh \
  -ABANK11=0B00h-0BFFh -ABANK12=0C00h-0CFFh -ABANK13=0D00h-0DFFh \
  -ABANK14=0E00h-0EFFh -ABANK15=0F00h-0FFFh \
  -ASFR=03800h-038FFhx7,03F00h-03F5Fh,03F60h-03FFFh -ABIGSFR=03800h-03FFFh \
  -ACONFIG=0300000h-0300009h -AIDLOC=0200000h-020000Fh \
  -AEEDATA=0310000h-03103FFh -peeprom_data=EEDATA -preset_vec=00h \
  -ppowerup=CODE,init -pramtop=01000h -psmallconst=SMALLCONST \
  -pmediumconst=MEDIUMCONST -pconst=CONST -AFARRAM=00h-00h \
  -prdata=COMRAM,nvrram=COMRAM,nvbit=COMRAM,rbss=COMRAM,rbit=COMRAM \
  -pfarbss=FARRAM,fardata=FARRAM,nvFARRAM=FARRAM \
  -pintsave_regs=BIGRAM,bigbss=BIGRAM,bigdata=BIGRAM -pbss=RAM \
  -pidata=CODE,irdata=CODE,ibigdata=CODE,ifardata=CODE -prparam=COMRAM \
  C:\Users\mesas\AppData\Local\Temp\xcAso98.\driver_tmp_19.o \
  dist/default/debug\Practica3.X.debug.o 

Object code version is 3.11

Machine type is 18F46K42



                Name                               Link     Load   Length Selector   Space Scale
C:\Users\mesas\AppData\Local\Temp\xcAso98.\driver_tmp_19.o
                config                           300000   300000        A        0       4
                init                               FFFC     FFFC        4     7FFE       0
                reset_vec                             0        0        4        0       0
dist/default/debug\Practica3.X.debug.o
                config                           300000   300000        A        0       4
                mediumconst                        FDF6     FDF6      206     7EFB       0
                text136                            A568     A568        8     52B4       0
                text135                            A5DE     A5DE        C     52EF       0
                text134                            A754     A754       1E     53AA       0
                text133                            A870     A870       2C     5438       0
                text132                            A526     A526        6     5293       0
                text131                            A52C     A52C        6     5296       0
                text130                            A532     A532        6     5299       0
                text129                            A642     A642       16     5321       0
                text128                            A658     A658       16     532C       0
                text127                            A66E     A66E       16     5337       0
                text126                            ADD8     ADD8       52     56EC       0
                text125                            A7B2     A7B2       24     53D9       0
                text124                            B514     B514       7E     5A8A       0
                text123                            A6F2     A6F2       18     5379       0
                text122                            A89C     A89C       2C     544E       0
                text121                            A8C8     A8C8       2C     5464       0
                text120                            A8F4     A8F4       2C     547A       0
                text119                            A920     A920       2C     5490       0
                text118                            AD42     AD42       4A     56A1       0
                text117                            A516     A516        4     528B       0
                text116                            A51A     A51A        4     528D       0
                text115                            A598     A598        A     52CC       0
                text114                            A538     A538        6     529C       0
                text113                            A53E     A53E        6     529F       0
                text112                            A5A2     A5A2        A     52D1       0
                text111                            A5AC     A5AC        A     52D6       0
                text110                            A544     A544        6     52A2       0
                text109                            A684     A684       16     5342       0
                text108                            A54A     A54A        6     52A5       0
                text107                            A550     A550        6     52A8       0
                text106                            A556     A556        6     52AB       0
                text105                            A55C     A55C        6     52AE       0
                text104                            A69A     A69A       16     534D       0
                text103                            A6B0     A6B0       16     5358       0
                text102                            A570     A570        8     52B8       0
                text101                            A5EA     A5EA        C     52F5       0
                text100                            A978     A978       2E     54BC       0
                text99                             A6C6     A6C6       16     5363       0
                text98                             C3F2     C3F2      122     61F9       0
                text97                             B6AA     B6AA       9E     5B55       0
                text96                             B498     B498       7C     5A4C       0
                text95                             B7E6     B7E6       A2     5BF3       0
                text94                             A5F6     A5F6        E     52FB       0
                text93                             A51E     A51E        4     528F       0
                text92                             A522     A522        4     5291       0
                text91                             A81E     A81E       28     540F       0
                text90                             A578     A578        8     52BC       0
                text89                             A604     A604        E     5302       0
                text88                             A580     A580        8     52C0       0
                text87                             A612     A612       10     5309       0
                text86                             B046     B046       68     5823       0
                text85                             B256     B256       70     592B       0
                text84                             A622     A622       10     5311       0
                text83                             B41E     B41E       7A     5A0F       0
                text82                             AF84     AF84       5C     57C2       0
                text81                             A772     A772       1E     53B9       0
                text80                             AE2A     AE2A       52     5715       0
                text79                             A588     A588        8     52C4       0
                text78                             A9A6     A9A6       2E     54D3       0
                text77                             B61A     B61A       90     5B0D       0
                text76                             ABA6     ABA6       44     55D3       0
                text75                             A590     A590        8     52C8       0
                text74                             A70A     A70A       18     5385       0
                text73                             AED2     AED2       58     5769       0
                text72                             AA04     AA04       36     5502       0
                text71                             ACB6     ACB6       46     565B       0
                text70                             AA72     AA72       3A     5539       0
                text69                             B0AE     B0AE       6A     5857       0
                text68                             A632     A632       10     5319       0
                text67                             B748     B748       9E     5BA4       0
                text66                             EE78     EE78      58C     773C       0
                text65                             A562     A562        6     52B1       0
                text64                             C1C8     C1C8      110     60E4       0
                text63                             B888     B888       A2     5C44       0
                text62                             B118     B118       6A     588C       0
                text61                             CF2A     CF2A      22C     6795       0
                text60                             C638     C638      13C     631C       0
                text59                             DD40     DD40      3DA     6EA0       0
                text58                             BDF8     BDF8       C8     5EFC       0
                text57                             ABEA     ABEA       44     55F5       0
                text56                             B2C6     B2C6       70     5963       0
                text55                             A73A     A73A       1A     539D       0
                text54                             B336     B336       72     599B       0
                text53                             D9A6     D9A6      39A     6CD3       0
                text52                             BA72     BA72       AA     5D39       0
                text51                             BFBE     BFBE      104     5FDF       0
                text50                             E11A     E11A      44E     708D       0
                text49                             AA3A     AA3A       38     551D       0
                text48                             E9B8     E9B8      4C0     74DC       0
                text47                             ACFC     ACFC       46     567E       0
                text46                             C0C2     C0C2      106     6061       0
                text45                             BEC0     BEC0       FE     5F60       0
                text44                             CD18     CD18      212     668C       0
                text43                             AE7C     AE7C       56     573E       0
                text42                             AF2A     AF2A       5A     5795       0
                text41                             A5B6     A5B6        A     52DB       0
                text40                             BD34     BD34       C4     5E9A       0
                text39                             AB24     AB24       40     5592       0
                text38                             AFE0     AFE0       66     57F0       0
                text37                             AC2E     AC2E       44     5617       0
                text36                             F404     F404      9F2     7A02       0
                text35                             A846     A846       2A     5423       0
                text34                             BC76     BC76       BE     5E3B       0
                text33                             B92A     B92A       A4     5C95       0
                text32                             B592     B592       88     5AC9       0
                text31                             C2D8     C2D8      11A     616C       0
                text30                             C514     C514      124     628A       0
                text29                             E568     E568      450     72B4       0
                text28                             AD8C     AD8C       4C     56C6       0
                text27                             AC72     AC72       44     5639       0
                text26                             CB1A     CB1A      1FE     658D       0
                text25                             A790     A790       22     53C8       0
                text24                             A722     A722       18     5391       0
                text23                             BB1C     BB1C       AA     5D8E       0
                text22                             A7D6     A7D6       24     53EB       0
                text21                             A5C0     A5C0        A     52E0       0
                text20                             A5CA     A5CA        A     52E5       0
                text19                             A5D4     A5D4        A     52EA       0
                text18                             B182     B182       6A     58C1       0
                text17                             A6DC     A6DC       16     536E       0
                text16                             B3A8     B3A8       76     59D4       0
                text15                             C774     C774      1B4     63BA       0
                text14                             D3FE     D3FE      2B8     69FF       0
                text13                             C928     C928      1F2     6494       0
                text12                             A9D4     A9D4       30     54EA       0
                text11                             AB64     AB64       42     55B2       0
                text10                             A7FA     A7FA       24     53FD       0
                text9                              B1EC     B1EC       6A     58F6       0
                text8                              AAAC     AAAC       3A     5556       0
                text7                              D6B6     D6B6      2F0     6B5B       0
                text6                              A510     A510        2     5288       0
                text5                              A512     A512        2     5289       0
                text4                              A514     A514        2     528A       0
                text3                              B9CE     B9CE       A4     5CE7       0
                text2                              BBC6     BBC6       B0     5DE3       0
                text1                              AAE6     AAE6       3E     5573       0
                text0                              D156     D156      2A8     68AB       0
                cstackCOMRAM                          1        1       5D        1       1
                cstackBANK0                          60       60       59       60       1
                cstackBANK1                         100      100      100      100       1
                cstackBANK2                         200      200       14      200       1
                cstackBANK4                         400      400       EC      400       1
                bssBANK3                            300      300       AC      300       1
                bssBANK2                            214      214        B      200       1
                bssBANK0                             B9       B9       34       60       1
                bssCOMRAM                            5E       5E        1        1       1
                cinit                              A94C     A94C       2C     54A6       0
                nvBANK2                             21F      21F        6      200       1

TOTAL           Name                               Link     Load   Length     Space
        CLASS   CODE           
                init                               FFFC     FFFC        4         0
                reset_vec                             0        0        4         0
                text136                            A568     A568        8         0
                text135                            A5DE     A5DE        C         0
                text134                            A754     A754       1E         0
                text133                            A870     A870       2C         0
                text132                            A526     A526        6         0
                text131                            A52C     A52C        6         0
                text130                            A532     A532        6         0
                text129                            A642     A642       16         0
                text128                            A658     A658       16         0
                text127                            A66E     A66E       16         0
                text126                            ADD8     ADD8       52         0
                text125                            A7B2     A7B2       24         0
                text124                            B514     B514       7E         0
                text123                            A6F2     A6F2       18         0
                text122                            A89C     A89C       2C         0
                text121                            A8C8     A8C8       2C         0
                text120                            A8F4     A8F4       2C         0
                text119                            A920     A920       2C         0
                text118                            AD42     AD42       4A         0
                text117                            A516     A516        4         0
                text116                            A51A     A51A        4         0
                text115                            A598     A598        A         0
                text114                            A538     A538        6         0
                text113                            A53E     A53E        6         0
                text112                            A5A2     A5A2        A         0
                text111                            A5AC     A5AC        A         0
                text110                            A544     A544        6         0
                text109                            A684     A684       16         0
                text108                            A54A     A54A        6         0
                text107                            A550     A550        6         0
                text106                            A556     A556        6         0
                text105                            A55C     A55C        6         0
                text104                            A69A     A69A       16         0
                text103                            A6B0     A6B0       16         0
                text102                            A570     A570        8         0
                text101                            A5EA     A5EA        C         0
                text100                            A978     A978       2E         0
                text99                             A6C6     A6C6       16         0
                text98                             C3F2     C3F2      122         0
                text97                             B6AA     B6AA       9E         0
                text96                             B498     B498       7C         0
                text95                             B7E6     B7E6       A2         0
                text94                             A5F6     A5F6        E         0
                text93                             A51E     A51E        4         0
                text92                             A522     A522        4         0
                text91                             A81E     A81E       28         0
                text90                             A578     A578        8         0
                text89                             A604     A604        E         0
                text88                             A580     A580        8         0
                text87                             A612     A612       10         0
                text86                             B046     B046       68         0
                text85                             B256     B256       70         0
                text84                             A622     A622       10         0
                text83                             B41E     B41E       7A         0
                text82                             AF84     AF84       5C         0
                text81                             A772     A772       1E         0
                text80                             AE2A     AE2A       52         0
                text79                             A588     A588        8         0
                text78                             A9A6     A9A6       2E         0
                text77                             B61A     B61A       90         0
                text76                             ABA6     ABA6       44         0
                text75                             A590     A590        8         0
                text74                             A70A     A70A       18         0
                text73                             AED2     AED2       58         0
                text72                             AA04     AA04       36         0
                text71                             ACB6     ACB6       46         0
                text70                             AA72     AA72       3A         0
                text69                             B0AE     B0AE       6A         0
                text68                             A632     A632       10         0
                text67                             B748     B748       9E         0
                text66                             EE78     EE78      58C         0
                text65                             A562     A562        6         0
                text64                             C1C8     C1C8      110         0
                text63                             B888     B888       A2         0
                text62                             B118     B118       6A         0
                text61                             CF2A     CF2A      22C         0
                text60                             C638     C638      13C         0
                text59                             DD40     DD40      3DA         0
                text58                             BDF8     BDF8       C8         0
                text57                             ABEA     ABEA       44         0
                text56                             B2C6     B2C6       70         0
                text55                             A73A     A73A       1A         0
                text54                             B336     B336       72         0
                text53                             D9A6     D9A6      39A         0
                text52                             BA72     BA72       AA         0
                text51                             BFBE     BFBE      104         0
                text50                             E11A     E11A      44E         0
                text49                             AA3A     AA3A       38         0
                text48                             E9B8     E9B8      4C0         0
                text47                             ACFC     ACFC       46         0
                text46                             C0C2     C0C2      106         0
                text45                             BEC0     BEC0       FE         0
                text44                             CD18     CD18      212         0
                text43                             AE7C     AE7C       56         0
                text42                             AF2A     AF2A       5A         0
                text41                             A5B6     A5B6        A         0
                text40                             BD34     BD34       C4         0
                text39                             AB24     AB24       40         0
                text38                             AFE0     AFE0       66         0
                text37                             AC2E     AC2E       44         0
                text36                             F404     F404      9F2         0
                text35                             A846     A846       2A         0
                text34                             BC76     BC76       BE         0
                text33                             B92A     B92A       A4         0
                text32                             B592     B592       88         0
                text31                             C2D8     C2D8      11A         0
                text30                             C514     C514      124         0
                text29                             E568     E568      450         0
                text28                             AD8C     AD8C       4C         0
                text27                             AC72     AC72       44         0
                text26                             CB1A     CB1A      1FE         0
                text25                             A790     A790       22         0
                text24                             A722     A722       18         0
                text23                             BB1C     BB1C       AA         0
                text22                             A7D6     A7D6       24         0
                text21                             A5C0     A5C0        A         0
                text20                             A5CA     A5CA        A         0
                text19                             A5D4     A5D4        A         0
                text18                             B182     B182       6A         0
                text17                             A6DC     A6DC       16         0
                text16                             B3A8     B3A8       76         0
                text15                             C774     C774      1B4         0
                text14                             D3FE     D3FE      2B8         0
                text13                             C928     C928      1F2         0
                text12                             A9D4     A9D4       30         0
                text11                             AB64     AB64       42         0
                text10                             A7FA     A7FA       24         0
                text9                              B1EC     B1EC       6A         0
                text8                              AAAC     AAAC       3A         0
                text7                              D6B6     D6B6      2F0         0
                text6                              A510     A510        2         0
                text5                              A512     A512        2         0
                text4                              A514     A514        2         0
                text3                              B9CE     B9CE       A4         0
                text2                              BBC6     BBC6       B0         0
                text1                              AAE6     AAE6       3E         0
                text0                              D156     D156      2A8         0
                cinit                              A94C     A94C       2C         0

        CLASS   CONST          

        CLASS   SMALLCONST     

        CLASS   MEDIUMCONST    
                mediumconst                        FDF6     FDF6      206         0

        CLASS   COMRAM         
                cstackCOMRAM                          1        1       5D         1
                bssCOMRAM                            5E       5E        1         1

        CLASS   ABS1           

        CLASS   BIGRAM         

        CLASS   RAM            

        CLASS   BANK0          
                cstackBANK0                          60       60       59         1
                bssBANK0                             B9       B9       34         1

        CLASS   BANK1          
                cstackBANK1                         100      100      100         1

        CLASS   BANK2          
                cstackBANK2                         200      200       14         1
                bssBANK2                            214      214        B         1
                nvBANK2                             21F      21F        6         1

        CLASS   BANK3          
                bssBANK3                            300      300       AC         1

        CLASS   BANK4          
                cstackBANK4                         400      400       EC         1

        CLASS   BANK5          

        CLASS   BANK6          

        CLASS   BANK7          

        CLASS   BANK8          

        CLASS   BANK9          

        CLASS   BANK10         

        CLASS   BANK11         

        CLASS   BANK12         

        CLASS   BANK13         

        CLASS   BANK14         

        CLASS   BANK15         

        CLASS   SFR            

        CLASS   BIGSFR         

        CLASS   CONFIG         
                config                           300000   300000        A         4

        CLASS   IDLOC          

        CLASS   EEDATA         

        CLASS   FARRAM         

        CLASS   HEAP           

        CLASS   STACK          



SEGMENTS        Name                           Load    Length   Top    Selector   Space  Class

                reset_vec                      000000  000004  000004         0       0  CODE    
                cstackCOMRAM                   000001  00005E  00005F         1       1  COMRAM  
                cstackBANK0                    000060  00008D  0000ED        60       1  BANK0   
                cstackBANK1                    000100  000100  000200       100       1  BANK1   
                cstackBANK2                    000200  000025  000225       200       1  BANK2   
                bssBANK3                       000300  0000AC  0003AC       300       1  BANK3   
                cstackBANK4                    000400  0000EC  0004EC       400       1  BANK4   
                text6                          00A510  000002  00A512      5288       0  CODE    
                text5                          00A512  000002  00A514      5289       0  CODE    
                text4                          00A514  000002  00A516      528A       0  CODE    
                text117                        00A516  000004  00A51A      528B       0  CODE    
                text116                        00A51A  000004  00A51E      528D       0  CODE    
                text93                         00A51E  000004  00A522      528F       0  CODE    
                text92                         00A522  000004  00A526      5291       0  CODE    
                text132                        00A526  000006  00A52C      5293       0  CODE    
                text131                        00A52C  000006  00A532      5296       0  CODE    
                text130                        00A532  000006  00A538      5299       0  CODE    
                text114                        00A538  000006  00A53E      529C       0  CODE    
                text113                        00A53E  000006  00A544      529F       0  CODE    
                text110                        00A544  000006  00A54A      52A2       0  CODE    
                text108                        00A54A  000006  00A550      52A5       0  CODE    
                text107                        00A550  000006  00A556      52A8       0  CODE    
                text106                        00A556  000006  00A55C      52AB       0  CODE    
                text105                        00A55C  000006  00A562      52AE       0  CODE    
                text65                         00A562  000006  00A568      52B1       0  CODE    
                text136                        00A568  000008  00A570      52B4       0  CODE    
                text102                        00A570  000008  00A578      52B8       0  CODE    
                text90                         00A578  000008  00A580      52BC       0  CODE    
                text88                         00A580  000008  00A588      52C0       0  CODE    
                text79                         00A588  000008  00A590      52C4       0  CODE    
                text75                         00A590  000008  00A598      52C8       0  CODE    
                text115                        00A598  00000A  00A5A2      52CC       0  CODE    
                text112                        00A5A2  00000A  00A5AC      52D1       0  CODE    
                text111                        00A5AC  00000A  00A5B6      52D6       0  CODE    
                text41                         00A5B6  00000A  00A5C0      52DB       0  CODE    
                text21                         00A5C0  00000A  00A5CA      52E0       0  CODE    
                text20                         00A5CA  00000A  00A5D4      52E5       0  CODE    
                text19                         00A5D4  00000A  00A5DE      52EA       0  CODE    
                text135                        00A5DE  00000C  00A5EA      52EF       0  CODE    
                text101                        00A5EA  00000C  00A5F6      52F5       0  CODE    
                text94                         00A5F6  00000E  00A604      52FB       0  CODE    
                text89                         00A604  00000E  00A612      5302       0  CODE    
                text87                         00A612  000010  00A622      5309       0  CODE    
                text84                         00A622  000010  00A632      5311       0  CODE    
                text68                         00A632  000010  00A642      5319       0  CODE    
                text129                        00A642  000016  00A658      5321       0  CODE    
                text128                        00A658  000016  00A66E      532C       0  CODE    
                text127                        00A66E  000016  00A684      5337       0  CODE    
                text109                        00A684  000016  00A69A      5342       0  CODE    
                text104                        00A69A  000016  00A6B0      534D       0  CODE    
                text103                        00A6B0  000016  00A6C6      5358       0  CODE    
                text99                         00A6C6  000016  00A6DC      5363       0  CODE    
                text17                         00A6DC  000016  00A6F2      536E       0  CODE    
                text123                        00A6F2  000018  00A70A      5379       0  CODE    
                text74                         00A70A  000018  00A722      5385       0  CODE    
                text24                         00A722  000018  00A73A      5391       0  CODE    
                text55                         00A73A  00001A  00A754      539D       0  CODE    
                text134                        00A754  00001E  00A772      53AA       0  CODE    
                text81                         00A772  00001E  00A790      53B9       0  CODE    
                text25                         00A790  000022  00A7B2      53C8       0  CODE    
                text125                        00A7B2  000024  00A7D6      53D9       0  CODE    
                text22                         00A7D6  000024  00A7FA      53EB       0  CODE    
                text10                         00A7FA  000024  00A81E      53FD       0  CODE    
                text91                         00A81E  000028  00A846      540F       0  CODE    
                text35                         00A846  00002A  00A870      5423       0  CODE    
                text133                        00A870  00002C  00A89C      5438       0  CODE    
                text122                        00A89C  00002C  00A8C8      544E       0  CODE    
                text121                        00A8C8  00002C  00A8F4      5464       0  CODE    
                text120                        00A8F4  00002C  00A920      547A       0  CODE    
                text119                        00A920  00002C  00A94C      5490       0  CODE    
                cinit                          00A94C  00002C  00A978      54A6       0  CODE    
                text100                        00A978  00002E  00A9A6      54BC       0  CODE    
                text78                         00A9A6  00002E  00A9D4      54D3       0  CODE    
                text12                         00A9D4  000030  00AA04      54EA       0  CODE    
                text72                         00AA04  000036  00AA3A      5502       0  CODE    
                text49                         00AA3A  000038  00AA72      551D       0  CODE    
                text70                         00AA72  00003A  00AAAC      5539       0  CODE    
                text8                          00AAAC  00003A  00AAE6      5556       0  CODE    
                text1                          00AAE6  00003E  00AB24      5573       0  CODE    
                text39                         00AB24  000040  00AB64      5592       0  CODE    
                text11                         00AB64  000042  00ABA6      55B2       0  CODE    
                text76                         00ABA6  000044  00ABEA      55D3       0  CODE    
                text57                         00ABEA  000044  00AC2E      55F5       0  CODE    
                text37                         00AC2E  000044  00AC72      5617       0  CODE    
                text27                         00AC72  000044  00ACB6      5639       0  CODE    
                text71                         00ACB6  000046  00ACFC      565B       0  CODE    
                text47                         00ACFC  000046  00AD42      567E       0  CODE    
                text118                        00AD42  00004A  00AD8C      56A1       0  CODE    
                text28                         00AD8C  00004C  00ADD8      56C6       0  CODE    
                text126                        00ADD8  000052  00AE2A      56EC       0  CODE    
                text80                         00AE2A  000052  00AE7C      5715       0  CODE    
                text43                         00AE7C  000056  00AED2      573E       0  CODE    
                text73                         00AED2  000058  00AF2A      5769       0  CODE    
                text42                         00AF2A  00005A  00AF84      5795       0  CODE    
                text82                         00AF84  00005C  00AFE0      57C2       0  CODE    
                text38                         00AFE0  000066  00B046      57F0       0  CODE    
                text86                         00B046  000068  00B0AE      5823       0  CODE    
                text69                         00B0AE  00006A  00B118      5857       0  CODE    
                text62                         00B118  00006A  00B182      588C       0  CODE    
                text18                         00B182  00006A  00B1EC      58C1       0  CODE    
                text9                          00B1EC  00006A  00B256      58F6       0  CODE    
                text85                         00B256  000070  00B2C6      592B       0  CODE    
                text56                         00B2C6  000070  00B336      5963       0  CODE    
                text54                         00B336  000072  00B3A8      599B       0  CODE    
                text16                         00B3A8  000076  00B41E      59D4       0  CODE    
                text83                         00B41E  00007A  00B498      5A0F       0  CODE    
                text96                         00B498  00007C  00B514      5A4C       0  CODE    
                text124                        00B514  00007E  00B592      5A8A       0  CODE    
                text32                         00B592  000088  00B61A      5AC9       0  CODE    
                text77                         00B61A  000090  00B6AA      5B0D       0  CODE    
                text97                         00B6AA  00009E  00B748      5B55       0  CODE    
                text67                         00B748  00009E  00B7E6      5BA4       0  CODE    
                text95                         00B7E6  0000A2  00B888      5BF3       0  CODE    
                text63                         00B888  0000A2  00B92A      5C44       0  CODE    
                text33                         00B92A  0000A4  00B9CE      5C95       0  CODE    
                text3                          00B9CE  0000A4  00BA72      5CE7       0  CODE    
                text52                         00BA72  0000AA  00BB1C      5D39       0  CODE    
                text23                         00BB1C  0000AA  00BBC6      5D8E       0  CODE    
                text2                          00BBC6  0000B0  00BC76      5DE3       0  CODE    
                text34                         00BC76  0000BE  00BD34      5E3B       0  CODE    
                text40                         00BD34  0000C4  00BDF8      5E9A       0  CODE    
                text58                         00BDF8  0000C8  00BEC0      5EFC       0  CODE    
                text45                         00BEC0  0000FE  00BFBE      5F60       0  CODE    
                text51                         00BFBE  000104  00C0C2      5FDF       0  CODE    
                text46                         00C0C2  000106  00C1C8      6061       0  CODE    
                text64                         00C1C8  000110  00C2D8      60E4       0  CODE    
                text31                         00C2D8  00011A  00C3F2      616C       0  CODE    
                text98                         00C3F2  000122  00C514      61F9       0  CODE    
                text30                         00C514  000124  00C638      628A       0  CODE    
                text60                         00C638  00013C  00C774      631C       0  CODE    
                text15                         00C774  0001B4  00C928      63BA       0  CODE    
                text13                         00C928  0001F2  00CB1A      6494       0  CODE    
                text26                         00CB1A  0001FE  00CD18      658D       0  CODE    
                text44                         00CD18  000212  00CF2A      668C       0  CODE    
                text61                         00CF2A  00022C  00D156      6795       0  CODE    
                text0                          00D156  0002A8  00D3FE      68AB       0  CODE    
                text14                         00D3FE  0002B8  00D6B6      69FF       0  CODE    
                text7                          00D6B6  0002F0  00D9A6      6B5B       0  CODE    
                text53                         00D9A6  00039A  00DD40      6CD3       0  CODE    
                text59                         00DD40  0003DA  00E11A      6EA0       0  CODE    
                text50                         00E11A  00044E  00E568      708D       0  CODE    
                text29                         00E568  000450  00E9B8      72B4       0  CODE    
                text48                         00E9B8  0004C0  00EE78      74DC       0  CODE    
                text66                         00EE78  00058C  00F404      773C       0  CODE    
                text36                         00F404  0009F2  00FDF6      7A02       0  CODE    
                mediumconst                    00FDF6  000206  00FFFC      7EFB       0  MEDIUMCO
                init                           00FFFC  000004  010000      7FFE       0  CODE    


UNUSED ADDRESS RANGES

        Name                Unused          Largest block    Delta
        BANK0            0000ED-0000FF               13
        BANK10           000A00-000AFF              100
        BANK11           000B00-000BFF              100
        BANK12           000C00-000CFF              100
        BANK13           000D00-000DFF              100
        BANK14           000E00-000EFF              100
        BANK15           000F00-000FFF              100
        BANK2            000225-0002FF               DB
        BANK3            0003AC-0003FF               54
        BANK4            0004EC-0004FF               14
        BANK5            000500-0005FF              100
        BANK6            000600-0006FF              100
        BANK7            000700-0007FF              100
        BANK8            000800-0008FF              100
        BANK9            000900-0009FF              100
        BIGRAM           00005F-00005F                1
                         0000ED-0000FF               13
                         000225-0002FF               DB
                         0003AC-0003FF               54
                         0004EC-000FFF              B14
        BIGSFR           003800-003FFF              800
        CODE             000004-00A50F             A50C
        COMRAM           00005F-00005F                1
        CONST            000004-00A50F             A50C
        EEDATA           310000-3103FF              400
        IDLOC            200000-20000F               10
        MEDIUMCONST      001000-00A50F             9510
        RAM              0000ED-0000FF               13
                         000225-0002FF               DB
                         0003AC-0003FF               54
                         0004EC-000FFF              100
        SFR              003800-003FFF              100
        SMALLCONST       001000-00A50F              100

                                  Symbol Table

?___fladd                                     cstackCOMRAM 000001
?___fldiv                                     cstackCOMRAM 00000F
?___flmul                                     cstackCOMRAM 000001
?___flneg                                     cstackCOMRAM 000001
?___flsub                                     cstackCOMRAM 00001A
?___fltol                                     cstackCOMRAM 000001
?___fpclassifyf                               cstackCOMRAM 000001
?___lldiv                                     cstackCOMRAM 000001
?___llmod                                     cstackCOMRAM 000001
?___lmul                                      cstackCOMRAM 000001
?___omul                                      cstackCOMRAM 000001
?___strtoxll                                  cstackCOMRAM 000019
?___wmul                                      cstackCOMRAM 000001
?___xxtofl                                    cstackCOMRAM 000001
?_atou                                        cstackCOMRAM 000049
?_fgetc                                       cstackCOMRAM 000003
?_floorf                                      cstackCOMRAM 000028
?_getch                                       cstackCOMRAM 000001
?_labs                                        cstackCOMRAM 000001
?_read_prec_or_width                          cstackCOMRAM 000007
?_sprintf                                     cstackBANK0  000093
?_sscanf                                      cstackBANK0  000079
?_strncmp                                     cstackCOMRAM 000001
?_vfprintf                                    cstackBANK0  00008F
?_vfscanf                                     cstackBANK0  00006F
?_vfsfcnvrt                                   cstackCOMRAM 00005B
EEPROM_ReadBlock@data                         cstackCOMRAM 000023
EEPROM_ReadBlock@deviceAddress                cstackCOMRAM 000027
EEPROM_ReadBlock@i                            cstackCOMRAM 000028
EEPROM_ReadBlock@memoryAddress                cstackCOMRAM 000021
EEPROM_ReadBlock@size                         cstackCOMRAM 000025
EEPROM_ReadByte@addressBuffer                 cstackCOMRAM 00001D
EEPROM_ReadByte@data                          cstackCOMRAM 000020
EEPROM_ReadByte@deviceAddress                 cstackCOMRAM 00001F
EEPROM_ReadByte@memoryAddress                 cstackCOMRAM 00001B
EEPROM_WriteBlock@data                        cstackCOMRAM 000025
EEPROM_WriteBlock@deviceAddress               cstackCOMRAM 000028
EEPROM_WriteBlock@i                           cstackCOMRAM 000029
EEPROM_WriteBlock@memoryAddress               cstackCOMRAM 000023
EEPROM_WriteBlock@size                        cstackCOMRAM 000027
EEPROM_WriteByte@buffer                       cstackCOMRAM 000020
EEPROM_WriteByte@data                         cstackCOMRAM 00001D
EEPROM_WriteByte@deviceAddress                cstackCOMRAM 00001F
EEPROM_WriteByte@memoryAddress                cstackCOMRAM 00001B
I2C1_CallbackReturnReset@funPtr               cstackCOMRAM 00000A
I2C1_Close@returnValue                        cstackCOMRAM 000001
I2C1_DO_RX@retFsmState                        cstackCOMRAM 000011
I2C1_DO_TX@dataTx                             cstackCOMRAM 00000F
I2C1_DO_TX@retFsmState                        cstackCOMRAM 000010
I2C1_MasterOperation@read                     cstackCOMRAM 000015
I2C1_MasterOperation@returnValue              cstackCOMRAM 000016
I2C1_MasterSendTxData@data                    cstackCOMRAM 000001
I2C1_MasterSetCounter@counter                 cstackCOMRAM 000001
I2C1_Open@address                             cstackCOMRAM 000001
I2C1_Open@returnValue                         cstackCOMRAM 000002
I2C1_ReadDataBlock@address                    cstackCOMRAM 00001B
I2C1_ReadDataBlock@bufferBlock                cstackCOMRAM 00001C
I2C1_ReadDataBlock@data                       cstackCOMRAM 000018
I2C1_ReadDataBlock@len                        cstackCOMRAM 000019
I2C1_ReadDataBlock@reg                        cstackCOMRAM 000017
I2C1_ReadNBytes@address                       cstackCOMRAM 00001A
I2C1_ReadNBytes@data                          cstackCOMRAM 000017
I2C1_ReadNBytes@len                           cstackCOMRAM 000018
I2C1_SetAddressNackCallback@cb                cstackCOMRAM 000006
I2C1_SetAddressNackCallback@ptr               cstackCOMRAM 000008
I2C1_SetBuffer@buffer                         cstackCOMRAM 000001
I2C1_SetBuffer@bufferSize                     cstackCOMRAM 000003
I2C1_SetCallback@cb                           cstackCOMRAM 000001
I2C1_SetCallback@idx                          cstackCOMRAM 000005
I2C1_SetCallback@ptr                          cstackCOMRAM 000003
I2C1_SetDataCompleteCallback@cb               cstackCOMRAM 000006
I2C1_SetDataCompleteCallback@ptr              cstackCOMRAM 000008
I2C1_Write1ByteRegister@address               cstackCOMRAM 000019
I2C1_Write1ByteRegister@data                  cstackCOMRAM 000018
I2C1_Write1ByteRegister@reg                   cstackCOMRAM 000017
I2C1_WriteNBytes@address                      cstackCOMRAM 00001A
I2C1_WriteNBytes@data                         cstackCOMRAM 000017
I2C1_WriteNBytes@len                          cstackCOMRAM 000018
LoadCurrentAddressEEPROM@addressBuffer        cstackCOMRAM 00002B
MPU6050_ReadSensorData@ax                     cstackCOMRAM 000028
MPU6050_ReadSensorData@ax_raw                 cstackCOMRAM 00003C
MPU6050_ReadSensorData@ay                     cstackCOMRAM 000029
MPU6050_ReadSensorData@ay_raw                 cstackCOMRAM 00003E
MPU6050_ReadSensorData@az                     cstackCOMRAM 00002A
MPU6050_ReadSensorData@az_raw                 cstackCOMRAM 000040
MPU6050_ReadSensorData@buffer                 cstackCOMRAM 000030
MPU6050_ReadSensorData@gx                     cstackCOMRAM 00002B
MPU6050_ReadSensorData@gx_raw                 cstackCOMRAM 000042
MPU6050_ReadSensorData@gy                     cstackCOMRAM 00002C
MPU6050_ReadSensorData@gy_raw                 cstackCOMRAM 000044
MPU6050_ReadSensorData@gz                     cstackCOMRAM 00002D
MPU6050_ReadSensorData@gz_raw                 cstackCOMRAM 000046
ParseUserInput@Ndat                           cstackBANK0  000091
ParseUserInput@Tm                             cstackBANK0  000090
ParseUserInput@input                          cstackBANK0  00008E
ReadAndSendEEPROMData@Ndat                    cstackBANK0  0000AF
ReadAndSendEEPROMData@ax_read                 cstackBANK1  0001E4
ReadAndSendEEPROMData@ay_read                 cstackBANK1  0001E8
ReadAndSendEEPROMData@az_read                 cstackBANK1  0001EC
ReadAndSendEEPROMData@buffer                  cstackBANK1  000100
ReadAndSendEEPROMData@eepromReadBuffer        cstackBANK1  0001C8
ReadAndSendEEPROMData@gx_read                 cstackBANK1  0001F0
ReadAndSendEEPROMData@gy_read                 cstackBANK1  0001F4
ReadAndSendEEPROMData@gz_read                 cstackBANK1  0001F8
ReadAndSendEEPROMData@i                       cstackBANK1  0001E0
ReadAndSendEEPROMData@readBlockEEPROM1        cstackBANK1  0001FC
ReadAndSendEEPROMData@readBlockEEPROM2        cstackBANK1  0001FE
ReadAndSendEEPROMData@startAddressEEPROM1     cstackBANK0  0000B3
ReadAndSendEEPROMData@startAddressEEPROM2     cstackBANK0  0000B5
ReadAndSendEEPROMDataCSV@Ndat                 cstackBANK0  0000AF
ReadAndSendEEPROMDataCSV@ax_read              cstackBANK1  0001E4
ReadAndSendEEPROMDataCSV@ay_read              cstackBANK1  0001E8
ReadAndSendEEPROMDataCSV@az_read              cstackBANK1  0001EC
ReadAndSendEEPROMDataCSV@buffer               cstackBANK1  000100
ReadAndSendEEPROMDataCSV@eepromReadBuffer     cstackBANK1  0001C8
ReadAndSendEEPROMDataCSV@gx_read              cstackBANK1  0001F0
ReadAndSendEEPROMDataCSV@gy_read              cstackBANK1  0001F4
ReadAndSendEEPROMDataCSV@gz_read              cstackBANK1  0001F8
ReadAndSendEEPROMDataCSV@i                    cstackBANK1  0001E0
ReadAndSendEEPROMDataCSV@readBlockEEPROM1     cstackBANK1  0001FC
ReadAndSendEEPROMDataCSV@readBlockEEPROM2     cstackBANK1  0001FE
ReadAndSendEEPROMDataCSV@startAddressEEPROM1  cstackBANK0  0000B3
ReadAndSendEEPROMDataCSV@startAddressEEPROM2  cstackBANK0  0000B5
StartLogging@loggedDataCount                  cstackBANK2  000210
StartLogging@startReadAddressEEPROM1          cstackBANK2  000200
StartLogging@startReadAddressEEPROM2          cstackBANK2  000204
StoreCurrentAddressEEPROM@addressBuffer       cstackCOMRAM 00002A
UART1_SetErrorHandler@interruptHandler        cstackCOMRAM 000001
UART1_SetFramingErrorHandler@interruptHandler cstackCOMRAM 000001
UART1_SetOverrunErrorHandler@interruptHandler cstackCOMRAM 000001
UART1_Write@txData                            cstackCOMRAM 000001
UART_ReceiveString@data                       cstackCOMRAM 000009
UART_ReceiveString@index                      cstackCOMRAM 00000A
UART_ReceiveString@maxLength                  cstackCOMRAM 000003
UART_ReceiveString@receivedString             cstackCOMRAM 000001
UART_SendString@str                           cstackCOMRAM 000002
_ANSELA                                       (abs)        003A40
_ANSELB                                       (abs)        003A50
_ANSELC                                       (abs)        003A60
_ANSELD                                       (abs)        003A70
_ANSELE                                       (abs)        003A80
_EEPROM_ReadBlock                             text71       00ACB6
_EEPROM_ReadByte                              text72       00AA04
_EEPROM_WriteBlock                            text11       00AB64
_EEPROM_WriteByte                             text12       00A9D4
_I2C1CLK                                      (abs)        003D7B
_I2C1CNT                                      (abs)        003D6C
_I2C1CON0                                     (abs)        003D73
_I2C1CON0bits                                 (abs)        003D73
_I2C1CON1                                     (abs)        003D74
_I2C1CON1bits                                 (abs)        003D74
_I2C1CON2                                     (abs)        003D75
_I2C1ERR                                      (abs)        003D76
_I2C1ERRbits                                  (abs)        003D76
_I2C1PIE                                      (abs)        003D7A
_I2C1PIEbits                                  (abs)        003D7A
_I2C1PIR                                      (abs)        003D79
_I2C1PIRbits                                  (abs)        003D79
_I2C1RXB                                      (abs)        003D6A
_I2C1SCLPPS                                   (abs)        003AE1
_I2C1SDAPPS                                   (abs)        003AE2
_I2C1STAT1bits                                (abs)        003D78
_I2C1TXB                                      (abs)        003D6B
_I2C1_CallbackReturnReset                     text116      00A51A
_I2C1_CallbackReturnStop                      text117      00A516
_I2C1_ClearInterruptFlags                     text126      00ADD8
_I2C1_Close                                   text133      00A870
_I2C1_DO_ADDRESS_NACK                         text86       00B046
_I2C1_DO_BUS_COLLISION                        text85       00B256
_I2C1_DO_BUS_ERROR                            text84       00A622
_I2C1_DO_IDLE                                 text101      00A5EA
_I2C1_DO_RESET                                text87       00A612
_I2C1_DO_RX                                   text97       00B6AA
_I2C1_DO_RX_ACK                               text90       00A578
_I2C1_DO_RX_EMPTY                             text95       00B7E6
_I2C1_DO_RX_NACK_RESTART                      text88       00A580
_I2C1_DO_RX_NACK_STOP                         text89       00A604
_I2C1_DO_SEND_ADR_READ                        text100      00A978
_I2C1_DO_SEND_ADR_WRITE                       text99       00A6C6
_I2C1_DO_SEND_RESTART                         text92       00A522
_I2C1_DO_SEND_RESTART_READ                    text94       00A5F6
_I2C1_DO_SEND_RESTART_WRITE                   text93       00A51E
_I2C1_DO_SEND_STOP                            text91       00A81E
_I2C1_DO_TX                                   text98       00C3F2
_I2C1_DO_TX$1073                              cstackCOMRAM 000011
_I2C1_DO_TX_ACK                               text102      00A570
_I2C1_DO_TX_EMPTY                             text96       00B498
_I2C1_Initialize                              text25       00A790
_I2C1_MasterClearCountFlag                    text132      00A526
_I2C1_MasterClearIrq                          text136      00A568
_I2C1_MasterClearNackFlag                     text131      00A52C
_I2C1_MasterClearStopFlag                     text130      00A532
_I2C1_MasterClose                             text135      00A5DE
_I2C1_MasterDisableIrq                        text134      00A754
_I2C1_MasterDisableRestart                    text114      00A538
_I2C1_MasterEnableRestart                     text113      00A53E
_I2C1_MasterFsm                               text83       00B41E
_I2C1_MasterGetCounter                        text105      00A55C
_I2C1_MasterGetRxData                         text110      00A544
_I2C1_MasterIsCountFlagSet                    text129      00A642
_I2C1_MasterIsNack                            text104      00A69A
_I2C1_MasterIsNackFlagSet                     text128      00A658
_I2C1_MasterIsRxBufFull                       text109      00A684
_I2C1_MasterIsStopFlagSet                     text127      00A66E
_I2C1_MasterIsTxBufEmpty                      text103      00A6B0
_I2C1_MasterOpen                              text78       00A9A6
_I2C1_MasterOperation                         text80       00AE2A
_I2C1_MasterRead                              text79       00A588
_I2C1_MasterResetBus                          text115      00A598
_I2C1_MasterSendAck                           text108      00A54A
_I2C1_MasterSendNack                          text107      00A550
_I2C1_MasterSendTxData                        text111      00A5AC
_I2C1_MasterSetCounter                        text112      00A5A2
_I2C1_MasterStop                              text106      00A556
_I2C1_MasterWaitForEvent                      text82       00AF84
_I2C1_MasterWrite                             text75       00A590
_I2C1_Open                                    text77       00B61A
_I2C1_Poller                                  text81       00A772
_I2C1_ReadDataBlock                           text16       00B3A8
_I2C1_ReadNBytes                              text76       00ABA6
_I2C1_SetAddressNackCallback                  text74       00A70A
_I2C1_SetBuffer                               text125      00A7B2
_I2C1_SetCallback                             text124      00B514
_I2C1_SetDataCompleteCallback                 text123      00A6F2
_I2C1_Status                                  bssBANK3     000300
_I2C1_Write1ByteRegister                      text69       00B0AE
_I2C1_WriteNBytes                             text73       00AED2
_INLVLA                                       (abs)        003A44
_INLVLB                                       (abs)        003A54
_INLVLC                                       (abs)        003A64
_INLVLD                                       (abs)        003A74
_INLVLE                                       (abs)        003A84
_LATA                                         (abs)        003FBA
_LATB                                         (abs)        003FBB
_LATC                                         (abs)        003FBC
_LATD                                         (abs)        003FBD
_LATE                                         (abs)        003FBE
_LoadCurrentAddressEEPROM                     text70       00AA72
_MPU6050_Init                                 text68       00A632
_MPU6050_ReadSensorData                       text14       00D3FE
_Ndat                                         bssBANK0     0000E9
_ODCONA                                       (abs)        003A42
_ODCONB                                       (abs)        003A52
_ODCONC                                       (abs)        003A62
_ODCOND                                       (abs)        003A72
_ODCONE                                       (abs)        003A82
_OSCCON1                                      (abs)        0039D9
_OSCCON3                                      (abs)        0039DB
_OSCEN                                        (abs)        0039DD
_OSCFRQ                                       (abs)        0039DF
_OSCILLATOR_Initialize                        text24       00A722
_OSCTUNE                                      (abs)        0039DE
_PIE2bits                                     (abs)        003992
_PIE3bits                                     (abs)        003993
_PIN_MANAGER_Initialize                       text23       00BB1C
_PIR2bits                                     (abs)        0039A2
_PIR3bits                                     (abs)        0039A3
_PMD0                                         (abs)        0039C0
_PMD1                                         (abs)        0039C1
_PMD2                                         (abs)        0039C2
_PMD3                                         (abs)        0039C3
_PMD4                                         (abs)        0039C4
_PMD5                                         (abs)        0039C5
_PMD6                                         (abs)        0039C6
_PMD7                                         (abs)        0039C7
_PMD_Initialize                               text22       00A7D6
_ParseUserInput                               text56       00B2C6
_RB1I2C                                       (abs)        003A5A
_RB1PPS                                       (abs)        003A09
_RB2I2C                                       (abs)        003A5B
_RB2PPS                                       (abs)        003A0A
_RC3I2C                                       (abs)        003A6A
_RC4I2C                                       (abs)        003A6B
_RC6PPS                                       (abs)        003A16
_RD0I2C                                       (abs)        003A7A
_RD1I2C                                       (abs)        003A7B
_ReadAndSendEEPROMData                        text13       00C928
_ReadAndSendEEPROMDataCSV                     text26       00CB1A
_SLRCONA                                      (abs)        003A43
_SLRCONB                                      (abs)        003A53
_SLRCONC                                      (abs)        003A63
_SLRCOND                                      (abs)        003A73
_SLRCONE                                      (abs)        003A83
_SYSTEM_Initialize                            text17       00A6DC
_StartLogging                                 text7        00D6B6
_StartLogging$1474                            cstackBANK2  000208
_StartLogging$1476                            cstackBANK2  00020C
_StoreCurrentAddressEEPROM                    text10       00A7FA
_TRISA                                        (abs)        003FC2
_TRISB                                        (abs)        003FC3
_TRISC                                        (abs)        003FC4
_TRISD                                        (abs)        003FC5
_TRISE                                        (abs)        003FC6
_Tm                                           bssBANK0     0000E5
_U1BRGH                                       (abs)        003DF6
_U1BRGL                                       (abs)        003DF5
_U1CON0                                       (abs)        003DF2
_U1CON0bits                                   (abs)        003DF2
_U1CON1                                       (abs)        003DF3
_U1CON2                                       (abs)        003DF4
_U1ERRIE                                      (abs)        003DFA
_U1ERRIR                                      (abs)        003DF9
_U1ERRIRbits                                  (abs)        003DF9
_U1FIFO                                       (abs)        003DF7
_U1P1H                                        (abs)        003DED
_U1P1L                                        (abs)        003DEC
_U1P2H                                        (abs)        003DEF
_U1P2L                                        (abs)        003DEE
_U1P3H                                        (abs)        003DF1
_U1P3L                                        (abs)        003DF0
_U1RXB                                        (abs)        003DE8
_U1RXPPS                                      (abs)        003AE5
_U1TXB                                        (abs)        003DEA
_U1UIR                                        (abs)        003DF8
_UART1_DefaultErrorHandler                    text6        00A510
_UART1_DefaultFramingErrorHandler             text5        00A512
_UART1_DefaultOverrunErrorHandler             text4        00A514
_UART1_ErrorHandler                           nvBANK2      00021F
_UART1_FramingErrorHandler                    nvBANK2      000223
_UART1_Initialize                             text18       00B182
_UART1_OverrunErrorHandler                    nvBANK2      000221
_UART1_Read                                   text3        00B9CE
_UART1_SetErrorHandler                        text21       00A5C0
_UART1_SetFramingErrorHandler                 text20       00A5CA
_UART1_SetOverrunErrorHandler                 text19       00A5D4
_UART1_Write                                  text55       00A73A
_UART_ReceiveString                           text2        00BBC6
_UART_SendString                              text54       00B336
_WPUA                                         (abs)        003A41
_WPUB                                         (abs)        003A51
_WPUC                                         (abs)        003A61
_WPUD                                         (abs)        003A71
_WPUE                                         (abs)        003A81
__HRAM                                        (abs)        000000
__H__absolute__                               __absolute__ 000000
__Habs1                                       abs1         000000
__Hbank0                                      bank0        000000
__Hbank1                                      bank1        000000
__Hbank10                                     bank10       000000
__Hbank11                                     bank11       000000
__Hbank12                                     bank12       000000
__Hbank13                                     bank13       000000
__Hbank14                                     bank14       000000
__Hbank15                                     bank15       000000
__Hbank2                                      bank2        000000
__Hbank3                                      bank3        000000
__Hbank4                                      bank4        000000
__Hbank5                                      bank5        000000
__Hbank6                                      bank6        000000
__Hbank7                                      bank7        000000
__Hbank8                                      bank8        000000
__Hbank9                                      bank9        000000
__Hbigbss                                     bigbss       000000
__Hbigdata                                    bigdata      000000
__Hbigram                                     bigram       000000
__Hbigsfr                                     bigsfr       000000
__Hbss                                        bss          000000
__HbssBANK0                                   bssBANK0     000000
__HbssBANK2                                   bssBANK2     000000
__HbssBANK3                                   bssBANK3     000000
__HbssCOMRAM                                  bssCOMRAM    000000
__Hcinit                                      cinit        000000
__Hclrtext                                    clrtext      000000
__Hcomram                                     comram       000000
__Hconfig                                     config       30000A
__Hconst                                      const        000000
__HcstackBANK0                                cstackBANK0  000000
__HcstackBANK1                                cstackBANK1  000000
__HcstackBANK2                                cstackBANK2  000000
__HcstackBANK4                                cstackBANK4  000000
__HcstackCOMRAM                               cstackCOMRAM 000000
__Hdata                                       data         000000
__Heeprom_data                                eeprom_data  000000
__Hfarbss                                     farbss       000000
__Hfardata                                    fardata      000000
__Hheap                                       heap         000000
__Hibigdata                                   ibigdata     000000
__Hidata                                      idata        000000
__Hidloc                                      idloc        000000
__Hifardata                                   ifardata     000000
__Hinit                                       init         010000
__Hintsave_regs                               intsave_regs 000000
__Hirdata                                     irdata       000000
__Hmediumconst                                mediumconst  00FFFC
__HnvBANK2                                    nvBANK2      000000
__HnvFARRAM                                   nvFARRAM     000000
__Hnvbit                                      nvbit        000000
__Hnvrram                                     nvrram       000000
__Hparam                                      rparam       000000
__Hpowerup                                    powerup      000000
__Hram                                        ram          000000
__Hramtop                                     ramtop       001000
__Hrbit                                       rbit         000000
__Hrbss                                       rbss         000000
__Hrdata                                      rdata        000000
__Hreset_vec                                  reset_vec    000004
__Hrparam                                     rparam       000000
__Hsfr                                        sfr          000000
__Hsmallconst                                 smallconst   000000
__Hspace_0                                    (abs)        010000
__Hspace_1                                    (abs)        0004EC
__Hspace_2                                    (abs)        000000
__Hspace_4                                    (abs)        60000A
__Hstack                                      stack        000000
__Hstruct                                     struct       000000
__Htemp                                       temp         000000
__Htext                                       text         000000
__Htext0                                      text0        000000
__Htext1                                      text1        000000
__Htext10                                     text10       000000
__Htext100                                    text100      000000
__Htext101                                    text101      000000
__Htext102                                    text102      000000
__Htext103                                    text103      000000
__Htext104                                    text104      000000
__Htext105                                    text105      000000
__Htext106                                    text106      000000
__Htext107                                    text107      000000
__Htext108                                    text108      000000
__Htext109                                    text109      000000
__Htext11                                     text11       000000
__Htext110                                    text110      000000
__Htext111                                    text111      000000
__Htext112                                    text112      000000
__Htext113                                    text113      000000
__Htext114                                    text114      000000
__Htext115                                    text115      000000
__Htext116                                    text116      000000
__Htext117                                    text117      000000
__Htext118                                    text118      000000
__Htext119                                    text119      000000
__Htext12                                     text12       000000
__Htext120                                    text120      000000
__Htext121                                    text121      000000
__Htext122                                    text122      000000
__Htext123                                    text123      000000
__Htext124                                    text124      000000
__Htext125                                    text125      000000
__Htext126                                    text126      000000
__Htext127                                    text127      000000
__Htext128                                    text128      000000
__Htext129                                    text129      000000
__Htext13                                     text13       000000
__Htext130                                    text130      000000
__Htext131                                    text131      000000
__Htext132                                    text132      000000
__Htext133                                    text133      000000
__Htext134                                    text134      000000
__Htext135                                    text135      000000
__Htext136                                    text136      000000
__Htext137                                    text137      000000
__Htext14                                     text14       000000
__Htext15                                     text15       000000
__Htext16                                     text16       000000
__Htext17                                     text17       000000
__Htext18                                     text18       000000
__Htext19                                     text19       000000
__Htext2                                      text2        000000
__Htext20                                     text20       000000
__Htext21                                     text21       000000
__Htext22                                     text22       000000
__Htext23                                     text23       000000
__Htext24                                     text24       000000
__Htext25                                     text25       000000
__Htext26                                     text26       000000
__Htext27                                     text27       000000
__Htext28                                     text28       000000
__Htext29                                     text29       000000
__Htext3                                      text3        000000
__Htext30                                     text30       000000
__Htext31                                     text31       000000
__Htext32                                     text32       000000
__Htext33                                     text33       000000
__Htext34                                     text34       000000
__Htext35                                     text35       000000
__Htext36                                     text36       000000
__Htext37                                     text37       000000
__Htext38                                     text38       000000
__Htext39                                     text39       000000
__Htext4                                      text4        000000
__Htext40                                     text40       000000
__Htext41                                     text41       000000
__Htext42                                     text42       000000
__Htext43                                     text43       000000
__Htext44                                     text44       000000
__Htext45                                     text45       000000
__Htext46                                     text46       000000
__Htext47                                     text47       000000
__Htext48                                     text48       000000
__Htext49                                     text49       000000
__Htext5                                      text5        000000
__Htext50                                     text50       000000
__Htext51                                     text51       000000
__Htext52                                     text52       000000
__Htext53                                     text53       000000
__Htext54                                     text54       000000
__Htext55                                     text55       000000
__Htext56                                     text56       000000
__Htext57                                     text57       000000
__Htext58                                     text58       000000
__Htext59                                     text59       000000
__Htext6                                      text6        000000
__Htext60                                     text60       000000
__Htext61                                     text61       000000
__Htext62                                     text62       000000
__Htext63                                     text63       000000
__Htext64                                     text64       000000
__Htext65                                     text65       000000
__Htext66                                     text66       000000
__Htext67                                     text67       000000
[...]
efgtoa@ou                                     cstackBANK0  000073
efgtoa@p                                      cstackBANK0  000062
efgtoa@pp                                     cstackBANK0  000068
efgtoa@sign                                   cstackBANK0  000081
efgtoa@t                                      cstackBANK0  000064
efgtoa@u                                      cstackBANK0  000088
efgtoa@w                                      cstackBANK0  000071
end_of_initialization                         cinit        00A972
fgetc@c                                       cstackCOMRAM 00000A
fgetc@fp                                      cstackCOMRAM 000003
floorf@F521                                   bssBANK2     000214
floorf@e                                      cstackCOMRAM 000036
floorf@m                                      cstackCOMRAM 000032
floorf@u                                      cstackCOMRAM 000038
floorf@x                                      cstackCOMRAM 000028
fputc@c                                       cstackCOMRAM 000003
fputc@fp                                      cstackCOMRAM 000005
fputs@c                                       cstackCOMRAM 00000E
fputs@fp                                      cstackCOMRAM 00000D
fputs@i                                       cstackCOMRAM 00000F
fputs@s                                       cstackCOMRAM 00000B
intlevel0                                     text         000000
intlevel1                                     text         000000
intlevel2                                     text         000000
intlevel3                                     text         000000
isa$std                                       (abs)        000001
isa$xinst                                     (abs)        000000
labs@a                                        cstackCOMRAM 000001
main@buffer                                   cstackBANK4  000400
main@startReadAddressEEPROM1                  cstackBANK4  0004DC
main@startReadAddressEEPROM2                  cstackBANK4  0004E0
main@userInput                                cstackBANK4  0004C8
memcpy@d                                      cstackCOMRAM 000008
memcpy@d1                                     cstackCOMRAM 000001
memcpy@n                                      cstackCOMRAM 000005
memcpy@s                                      cstackCOMRAM 00000A
memcpy@s1                                     cstackCOMRAM 000003
memcpy@tmp                                    cstackCOMRAM 000007
memset@c                                      cstackCOMRAM 000003
memset@dest                                   cstackCOMRAM 000001
memset@n                                      cstackCOMRAM 000005
memset@p                                      cstackCOMRAM 000007
pad@buf                                       cstackCOMRAM 000012
pad@fp                                        cstackCOMRAM 000011
pad@i                                         cstackCOMRAM 000017
pad@p                                         cstackCOMRAM 000014
putch@txData                                  cstackCOMRAM 000002
rd1RegCompleteHandler@ptr                     cstackCOMRAM 00000A
rd2RegCompleteHandler@ptr                     cstackCOMRAM 00000A
rdBlkRegCompleteHandler@ptr                   cstackCOMRAM 00000A
read_prec_or_width@ap                         cstackCOMRAM 000008
read_prec_or_width@c                          cstackCOMRAM 000009
read_prec_or_width@fmt                        cstackCOMRAM 000007
read_prec_or_width@n                          cstackCOMRAM 00000A
skipws@c                                      cstackCOMRAM 00000E
skipws@fp                                     cstackCOMRAM 00000C
sprintf@ap                                    cstackCOMRAM 00004F
sprintf@f                                     cstackCOMRAM 000050
sprintf@fmt                                   cstackBANK0  000095
sprintf@s                                     cstackBANK0  000093
sscanf@ap                                     cstackBANK0  000081
sscanf@f                                      cstackBANK0  000082
sscanf@fmt                                    cstackBANK0  00007B
sscanf@ret                                    cstackBANK0  00007F
sscanf@s                                      cstackBANK0  000079
stackhi                                       (abs)        000000
stacklo                                       (abs)        000000
start                                         init         00FFFC
start_initialization                          cinit        00A94C
strcpy@d                                      cstackCOMRAM 000005
strcpy@dest                                   cstackCOMRAM 000001
strcpy@src                                    cstackCOMRAM 000003
strncmp@l                                     cstackCOMRAM 000001
strncmp@n                                     cstackCOMRAM 000005
strncmp@r                                     cstackCOMRAM 000003
ungetc@c                                      cstackCOMRAM 000001
ungetc@fp                                     cstackCOMRAM 000003
utoa@d                                        cstackCOMRAM 00001A
utoa@fp                                       cstackCOMRAM 000019
utoa@i                                        cstackCOMRAM 000022
utoa@p                                        cstackCOMRAM 000020
utoa@w                                        cstackCOMRAM 00001E
vfpfcnvrt@ap                                  cstackBANK0  00008E
vfpfcnvrt@c                                   cstackCOMRAM 00004A
vfpfcnvrt@convarg                             cstackCOMRAM 000046
vfpfcnvrt@cp                                  cstackCOMRAM 00004B
vfpfcnvrt@fmt                                 cstackBANK0  00008D
vfpfcnvrt@fp                                  cstackBANK0  00008C
vfprintf@ap                                   cstackBANK0  000092
vfprintf@cfmt                                 cstackCOMRAM 00004D
vfprintf@fmt                                  cstackBANK0  000090
vfprintf@fp                                   cstackBANK0  00008F
vfscanf@ap                                    cstackBANK0  000072
vfscanf@cfmt                                  cstackBANK0  000077
vfscanf@fmt                                   cstackBANK0  000070
vfscanf@fp                                    cstackBANK0  00006F
vfscanf@n                                     cstackBANK0  000075
vfscanf@saved_errno                           cstackBANK0  000073
vfsfcnvrt@ap                                  cstackCOMRAM 00005D
vfsfcnvrt@c                                   cstackBANK0  00006D
vfsfcnvrt@fmt                                 cstackCOMRAM 00005C
vfsfcnvrt@fp                                  cstackCOMRAM 00005B
vfsfcnvrt@i                                   cstackBANK0  00006B
vfsfcnvrt@llu                                 cstackBANK0  000063
vfsfcnvrt@vp                                  cstackBANK0  000062
wr1RegCompleteHandler@ptr                     cstackCOMRAM 00000A
wr2RegCompleteHandler@ptr                     cstackCOMRAM 00000A
xtoa@c                                        cstackCOMRAM 000026
xtoa@d                                        cstackCOMRAM 00001A
xtoa@fp                                       cstackCOMRAM 000019
xtoa@i                                        cstackCOMRAM 000027
xtoa@p                                        cstackCOMRAM 000024
xtoa@w                                        cstackCOMRAM 000022


MODULE INFORMATION

Module		Function		Class		Link	Load	Size
C:\Program Files\Microchip\xc8\v2.45\pic\sources\c99\common\Umul64.c
		___omul        		CODE           	B748	0000	158

C:\Program Files\Microchip\xc8\v2.45\pic\sources\c99\common\Umul64.c estimated size: 158

C:\Program Files\Microchip\xc8\v2.45\pic\sources\c99\common\Umul16.c
		___wmul        		CODE           	A846	0000	42

C:\Program Files\Microchip\xc8\v2.45\pic\sources\c99\common\Umul16.c estimated size: 42

mcc_generated_files/examples/i2c1_master_example.c
		_wr1RegCompleteHandler		CODE           	A920	0000	44
		_wr2RegCompleteHandler		CODE           	A89C	0000	44
		_I2C1_ReadDataBlock		CODE           	B3A8	0000	118
		_I2C1_Write1ByteRegister		CODE           	B0AE	0000	106
		_I2C1_ReadNBytes		CODE           	ABA6	0000	68
		_rdBlkRegCompleteHandler		CODE           	AD42	0000	74
		_rd1RegCompleteHandler		CODE           	A8C8	0000	44
		_rd2RegCompleteHandler		CODE           	A8F4	0000	44
		_I2C1_WriteNBytes		CODE           	AED2	0000	88

mcc_generated_files/examples/i2c1_master_example.c estimated size: 630

C:\Program Files\Microchip\xc8\v2.45\pic\sources\c99\common\fleq.c
		___fleq        		CODE           	BA72	0000	170

C:\Program Files\Microchip\xc8\v2.45\pic\sources\c99\common\fleq.c estimated size: 170

mcc_generated_files/i2c1_master.c
		_I2C1_DO_SEND_RESTART		CODE           	A522	0000	4
		_I2C1_MasterIsNackFlagSet		CODE           	A658	0000	22
		_I2C1_DO_RX_EMPTY		CODE           	B7E6	0000	162
		_I2C1_DO_TX_EMPTY		CODE           	B498	0000	124
		_I2C1_DO_SEND_RESTART_READ		CODE           	A5F6	0000	14
		_I2C1_MasterClearNackFlag		CODE           	A52C	0000	6
		_I2C1_CallbackReturnStop		CODE           	A516	0000	4
		_I2C1_MasterRead		CODE           	A588	0000	8
		_I2C1_DO_RX    		CODE           	B6AA	0000	158
		_I2C1_DO_TX    		CODE           	C3F2	0000	290
		_I2C1_SetAddressNackCallback		CODE           	A70A	0000	24
		_I2C1_DO_IDLE  		CODE           	A5EA	0000	12
		_I2C1_MasterOpen		CODE           	A9A6	0000	46
		_I2C1_MasterSendTxData		CODE           	A5AC	0000	10
		_I2C1_MasterStop		CODE           	A556	0000	6
		_I2C1_MasterIsStopFlagSet		CODE           	A66E	0000	22
		_I2C1_CallbackReturnReset		CODE           	A51A	0000	4
		_I2C1_DO_RESET 		CODE           	A612	0000	16
		_I2C1_Poller   		CODE           	A772	0000	30
		_I2C1_DO_RX_ACK		CODE           	A578	0000	8
		_I2C1_DO_TX_ACK		CODE           	A570	0000	8
		_I2C1_MasterWaitForEvent		CODE           	AF84	0000	92
		_I2C1_MasterSendNack		CODE           	A550	0000	6
		_I2C1_DO_RX_NACK_RESTART		CODE           	A580	0000	8
		_I2C1_MasterDisableIrq		CODE           	A754	0000	30
		_I2C1_ClearInterruptFlags		CODE           	ADD8	0000	82
		_I2C1_MasterOperation		CODE           	AE2A	0000	82
		_I2C1_MasterClearStopFlag		CODE           	A532	0000	6
		_I2C1_SetCallback		CODE           	B514	0000	126
		_I2C1_MasterEnableRestart		CODE           	A53E	0000	6
		_I2C1_MasterGetCounter		CODE           	A55C	0000	6
		_I2C1_MasterSetCounter		CODE           	A5A2	0000	10
		_I2C1_Open     		CODE           	B61A	0000	144
		_I2C1_DO_ADDRESS_NACK		CODE           	B046	0000	104
		_I2C1_MasterDisableRestart		CODE           	A538	0000	6
		_I2C1_MasterClearCountFlag		CODE           	A526	0000	6
		_I2C1_SetBuffer		CODE           	A7B2	0000	36
		_I2C1_DO_SEND_RESTART_WRITE		CODE           	A51E	0000	4
		_I2C1_MasterIsTxBufEmpty		CODE           	A6B0	0000	22
		_I2C1_MasterClose		CODE           	A5DE	0000	12
		_I2C1_MasterWrite		CODE           	A590	0000	8
		_I2C1_Initialize		CODE           	A790	0000	34
		_I2C1_Close    		CODE           	A870	0000	44
		_I2C1_MasterIsRxBufFull		CODE           	A684	0000	22
		_I2C1_MasterIsNack		CODE           	A69A	0000	22
		_I2C1_DO_SEND_ADR_WRITE		CODE           	A6C6	0000	22
		_I2C1_MasterClearIrq		CODE           	A568	0000	8
		_I2C1_SetDataCompleteCallback		CODE           	A6F2	0000	24
		_I2C1_DO_SEND_STOP		CODE           	A81E	0000	40
		_I2C1_DO_BUS_COLLISION		CODE           	B256	0000	112
		_I2C1_DO_BUS_ERROR		CODE           	A622	0000	16
		_I2C1_MasterSendAck		CODE           	A54A	0000	6
		_I2C1_MasterFsm		CODE           	B41E	0000	122
		_I2C1_MasterGetRxData		CODE           	A544	0000	6
		_I2C1_MasterResetBus		CODE           	A598	0000	10
		_I2C1_MasterIsCountFlagSet		CODE           	A642	0000	22
		_I2C1_DO_SEND_ADR_READ		CODE           	A978	0000	46
		_I2C1_DO_RX_NACK_STOP		CODE           	A604	0000	14

mcc_generated_files/i2c1_master.c estimated size: 2344

C:\Program Files\Microchip\xc8\v2.45\pic\sources\c99\common\memcpy.c
		_memcpy        		CODE           	AF2A	0000	90

C:\Program Files\Microchip\xc8\v2.45\pic\sources\c99\common\memcpy.c estimated size: 90

C:\Program Files\Microchip\xc8\v2.45\pic\sources\c99\common\doscan.c
		_vfsfcnvrt     		CODE           	DD40	0000	986
		_atou          		CODE           	CF2A	0000	556
		_vfscanf       		CODE           	BDF8	0000	200
		_skipws        		CODE           	B118	0000	106

C:\Program Files\Microchip\xc8\v2.45\pic\sources\c99\common\doscan.c estimated size: 1848

C:\Program Files\Microchip\xc8\v2.45\pic\sources\c99\common\flneg.c
		___flneg       		CODE           	AA3A	0000	56

C:\Program Files\Microchip\xc8\v2.45\pic\sources\c99\common\flneg.c estimated size: 56

C:\Program Files\Microchip\xc8\v2.45\pic\sources\c99\common\Umul32.c
		___lmul        		CODE           	B1EC	0000	106

C:\Program Files\Microchip\xc8\v2.45\pic\sources\c99\common\Umul32.c estimated size: 106

C:\Program Files\Microchip\xc8\v2.45\pic\sources\c99\common\__strtoxll.c
		___strtoxll    		CODE           	EE78	0000	1420

C:\Program Files\Microchip\xc8\v2.45\pic\sources\c99\common\__strtoxll.c estimated size: 1420

mcc_generated_files/pin_manager.c
		_PIN_MANAGER_Initialize		CODE           	BB1C	0000	170

mcc_generated_files/pin_manager.c estimated size: 170

C:\Program Files\Microchip\xc8\v2.45\pic\sources\c99\common\strncmp.c
		_strncmp       		CODE           	C638	0000	316

C:\Program Files\Microchip\xc8\v2.45\pic\sources\c99\common\strncmp.c estimated size: 316

C:\Program Files\Microchip\xc8\v2.45\pic\sources\c99\common\sprcmul.c
		___flmul       		CODE           	E11A	0000	1102

C:\Program Files\Microchip\xc8\v2.45\pic\sources\c99\common\sprcmul.c estimated size: 1102

C:\Program Files\Microchip\xc8\v2.45\pic\sources\c99\common\labs.c
		_labs          		CODE           	AE7C	0000	86

C:\Program Files\Microchip\xc8\v2.45\pic\sources\c99\common\labs.c estimated size: 86

C:\Program Files\Microchip\xc8\v2.45\pic\sources\c99\common\nf_fputs.c
		_fputs         		CODE           	AB24	0000	64

C:\Program Files\Microchip\xc8\v2.45\pic\sources\c99\common\nf_fputs.c estimated size: 64

C:\Program Files\Microchip\xc8\v2.45\pic\sources\c99\common\sprcdiv.c
		___fldiv       		CODE           	D9A6	0000	922

C:\Program Files\Microchip\xc8\v2.45\pic\sources\c99\common\sprcdiv.c estimated size: 922

C:\Program Files\Microchip\xc8\v2.45\pic\sources\c99\common\floorf.c
		_floorf        		CODE           	CD18	0000	530

C:\Program Files\Microchip\xc8\v2.45\pic\sources\c99\common\floorf.c estimated size: 530

C:\Program Files\Microchip\xc8\v2.45\pic\sources\c99\common\nf_sprintf.c
		_sprintf       		CODE           	AC72	0000	68

C:\Program Files\Microchip\xc8\v2.45\pic\sources\c99\common\nf_sprintf.c estimated size: 68

mcc_generated_files/uart1.c
		_UART1_Write   		CODE           	A73A	0000	26
		_putch         		CODE           	A5B6	0000	10
		_UART1_SetFramingErrorHandler		CODE           	A5CA	0000	10
		_UART1_SetOverrunErrorHandler		CODE           	A5D4	0000	10
		_UART1_Initialize		CODE           	B182	0000	106
		_UART1_SetErrorHandler		CODE           	A5C0	0000	10
		_UART1_Read    		CODE           	B9CE	0000	164
		_UART1_DefaultFramingErrorHandler		CODE           	A512	0000	2
		_UART1_DefaultErrorHandler		CODE           	A510	0000	2
		_UART1_DefaultOverrunErrorHandler		CODE           	A514	0000	2

mcc_generated_files/uart1.c estimated size: 342

C:\Program Files\Microchip\xc8\v2.45\pic\sources\c99\common\flge.c
		___flge        		CODE           	BFBE	0000	260

C:\Program Files\Microchip\xc8\v2.45\pic\sources\c99\common\flge.c estimated size: 260

shared
		__initialization		CODE           	A94C	0000	38
		_i2c1_fsmStateTable		MEDIUMCONST    	FDF7	0000	38

shared estimated size: 76

C:\Program Files\Microchip\xc8\v2.45\pic\sources\c99\common\xxtofl.c
		___xxtofl      		CODE           	C774	0000	436

C:\Program Files\Microchip\xc8\v2.45\pic\sources\c99\common\xxtofl.c estimated size: 436

C:\Program Files\Microchip\xc8\v2.45\pic\sources\c99\common\llmod.c
		___llmod       		CODE           	B592	0000	136

C:\Program Files\Microchip\xc8\v2.45\pic\sources\c99\common\llmod.c estimated size: 136

mcc_generated_files/mcc.c
		_PMD_Initialize		CODE           	A7D6	0000	36
		_OSCILLATOR_Initialize		CODE           	A722	0000	24
		_SYSTEM_Initialize		CODE           	A6DC	0000	22

mcc_generated_files/mcc.c estimated size: 82

C:\Program Files\Microchip\xc8\v2.45\pic\sources\c99\common\__fpclassifyf.c
		___fpclassifyf 		CODE           	BEC0	0000	254

C:\Program Files\Microchip\xc8\v2.45\pic\sources\c99\common\__fpclassifyf.c estimated size: 254

C:\Program Files\Microchip\xc8\v2.45\pic\sources\c99\common\__lldiv.c
		___lldiv       		CODE           	B92A	0000	164

C:\Program Files\Microchip\xc8\v2.45\pic\sources\c99\common\__lldiv.c estimated size: 164

C:\Program Files\Microchip\xc8\v2.45\pic\sources\c99\common\strcpy.c
		_strcpy        		CODE           	AC2E	0000	68

C:\Program Files\Microchip\xc8\v2.45\pic\sources\c99\common\strcpy.c estimated size: 68

C:\Program Files\Microchip\xc8\v2.45\pic\sources\c99\common\memset.c
		_memset        		CODE           	AAE6	0000	62

C:\Program Files\Microchip\xc8\v2.45\pic\sources\c99\common\memset.c estimated size: 62

C:\Program Files\Microchip\xc8\v2.45\pic\sources\c99\common\sprcadd.c
		___flsub       		CODE           	ACFC	0000	70
		___fladd       		CODE           	E9B8	0000	1216

C:\Program Files\Microchip\xc8\v2.45\pic\sources\c99\common\sprcadd.c estimated size: 1286

C:\Program Files\Microchip\xc8\v2.45\pic\sources\c99\common\nf_sscanf.c
		_sscanf        		CODE           	ABEA	0000	68

C:\Program Files\Microchip\xc8\v2.45\pic\sources\c99\common\nf_sscanf.c estimated size: 68

main.c
		_UART_SendString		CODE           	B336	0000	114
		_custom_delay_ms		CODE           	AAAC	0000	58
		_LoadCurrentAddressEEPROM		CODE           	AA72	0000	58
		_main          		CODE           	D156	0000	680
		_StoreCurrentAddressEEPROM		CODE           	A7FA	0000	36
		_EEPROM_ReadBlock		CODE           	ACB6	0000	70
		_EEPROM_WriteByte		CODE           	A9D4	0000	48
		_EEPROM_WriteBlock		CODE           	AB64	0000	66
		_MPU6050_Init  		CODE           	A632	0000	16
		_ReadAndSendEEPROMData		CODE           	C928	0000	498
		_UART_ReceiveString		CODE           	BBC6	0000	176
		_EEPROM_ReadByte		CODE           	AA04	0000	54
		_MPU6050_ReadSensorData		CODE           	D3FE	0000	696
		_ReadAndSendEEPROMDataCSV		CODE           	CB1A	0000	510
		_ParseUserInput		CODE           	B2C6	0000	112
		_StartLogging  		CODE           	D6B6	0000	752

main.c estimated size: 3944

C:\Program Files\Microchip\xc8\v2.45\pic\sources\c99\common\nf_fputc.c
		_fputc         		CODE           	BD34	0000	196

C:\Program Files\Microchip\xc8\v2.45\pic\sources\c99\common\nf_fputc.c estimated size: 196

C:\Program Files\Microchip\xc8\v2.45\pic\sources\c99\common\doprnt.c
		_read_prec_or_width		CODE           	BC76	0000	190
		_vfpfcnvrt     		CODE           	E568	0000	1104
		_efgtoa        		CODE           	F404	0000	2546
		_pad           		CODE           	AFE0	0000	102
		_vfprintf      		CODE           	AD8C	0000	76
		_utoa          		CODE           	C2D8	0000	282
		_xtoa          		CODE           	C514	0000	292

C:\Program Files\Microchip\xc8\v2.45\pic\sources\c99\common\doprnt.c estimated size: 4592

C:\Program Files\Microchip\xc8\v2.45\pic\sources\c99\common\getch.c
		_getch         		CODE           	A562	0000	6

C:\Program Files\Microchip\xc8\v2.45\pic\sources\c99\common\getch.c estimated size: 6

C:\Program Files\Microchip\xc8\v2.45\pic\sources\c99\common\fltol.c
		___fltol       		CODE           	C0C2	0000	262

C:\Program Files\Microchip\xc8\v2.45\pic\sources\c99\common\fltol.c estimated size: 262

C:\Program Files\Microchip\xc8\v2.45\pic\sources\c99\common\nf_getc.c
		_fgetc         		CODE           	C1C8	0000	272
		_ungetc        		CODE           	B888	0000	162

C:\Program Files\Microchip\xc8\v2.45\pic\sources\c99\common\nf_getc.c estimated size: 434

