Microchip MPLAB XC8 Compiler V2.45

Linker command line:

-W-3 \
  --edf=C:\Program Files\Microchip\xc8\v2.45\pic\dat\20230818022343_en.msgs \
  -cn -h+dist/default/debug\Practica3.X.debug.sym \
  --cmf=dist/default/debug\Practica3.X.debug.cmf -z -Q18F46K42 \
  -oC:\Users\mesas\AppData\Local\Temp\xcAsm38.\driver_tmp_3.o \
  --defsym=__MPLAB_BUILD=1 --fixupoverflow=error \
  -Mdist/default/debug/Practica3.X.debug.map \
  --md=C:\Users\mesas\AppData\Local\Temp\xcAsm38.\driver_tmp_0.dat -E1 \
  -ver=XC8 Compiler --acfsm=1493 -ACODE=00h-0FFFFh -ACONST=00h-0FFFFh \
  -ASMALLCONST=01000h-010FFhx240 -AMEDIUMCONST=01000h-0FFFFh \
  -ACOMRAM=01h-05Fh -AABS1=00h-0FFFh -ABIGRAM=01h-0FFFh \
  -ARAM=060h-0FFh,0100h-01FFhx15 -ABANK0=060h-0FFh -ABANK1=0100h-01FFh \
  -ABANK2=0200h-02FFh -ABANK3=0300h-03FFh -ABANK4=0400h-04FFh \
  -ABANK5=0500h-05FFh -ABANK6=0600h-06FFh -ABANK7=0700h-07FFh \
  -ABANK8=0800h-08FFh -ABANK9=0900h-09FFh -ABANK10=0A00h-0AFFh \
  -ABANK11=0B00h-0BFFh -ABANK12=0C00h-0CFFh -ABANK13=0D00h-0DFFh \
  -ABANK14=0E00h-0EFFh -ABANK15=0F00h-0FFFh \
  -ASFR=03800h-038FFhx7,03F00h-03F5Fh,03F60h-03FFFh -ABIGSFR=03800h-03FFFh \
  -ACONFIG=0300000h-0300009h -AIDLOC=0200000h-020000Fh \
  -AEEDATA=0310000h-03103FFh -peeprom_data=EEDATA -preset_vec=00h \
  -ppowerup=CODE,init -pramtop=01000h -psmallconst=SMALLCONST \
  -pmediumconst=MEDIUMCONST -pconst=CONST -AFARRAM=00h-00h \
  -prdata=COMRAM,nvrram=COMRAM,nvbit=COMRAM,rbss=COMRAM,rbit=COMRAM \
  -pfarbss=FARRAM,fardata=FARRAM,nvFARRAM=FARRAM \
  -pintsave_regs=BIGRAM,bigbss=BIGRAM,bigdata=BIGRAM -pbss=RAM \
  -pidata=CODE,irdata=CODE,ibigdata=CODE,ifardata=CODE -prparam=COMRAM \
  C:\Users\mesas\AppData\Local\Temp\xcAsm38.\driver_tmp_14.o \
  dist/default/debug\Practica3.X.debug.o 

Object code version is 3.11

Machine type is 18F46K42



                Name                               Link     Load   Length Selector   Space Scale
C:\Users\mesas\AppData\Local\Temp\xcAsm38.\driver_tmp_14.o
                config                           300000   300000        A        0       4
                init                               FFFC     FFFC        4     7FFE       0
                reset_vec                             0        0        4        0       0
dist/default/debug\Practica3.X.debug.o
                config                           300000   300000        A        0       4
                mediumconst                        FEF6     FEF6      106     7F7B       0
                text109                            C2D8     C2D8        8     616C       0
                text108                            C34E     C34E        C     61A7       0
                text107                            C4C4     C4C4       1E     6262       0
                text106                            C5BC     C5BC       2C     62DE       0
                text105                            C29C     C29C        6     614E       0
                text104                            C2A2     C2A2        6     6151       0
                text103                            C2A8     C2A8        6     6154       0
                text102                            C3B2     C3B2       16     61D9       0
                text101                            C3C8     C3C8       16     61E4       0
                text100                            C3DE     C3DE       16     61EF       0
                text99                             CA2A     CA2A       52     6515       0
                text98                             C522     C522       24     6291       0
                text97                             D020     D020       7E     6810       0
                text96                             C462     C462       18     6231       0
                text95                             C5E8     C5E8       2C     62F4       0
                text94                             C614     C614       2C     630A       0
                text93                             C640     C640       2C     6320       0
                text92                             C66C     C66C       2C     6336       0
                text91                             C994     C994       4A     64CA       0
                text90                             C28C     C28C        4     6146       0
                text89                             C290     C290        4     6148       0
                text88                             C308     C308        A     6184       0
                text87                             C2AE     C2AE        6     6157       0
                text86                             C2B4     C2B4        6     615A       0
                text85                             C312     C312        A     6189       0
                text84                             C31C     C31C        A     618E       0
                text83                             C2BA     C2BA        6     615D       0
                text82                             C3F4     C3F4       16     61FA       0
                text81                             C2C0     C2C0        6     6160       0
                text80                             C2C6     C2C6        6     6163       0
                text79                             C2CC     C2CC        6     6166       0
                text78                             C2D2     C2D2        6     6169       0
                text77                             C40A     C40A       16     6205       0
                text76                             C420     C420       16     6210       0
                text75                             C2E0     C2E0        8     6170       0
                text74                             C35A     C35A        C     61AD       0
                text73                             C698     C698       2E     634C       0
                text72                             C436     C436       16     621B       0
                text71                             DA40     DA40      122     6D20       0
                text70                             D12E     D12E       9E     6897       0
                text69                             CFA4     CFA4       7C     67D2       0
                text68                             D1CC     D1CC       A2     68E6       0
                text67                             C366     C366        E     61B3       0
                text66                             C294     C294        4     614A       0
                text65                             C298     C298        4     614C       0
                text64                             C56A     C56A       28     62B5       0
                text63                             C2E8     C2E8        8     6174       0
                text62                             C374     C374        E     61BA       0
                text61                             C2F0     C2F0        8     6178       0
                text60                             C382     C382       10     61C1       0
                text59                             CC98     CC98       68     664C       0
                text58                             CDD2     CDD2       70     66E9       0
                text57                             C392     C392       10     61C9       0
                text56                             CF2A     CF2A       7A     6795       0
                text55                             CBD6     CBD6       5C     65EB       0
                text54                             C4E2     C4E2       1E     6271       0
                text53                             CA7C     CA7C       52     653E       0
                text52                             C2F8     C2F8        8     617C       0
                text51                             C6C6     C6C6       2E     6363       0
                text50                             D09E     D09E       90     684F       0
                text49                             C882     C882       44     6441       0
                text48                             C300     C300        8     6180       0
                text47                             C47A     C47A       18     623D       0
                text46                             CB24     CB24       58     6592       0
                text45                             C754     C754       36     63AA       0
                text44                             C840     C840       42     6420       0
                text43                             C6F4     C6F4       30     637A       0
                text42                             C7C2     C7C2       3E     63E1       0
                text41                             CD68     CD68       6A     66B4       0
                text40                             C3A2     C3A2       10     61D1       0
                text39                             CEB4     CEB4       76     675A       0
                text38                             E85A     E85A      39A     742D       0
                text37                             DB62     DB62      1B4     6DB1       0
                text36                             DF28     DF28      2BE     6F94       0
                text35                             C500     C500       22     6280       0
                text34                             C492     C492       18     6249       0
                text33                             D26E     D26E       AA     6937       0
                text32                             C546     C546       24     62A3       0
                text31                             C326     C326        A     6193       0
                text30                             C330     C330        A     6198       0
                text29                             C33A     C33A        A     619D       0
                text28                             CD00     CD00       68     6680       0
                text27                             C44C     C44C       16     6226       0
                text26                             C4AA     C4AA       1A     6255       0
                text25                             CE42     CE42       72     6721       0
                text24                             D544     D544       EC     6AA2       0
                text23                             D318     D318       AA     698C       0
                text22                             D72E     D72E      104     6B97       0
                text21                             EBF4     EBF4      44E     75FA       0
                text20                             C78A     C78A       38     63C5       0
                text19                             F042     F042      4C0     7821       0
                text18                             C94E     C94E       46     64A7       0
                text17                             D832     D832      106     6C19       0
                text16                             D630     D630       FE     6B18       0
                text15                             DD16     DD16      212     6E8B       0
                text14                             CACE     CACE       56     6567       0
                text13                             CB7C     CB7C       5A     65BE       0
                text12                             C344     C344        A     61A2       0
                text11                             D480     D480       C4     6A40       0
                text10                             C800     C800       40     6400       0
                text9                              CC32     CC32       66     6619       0
                text8                              C8C6     C8C6       44     6463       0
                text7                              F502     F502      9F4     7A81       0
                text6                              C592     C592       2A     62C9       0
                text5                              D3C2     D3C2       BE     69E1       0
                text4                              D938     D938      108     6C9C       0
                text3                              E1E6     E1E6      334     70F3       0
                text2                              C9DE     C9DE       4C     64EF       0
                text1                              C90A     C90A       44     6485       0
                text0                              E51A     E51A      340     728D       0
                cstackCOMRAM                          1        1       5B        1       1
                cstackBANK0                          60       60       95       60       1
                cstackBANK1                         100      100       CC      100       1
                bssBANK2                            200      200       50      200       1
                bssBANK1                            1CC      1CC       2C      100       1
                bssBANK0                             F5       F5        7       60       1
                bssCOMRAM                            5C       5C        3        1       1
                cinit                              C724     C724       30     6392       0
                nvBANK1                             1F8      1F8        4      100       1
                nvBANK0                              FC       FC        2       60       1

TOTAL           Name                               Link     Load   Length     Space
        CLASS   CODE           
                init                               FFFC     FFFC        4         0
                reset_vec                             0        0        4         0
                text109                            C2D8     C2D8        8         0
                text108                            C34E     C34E        C         0
                text107                            C4C4     C4C4       1E         0
                text106                            C5BC     C5BC       2C         0
                text105                            C29C     C29C        6         0
                text104                            C2A2     C2A2        6         0
                text103                            C2A8     C2A8        6         0
                text102                            C3B2     C3B2       16         0
                text101                            C3C8     C3C8       16         0
                text100                            C3DE     C3DE       16         0
                text99                             CA2A     CA2A       52         0
                text98                             C522     C522       24         0
                text97                             D020     D020       7E         0
                text96                             C462     C462       18         0
                text95                             C5E8     C5E8       2C         0
                text94                             C614     C614       2C         0
                text93                             C640     C640       2C         0
                text92                             C66C     C66C       2C         0
                text91                             C994     C994       4A         0
                text90                             C28C     C28C        4         0
                text89                             C290     C290        4         0
                text88                             C308     C308        A         0
                text87                             C2AE     C2AE        6         0
                text86                             C2B4     C2B4        6         0
                text85                             C312     C312        A         0
                text84                             C31C     C31C        A         0
                text83                             C2BA     C2BA        6         0
                text82                             C3F4     C3F4       16         0
                text81                             C2C0     C2C0        6         0
                text80                             C2C6     C2C6        6         0
                text79                             C2CC     C2CC        6         0
                text78                             C2D2     C2D2        6         0
                text77                             C40A     C40A       16         0
                text76                             C420     C420       16         0
                text75                             C2E0     C2E0        8         0
                text74                             C35A     C35A        C         0
                text73                             C698     C698       2E         0
                text72                             C436     C436       16         0
                text71                             DA40     DA40      122         0
                text70                             D12E     D12E       9E         0
                text69                             CFA4     CFA4       7C         0
                text68                             D1CC     D1CC       A2         0
                text67                             C366     C366        E         0
                text66                             C294     C294        4         0
                text65                             C298     C298        4         0
                text64                             C56A     C56A       28         0
                text63                             C2E8     C2E8        8         0
                text62                             C374     C374        E         0
                text61                             C2F0     C2F0        8         0
                text60                             C382     C382       10         0
                text59                             CC98     CC98       68         0
                text58                             CDD2     CDD2       70         0
                text57                             C392     C392       10         0
                text56                             CF2A     CF2A       7A         0
                text55                             CBD6     CBD6       5C         0
                text54                             C4E2     C4E2       1E         0
                text53                             CA7C     CA7C       52         0
                text52                             C2F8     C2F8        8         0
                text51                             C6C6     C6C6       2E         0
                text50                             D09E     D09E       90         0
                text49                             C882     C882       44         0
                text48                             C300     C300        8         0
                text47                             C47A     C47A       18         0
                text46                             CB24     CB24       58         0
                text45                             C754     C754       36         0
                text44                             C840     C840       42         0
                text43                             C6F4     C6F4       30         0
                text42                             C7C2     C7C2       3E         0
                text41                             CD68     CD68       6A         0
                text40                             C3A2     C3A2       10         0
                text39                             CEB4     CEB4       76         0
                text38                             E85A     E85A      39A         0
                text37                             DB62     DB62      1B4         0
                text36                             DF28     DF28      2BE         0
                text35                             C500     C500       22         0
                text34                             C492     C492       18         0
                text33                             D26E     D26E       AA         0
                text32                             C546     C546       24         0
                text31                             C326     C326        A         0
                text30                             C330     C330        A         0
                text29                             C33A     C33A        A         0
                text28                             CD00     CD00       68         0
                text27                             C44C     C44C       16         0
                text26                             C4AA     C4AA       1A         0
                text25                             CE42     CE42       72         0
                text24                             D544     D544       EC         0
                text23                             D318     D318       AA         0
                text22                             D72E     D72E      104         0
                text21                             EBF4     EBF4      44E         0
                text20                             C78A     C78A       38         0
                text19                             F042     F042      4C0         0
                text18                             C94E     C94E       46         0
                text17                             D832     D832      106         0
                text16                             D630     D630       FE         0
                text15                             DD16     DD16      212         0
                text14                             CACE     CACE       56         0
                text13                             CB7C     CB7C       5A         0
                text12                             C344     C344        A         0
                text11                             D480     D480       C4         0
                text10                             C800     C800       40         0
                text9                              CC32     CC32       66         0
                text8                              C8C6     C8C6       44         0
                text7                              F502     F502      9F4         0
                text6                              C592     C592       2A         0
                text5                              D3C2     D3C2       BE         0
                text4                              D938     D938      108         0
                text3                              E1E6     E1E6      334         0
                text2                              C9DE     C9DE       4C         0
                text1                              C90A     C90A       44         0
                text0                              E51A     E51A      340         0
                cinit                              C724     C724       30         0

        CLASS   CONST          

        CLASS   SMALLCONST     

        CLASS   MEDIUMCONST    
                mediumconst                        FEF6     FEF6      106         0

        CLASS   COMRAM         
                cstackCOMRAM                          1        1       5B         1
                bssCOMRAM                            5C       5C        3         1

        CLASS   ABS1           

        CLASS   BIGRAM         

        CLASS   RAM            

        CLASS   BANK0          
                cstackBANK0                          60       60       95         1
                bssBANK0                             F5       F5        7         1
                nvBANK0                              FC       FC        2         1

        CLASS   BANK1          
                cstackBANK1                         100      100       CC         1
                bssBANK1                            1CC      1CC       2C         1
                nvBANK1                             1F8      1F8        4         1

        CLASS   BANK2          
                bssBANK2                            200      200       50         1

        CLASS   BANK3          

        CLASS   BANK4          

        CLASS   BANK5          

        CLASS   BANK6          

        CLASS   BANK7          

        CLASS   BANK8          

        CLASS   BANK9          

        CLASS   BANK10         

        CLASS   BANK11         

        CLASS   BANK12         

        CLASS   BANK13         

        CLASS   BANK14         

        CLASS   BANK15         

        CLASS   SFR            

        CLASS   BIGSFR         

        CLASS   CONFIG         
                config                           300000   300000        A         4

        CLASS   IDLOC          

        CLASS   EEDATA         

        CLASS   FARRAM         

        CLASS   HEAP           

        CLASS   STACK          



SEGMENTS        Name                           Load    Length   Top    Selector   Space  Class

                reset_vec                      000000  000004  000004         0       0  CODE    
                cstackCOMRAM                   000001  00005E  00005F         1       1  COMRAM  
                cstackBANK0                    000060  00009E  0000FE        60       1  BANK0   
                cstackBANK1                    000100  0000FC  0001FC       100       1  BANK1   
                bssBANK2                       000200  000050  000250       200       1  BANK2   
                text90                         00C28C  000004  00C290      6146       0  CODE    
                text89                         00C290  000004  00C294      6148       0  CODE    
                text66                         00C294  000004  00C298      614A       0  CODE    
                text65                         00C298  000004  00C29C      614C       0  CODE    
                text105                        00C29C  000006  00C2A2      614E       0  CODE    
                text104                        00C2A2  000006  00C2A8      6151       0  CODE    
                text103                        00C2A8  000006  00C2AE      6154       0  CODE    
                text87                         00C2AE  000006  00C2B4      6157       0  CODE    
                text86                         00C2B4  000006  00C2BA      615A       0  CODE    
                text83                         00C2BA  000006  00C2C0      615D       0  CODE    
                text81                         00C2C0  000006  00C2C6      6160       0  CODE    
                text80                         00C2C6  000006  00C2CC      6163       0  CODE    
                text79                         00C2CC  000006  00C2D2      6166       0  CODE    
                text78                         00C2D2  000006  00C2D8      6169       0  CODE    
                text109                        00C2D8  000008  00C2E0      616C       0  CODE    
                text75                         00C2E0  000008  00C2E8      6170       0  CODE    
                text63                         00C2E8  000008  00C2F0      6174       0  CODE    
                text61                         00C2F0  000008  00C2F8      6178       0  CODE    
                text52                         00C2F8  000008  00C300      617C       0  CODE    
                text48                         00C300  000008  00C308      6180       0  CODE    
                text88                         00C308  00000A  00C312      6184       0  CODE    
                text85                         00C312  00000A  00C31C      6189       0  CODE    
                text84                         00C31C  00000A  00C326      618E       0  CODE    
                text31                         00C326  00000A  00C330      6193       0  CODE    
                text30                         00C330  00000A  00C33A      6198       0  CODE    
                text29                         00C33A  00000A  00C344      619D       0  CODE    
                text12                         00C344  00000A  00C34E      61A2       0  CODE    
                text108                        00C34E  00000C  00C35A      61A7       0  CODE    
                text74                         00C35A  00000C  00C366      61AD       0  CODE    
                text67                         00C366  00000E  00C374      61B3       0  CODE    
                text62                         00C374  00000E  00C382      61BA       0  CODE    
                text60                         00C382  000010  00C392      61C1       0  CODE    
                text57                         00C392  000010  00C3A2      61C9       0  CODE    
                text40                         00C3A2  000010  00C3B2      61D1       0  CODE    
                text102                        00C3B2  000016  00C3C8      61D9       0  CODE    
                text101                        00C3C8  000016  00C3DE      61E4       0  CODE    
                text100                        00C3DE  000016  00C3F4      61EF       0  CODE    
                text82                         00C3F4  000016  00C40A      61FA       0  CODE    
                text77                         00C40A  000016  00C420      6205       0  CODE    
                text76                         00C420  000016  00C436      6210       0  CODE    
                text72                         00C436  000016  00C44C      621B       0  CODE    
                text27                         00C44C  000016  00C462      6226       0  CODE    
                text96                         00C462  000018  00C47A      6231       0  CODE    
                text47                         00C47A  000018  00C492      623D       0  CODE    
                text34                         00C492  000018  00C4AA      6249       0  CODE    
                text26                         00C4AA  00001A  00C4C4      6255       0  CODE    
                text107                        00C4C4  00001E  00C4E2      6262       0  CODE    
                text54                         00C4E2  00001E  00C500      6271       0  CODE    
                text35                         00C500  000022  00C522      6280       0  CODE    
                text98                         00C522  000024  00C546      6291       0  CODE    
                text32                         00C546  000024  00C56A      62A3       0  CODE    
                text64                         00C56A  000028  00C592      62B5       0  CODE    
                text6                          00C592  00002A  00C5BC      62C9       0  CODE    
                text106                        00C5BC  00002C  00C5E8      62DE       0  CODE    
                text95                         00C5E8  00002C  00C614      62F4       0  CODE    
                text94                         00C614  00002C  00C640      630A       0  CODE    
                text93                         00C640  00002C  00C66C      6320       0  CODE    
                text92                         00C66C  00002C  00C698      6336       0  CODE    
                text73                         00C698  00002E  00C6C6      634C       0  CODE    
                text51                         00C6C6  00002E  00C6F4      6363       0  CODE    
                text43                         00C6F4  000030  00C724      637A       0  CODE    
                cinit                          00C724  000030  00C754      6392       0  CODE    
                text45                         00C754  000036  00C78A      63AA       0  CODE    
                text20                         00C78A  000038  00C7C2      63C5       0  CODE    
                text42                         00C7C2  00003E  00C800      63E1       0  CODE    
                text10                         00C800  000040  00C840      6400       0  CODE    
                text44                         00C840  000042  00C882      6420       0  CODE    
                text49                         00C882  000044  00C8C6      6441       0  CODE    
                text8                          00C8C6  000044  00C90A      6463       0  CODE    
                text1                          00C90A  000044  00C94E      6485       0  CODE    
                text18                         00C94E  000046  00C994      64A7       0  CODE    
                text91                         00C994  00004A  00C9DE      64CA       0  CODE    
                text2                          00C9DE  00004C  00CA2A      64EF       0  CODE    
                text99                         00CA2A  000052  00CA7C      6515       0  CODE    
                text53                         00CA7C  000052  00CACE      653E       0  CODE    
                text14                         00CACE  000056  00CB24      6567       0  CODE    
                text46                         00CB24  000058  00CB7C      6592       0  CODE    
                text13                         00CB7C  00005A  00CBD6      65BE       0  CODE    
                text55                         00CBD6  00005C  00CC32      65EB       0  CODE    
                text9                          00CC32  000066  00CC98      6619       0  CODE    
                text59                         00CC98  000068  00CD00      664C       0  CODE    
                text28                         00CD00  000068  00CD68      6680       0  CODE    
                text41                         00CD68  00006A  00CDD2      66B4       0  CODE    
                text58                         00CDD2  000070  00CE42      66E9       0  CODE    
                text25                         00CE42  000072  00CEB4      6721       0  CODE    
                text39                         00CEB4  000076  00CF2A      675A       0  CODE    
                text56                         00CF2A  00007A  00CFA4      6795       0  CODE    
                text69                         00CFA4  00007C  00D020      67D2       0  CODE    
                text97                         00D020  00007E  00D09E      6810       0  CODE    
                text50                         00D09E  000090  00D12E      684F       0  CODE    
                text70                         00D12E  00009E  00D1CC      6897       0  CODE    
                text68                         00D1CC  0000A2  00D26E      68E6       0  CODE    
                text33                         00D26E  0000AA  00D318      6937       0  CODE    
                text23                         00D318  0000AA  00D3C2      698C       0  CODE    
                text5                          00D3C2  0000BE  00D480      69E1       0  CODE    
                text11                         00D480  0000C4  00D544      6A40       0  CODE    
                text24                         00D544  0000EC  00D630      6AA2       0  CODE    
                text16                         00D630  0000FE  00D72E      6B18       0  CODE    
                text22                         00D72E  000104  00D832      6B97       0  CODE    
                text17                         00D832  000106  00D938      6C19       0  CODE    
                text4                          00D938  000108  00DA40      6C9C       0  CODE    
                text71                         00DA40  000122  00DB62      6D20       0  CODE    
                text37                         00DB62  0001B4  00DD16      6DB1       0  CODE    
                text15                         00DD16  000212  00DF28      6E8B       0  CODE    
                text36                         00DF28  0002BE  00E1E6      6F94       0  CODE    
                text3                          00E1E6  000334  00E51A      70F3       0  CODE    
                text0                          00E51A  000340  00E85A      728D       0  CODE    
                text38                         00E85A  00039A  00EBF4      742D       0  CODE    
                text21                         00EBF4  00044E  00F042      75FA       0  CODE    
                text19                         00F042  0004C0  00F502      7821       0  CODE    
                text7                          00F502  0009F4  00FEF6      7A81       0  CODE    
                mediumconst                    00FEF6  000106  00FFFC      7F7B       0  MEDIUMCO
                init                           00FFFC  000004  010000      7FFE       0  CODE    


UNUSED ADDRESS RANGES

        Name                Unused          Largest block    Delta
        BANK0            0000FE-0000FF                2
        BANK1            0001FC-0001FF                4
        BANK10           000A00-000AFF              100
        BANK11           000B00-000BFF              100
        BANK12           000C00-000CFF              100
        BANK13           000D00-000DFF              100
        BANK14           000E00-000EFF              100
        BANK15           000F00-000FFF              100
        BANK2            000250-0002FF               B0
        BANK3            000300-0003FF              100
        BANK4            000400-0004FF              100
        BANK5            000500-0005FF              100
        BANK6            000600-0006FF              100
        BANK7            000700-0007FF              100
        BANK8            000800-0008FF              100
        BANK9            000900-0009FF              100
        BIGRAM           00005F-00005F                1
                         0000FE-0000FF                2
                         0001FC-0001FF                4
                         000250-000FFF              DB0
        BIGSFR           003800-003FFF              800
        CODE             000004-00C28B             C288
        COMRAM           00005F-00005F                1
        CONST            000004-00C28B             C288
        EEDATA           310000-3103FF              400
        IDLOC            200000-20000F               10
        MEDIUMCONST      001000-00C28B             B28C
        RAM              0000FE-0000FF                2
                         0001FC-0001FF                4
                         000250-000FFF              100
        SFR              003800-003FFF              100
        SMALLCONST       001000-00C28B              100

                                  Symbol Table

?___almod                                     cstackCOMRAM 000001
?___fladd                                     cstackCOMRAM 000001
?___fldiv                                     cstackCOMRAM 00000F
?___flmul                                     cstackCOMRAM 000001
?___flneg                                     cstackCOMRAM 000001
?___flsub                                     cstackCOMRAM 00001A
?___fltol                                     cstackCOMRAM 000001
?___fpclassifyf                               cstackCOMRAM 000001
?___wmul                                      cstackCOMRAM 000001
?___xxtofl                                    cstackCOMRAM 000001
?_floorf                                      cstackCOMRAM 000028
?_labs                                        cstackCOMRAM 000001
?_read_prec_or_width                          cstackCOMRAM 000007
?_sprintf                                     cstackBANK0  000093
?_vfprintf                                    cstackBANK0  00008F
EEPROM_ReadBlock@data                         cstackCOMRAM 000023
EEPROM_ReadBlock@deviceAddress                cstackCOMRAM 000026
EEPROM_ReadBlock@i                            cstackCOMRAM 000027
EEPROM_ReadBlock@memoryAddress                cstackCOMRAM 000021
EEPROM_ReadBlock@size                         cstackCOMRAM 000024
EEPROM_ReadByte@addressBuffer                 cstackCOMRAM 00001D
EEPROM_ReadByte@data                          cstackCOMRAM 000020
EEPROM_ReadByte@deviceAddress                 cstackCOMRAM 00001F
EEPROM_ReadByte@memoryAddress                 cstackCOMRAM 00001B
EEPROM_WriteBlock@data                        cstackCOMRAM 000025
EEPROM_WriteBlock@deviceAddress               cstackCOMRAM 000027
EEPROM_WriteBlock@i                           cstackCOMRAM 000028
EEPROM_WriteBlock@memoryAddress               cstackCOMRAM 000023
EEPROM_WriteBlock@size                        cstackCOMRAM 000026
EEPROM_WriteByte@buffer                       cstackCOMRAM 000020
EEPROM_WriteByte@data                         cstackCOMRAM 00001D
EEPROM_WriteByte@deviceAddress                cstackCOMRAM 00001F
EEPROM_WriteByte@memoryAddress                cstackCOMRAM 00001B
I2C1_CallbackReturnReset@funPtr               cstackCOMRAM 00000A
I2C1_Close@returnValue                        cstackCOMRAM 000001
I2C1_DO_RX@retFsmState                        cstackCOMRAM 000011
I2C1_DO_TX@dataTx                             cstackCOMRAM 00000F
I2C1_DO_TX@retFsmState                        cstackCOMRAM 000010
I2C1_MasterOperation@read                     cstackCOMRAM 000015
I2C1_MasterOperation@returnValue              cstackCOMRAM 000016
I2C1_MasterSendTxData@data                    cstackCOMRAM 000001
I2C1_MasterSetCounter@counter                 cstackCOMRAM 000001
I2C1_Open@address                             cstackCOMRAM 000001
I2C1_Open@returnValue                         cstackCOMRAM 000002
I2C1_ReadDataBlock@address                    cstackCOMRAM 00001B
I2C1_ReadDataBlock@bufferBlock                cstackCOMRAM 00001C
I2C1_ReadDataBlock@data                       cstackCOMRAM 000018
I2C1_ReadDataBlock@len                        cstackCOMRAM 000019
I2C1_ReadDataBlock@reg                        cstackCOMRAM 000017
I2C1_ReadNBytes@address                       cstackCOMRAM 00001A
I2C1_ReadNBytes@data                          cstackCOMRAM 000017
I2C1_ReadNBytes@len                           cstackCOMRAM 000018
I2C1_SetAddressNackCallback@cb                cstackCOMRAM 000006
I2C1_SetAddressNackCallback@ptr               cstackCOMRAM 000008
I2C1_SetBuffer@buffer                         cstackCOMRAM 000001
I2C1_SetBuffer@bufferSize                     cstackCOMRAM 000003
I2C1_SetCallback@cb                           cstackCOMRAM 000001
I2C1_SetCallback@idx                          cstackCOMRAM 000005
I2C1_SetCallback@ptr                          cstackCOMRAM 000003
I2C1_SetDataCompleteCallback@cb               cstackCOMRAM 000006
I2C1_SetDataCompleteCallback@ptr              cstackCOMRAM 000008
I2C1_Write1ByteRegister@address               cstackCOMRAM 000019
I2C1_Write1ByteRegister@data                  cstackCOMRAM 000018
I2C1_Write1ByteRegister@reg                   cstackCOMRAM 000017
I2C1_WriteNBytes@address                      cstackCOMRAM 00001A
I2C1_WriteNBytes@data                         cstackCOMRAM 000017
I2C1_WriteNBytes@len                          cstackCOMRAM 000018
MPU6050_ReadSensorData@ax                     cstackCOMRAM 000028
MPU6050_ReadSensorData@ax_raw                 cstackCOMRAM 00003D
MPU6050_ReadSensorData@ay                     cstackCOMRAM 000029
MPU6050_ReadSensorData@ay_raw                 cstackCOMRAM 00003F
MPU6050_ReadSensorData@az                     cstackCOMRAM 00002A
MPU6050_ReadSensorData@az_raw                 cstackCOMRAM 000041
MPU6050_ReadSensorData@buffer                 cstackCOMRAM 000031
MPU6050_ReadSensorData@gx                     cstackCOMRAM 00002B
MPU6050_ReadSensorData@gx_raw                 cstackCOMRAM 000043
MPU6050_ReadSensorData@gy                     cstackCOMRAM 00002C
MPU6050_ReadSensorData@gy_raw                 cstackCOMRAM 000045
MPU6050_ReadSensorData@gz                     cstackCOMRAM 00002D
MPU6050_ReadSensorData@gz_raw                 cstackCOMRAM 000047
UART1_SetErrorHandler@interruptHandler        cstackCOMRAM 000001
UART1_SetFramingErrorHandler@interruptHandler cstackCOMRAM 000001
UART1_SetOverrunErrorHandler@interruptHandler cstackCOMRAM 000001
UART1_Write@txData                            cstackCOMRAM 000001
UART_SendString@str                           cstackCOMRAM 000002
_ANSELA                                       (abs)        003A40
_ANSELB                                       (abs)        003A50
_ANSELC                                       (abs)        003A60
_ANSELD                                       (abs)        003A70
_ANSELE                                       (abs)        003A80
_EEPROM_ReadBlock                             text44       00C840
_EEPROM_ReadByte                              text45       00C754
_EEPROM_WriteBlock                            text42       00C7C2
_EEPROM_WriteByte                             text43       00C6F4
_I2C1CLK                                      (abs)        003D7B
_I2C1CNT                                      (abs)        003D6C
_I2C1CON0                                     (abs)        003D73
_I2C1CON0bits                                 (abs)        003D73
_I2C1CON1                                     (abs)        003D74
_I2C1CON1bits                                 (abs)        003D74
_I2C1CON2                                     (abs)        003D75
_I2C1ERR                                      (abs)        003D76
_I2C1ERRbits                                  (abs)        003D76
_I2C1PIE                                      (abs)        003D7A
_I2C1PIEbits                                  (abs)        003D7A
_I2C1PIR                                      (abs)        003D79
_I2C1PIRbits                                  (abs)        003D79
_I2C1RXB                                      (abs)        003D6A
_I2C1SCLPPS                                   (abs)        003AE1
_I2C1SDAPPS                                   (abs)        003AE2
_I2C1STAT1bits                                (abs)        003D78
_I2C1TXB                                      (abs)        003D6B
_I2C1_CallbackReturnReset                     text89       00C290
_I2C1_CallbackReturnStop                      text90       00C28C
_I2C1_ClearInterruptFlags                     text99       00CA2A
_I2C1_Close                                   text106      00C5BC
_I2C1_DO_ADDRESS_NACK                         text59       00CC98
_I2C1_DO_BUS_COLLISION                        text58       00CDD2
_I2C1_DO_BUS_ERROR                            text57       00C392
_I2C1_DO_IDLE                                 text74       00C35A
_I2C1_DO_RESET                                text60       00C382
_I2C1_DO_RX                                   text70       00D12E
_I2C1_DO_RX_ACK                               text63       00C2E8
_I2C1_DO_RX_EMPTY                             text68       00D1CC
_I2C1_DO_RX_NACK_RESTART                      text61       00C2F0
_I2C1_DO_RX_NACK_STOP                         text62       00C374
_I2C1_DO_SEND_ADR_READ                        text73       00C698
_I2C1_DO_SEND_ADR_WRITE                       text72       00C436
_I2C1_DO_SEND_RESTART                         text65       00C298
_I2C1_DO_SEND_RESTART_READ                    text67       00C366
_I2C1_DO_SEND_RESTART_WRITE                   text66       00C294
_I2C1_DO_SEND_STOP                            text64       00C56A
_I2C1_DO_TX                                   text71       00DA40
_I2C1_DO_TX$1073                              cstackCOMRAM 000011
_I2C1_DO_TX_ACK                               text75       00C2E0
_I2C1_DO_TX_EMPTY                             text69       00CFA4
_I2C1_Initialize                              text35       00C500
_I2C1_MasterClearCountFlag                    text105      00C29C
_I2C1_MasterClearIrq                          text109      00C2D8
_I2C1_MasterClearNackFlag                     text104      00C2A2
_I2C1_MasterClearStopFlag                     text103      00C2A8
_I2C1_MasterClose                             text108      00C34E
_I2C1_MasterDisableIrq                        text107      00C4C4
_I2C1_MasterDisableRestart                    text87       00C2AE
_I2C1_MasterEnableRestart                     text86       00C2B4
_I2C1_MasterFsm                               text56       00CF2A
_I2C1_MasterGetCounter                        text78       00C2D2
_I2C1_MasterGetRxData                         text83       00C2BA
_I2C1_MasterIsCountFlagSet                    text102      00C3B2
_I2C1_MasterIsNack                            text77       00C40A
_I2C1_MasterIsNackFlagSet                     text101      00C3C8
_I2C1_MasterIsRxBufFull                       text82       00C3F4
_I2C1_MasterIsStopFlagSet                     text100      00C3DE
_I2C1_MasterIsTxBufEmpty                      text76       00C420
_I2C1_MasterOpen                              text51       00C6C6
_I2C1_MasterOperation                         text53       00CA7C
_I2C1_MasterRead                              text52       00C2F8
_I2C1_MasterResetBus                          text88       00C308
_I2C1_MasterSendAck                           text81       00C2C0
_I2C1_MasterSendNack                          text80       00C2C6
_I2C1_MasterSendTxData                        text84       00C31C
_I2C1_MasterSetCounter                        text85       00C312
_I2C1_MasterStop                              text79       00C2CC
_I2C1_MasterWaitForEvent                      text55       00CBD6
_I2C1_MasterWrite                             text48       00C300
_I2C1_Open                                    text50       00D09E
_I2C1_Poller                                  text54       00C4E2
_I2C1_ReadDataBlock                           text39       00CEB4
_I2C1_ReadNBytes                              text49       00C882
_I2C1_SetAddressNackCallback                  text47       00C47A
_I2C1_SetBuffer                               text98       00C522
_I2C1_SetCallback                             text97       00D020
_I2C1_SetDataCompleteCallback                 text96       00C462
_I2C1_Status                                  bssBANK1     0001CC
_I2C1_Write1ByteRegister                      text41       00CD68
_I2C1_WriteNBytes                             text46       00CB24
_INLVLA                                       (abs)        003A44
_INLVLB                                       (abs)        003A54
_INLVLC                                       (abs)        003A64
_INLVLD                                       (abs)        003A74
_INLVLE                                       (abs)        003A84
_LATA                                         (abs)        003FBA
_LATB                                         (abs)        003FBB
_LATC                                         (abs)        003FBC
_LATD                                         (abs)        003FBD
_LATE                                         (abs)        003FBE
_MPU6050_Init                                 text40       00C3A2
_MPU6050_ReadSensorData                       text36       00DF28
_ODCONA                                       (abs)        003A42
_ODCONB                                       (abs)        003A52
_ODCONC                                       (abs)        003A62
_ODCOND                                       (abs)        003A72
_ODCONE                                       (abs)        003A82
_OSCCON1                                      (abs)        0039D9
_OSCCON3                                      (abs)        0039DB
_OSCEN                                        (abs)        0039DD
_OSCFRQ                                       (abs)        0039DF
_OSCILLATOR_Initialize                        text34       00C492
_OSCTUNE                                      (abs)        0039DE
_PIE2bits                                     (abs)        003992
_PIE3bits                                     (abs)        003993
_PIN_MANAGER_Initialize                       text33       00D26E
_PIR2bits                                     (abs)        0039A2
_PIR3bits                                     (abs)        0039A3
_PMD0                                         (abs)        0039C0
_PMD1                                         (abs)        0039C1
_PMD2                                         (abs)        0039C2
_PMD3                                         (abs)        0039C3
_PMD4                                         (abs)        0039C4
_PMD5                                         (abs)        0039C5
_PMD6                                         (abs)        0039C6
_PMD7                                         (abs)        0039C7
_PMD_Initialize                               text32       00C546
_RB1I2C                                       (abs)        003A5A
_RB1PPS                                       (abs)        003A09
_RB2I2C                                       (abs)        003A5B
_RB2PPS                                       (abs)        003A0A
_RC3I2C                                       (abs)        003A6A
_RC4I2C                                       (abs)        003A6B
_RC6PPS                                       (abs)        003A16
_RD0I2C                                       (abs)        003A7A
_RD1I2C                                       (abs)        003A7B
_SLRCONA                                      (abs)        003A43
_SLRCONB                                      (abs)        003A53
_SLRCONC                                      (abs)        003A63
_SLRCOND                                      (abs)        003A73
_SLRCONE                                      (abs)        003A83
_SYSTEM_Initialize                            text27       00C44C
_TRISA                                        (abs)        003FC2
_TRISB                                        (abs)        003FC3
_TRISC                                        (abs)        003FC4
_TRISD                                        (abs)        003FC5
_TRISE                                        (abs)        003FC6
_U1BRGH                                       (abs)        003DF6
_U1BRGL                                       (abs)        003DF5
_U1CON0                                       (abs)        003DF2
_U1CON0bits                                   (abs)        003DF2
_U1CON1                                       (abs)        003DF3
_U1CON2                                       (abs)        003DF4
_U1ERRIE                                      (abs)        003DFA
_U1ERRIR                                      (abs)        003DF9
_U1ERRIRbits                                  (abs)        003DF9
_U1FIFO                                       (abs)        003DF7
_U1P1H                                        (abs)        003DED
_U1P1L                                        (abs)        003DEC
_U1P2H                                        (abs)        003DEF
_U1P2L                                        (abs)        003DEE
_U1P3H                                        (abs)        003DF1
_U1P3L                                        (abs)        003DF0
_U1RXB                                        (abs)        003DE8
_U1RXPPS                                      (abs)        003AE5
_U1TXB                                        (abs)        003DEA
_U1UIR                                        (abs)        003DF8
_UART1_DefaultErrorHandler                    (abs)        000000
_UART1_DefaultFramingErrorHandler             (abs)        000000
_UART1_DefaultOverrunErrorHandler             (abs)        000000
_UART1_ErrorHandler                           nvBANK1      0001F8
_UART1_FramingErrorHandler                    nvBANK0      0000FC
_UART1_Initialize                             text28       00CD00
_UART1_OverrunErrorHandler                    nvBANK1      0001FA
_UART1_SetErrorHandler                        text31       00C326
_UART1_SetFramingErrorHandler                 text30       00C330
_UART1_SetOverrunErrorHandler                 text29       00C33A
_UART1_Write                                  text26       00C4AA
_UART_SendString                              text25       00CE42
_WPUA                                         (abs)        003A41
_WPUB                                         (abs)        003A51
_WPUC                                         (abs)        003A61
_WPUD                                         (abs)        003A71
_WPUE                                         (abs)        003A81
__HRAM                                        (abs)        000000
__H__absolute__                               __absolute__ 000000
__Habs1                                       abs1         000000
__Hbank0                                      bank0        000000
__Hbank1                                      bank1        000000
__Hbank10                                     bank10       000000
__Hbank11                                     bank11       000000
__Hbank12                                     bank12       000000
__Hbank13                                     bank13       000000
__Hbank14                                     bank14       000000
__Hbank15                                     bank15       000000
__Hbank2                                      bank2        000000
__Hbank3                                      bank3        000000
__Hbank4                                      bank4        000000
__Hbank5                                      bank5        000000
__Hbank6                                      bank6        000000
__Hbank7                                      bank7        000000
__Hbank8                                      bank8        000000
__Hbank9                                      bank9        000000
__Hbigbss                                     bigbss       000000
__Hbigdata                                    bigdata      000000
__Hbigram                                     bigram       000000
__Hbigsfr                                     bigsfr       000000
__Hbss                                        bss          000000
__HbssBANK0                                   bssBANK0     000000
__HbssBANK1                                   bssBANK1     000000
__HbssBANK2                                   bssBANK2     000000
__HbssCOMRAM                                  bssCOMRAM    000000
__Hcinit                                      cinit        000000
__Hclrtext                                    clrtext      000000
__Hcomram                                     comram       000000
__Hconfig                                     config       30000A
__Hconst                                      const        000000
__HcstackBANK0                                cstackBANK0  000000
__HcstackBANK1                                cstackBANK1  000000
__HcstackCOMRAM                               cstackCOMRAM 000000
__Hdata                                       data         000000
__Heeprom_data                                eeprom_data  000000
__Hfarbss                                     farbss       000000
__Hfardata                                    fardata      000000
__Hheap                                       heap         000000
__Hibigdata                                   ibigdata     000000
__Hidata                                      idata        000000
__Hidloc                                      idloc        000000
__Hifardata                                   ifardata     000000
__Hinit                                       init         010000
__Hintsave_regs                               intsave_regs 000000
__Hirdata                                     irdata       000000
__Hmediumconst                                mediumconst  00FFFC
__HnvBANK0                                    nvBANK0      000000
__HnvBANK1                                    nvBANK1      000000
__HnvFARRAM                                   nvFARRAM     000000
__Hnvbit                                      nvbit        000000
__Hnvrram                                     nvrram       000000
__Hparam                                      rparam       000000
__Hpowerup                                    powerup      000000
__Hram                                        ram          000000
__Hramtop                                     ramtop       001000
__Hrbit                                       rbit         000000
__Hrbss                                       rbss         000000
__Hrdata                                      rdata        000000
__Hreset_vec                                  reset_vec    000004
__Hrparam                                     rparam       000000
__Hsfr                                        sfr          000000
__Hsmallconst                                 smallconst   000000
__Hspace_0                                    (abs)        010000
__Hspace_1                                    (abs)        000250
__Hspace_2                                    (abs)        000000
__Hspace_4                                    (abs)        60000A
__Hstack                                      stack        000000
__Hstruct                                     struct       000000
__Htemp                                       temp         000000
__Htext                                       text         000000
__Htext0                                      text0        000000
__Htext1                                      text1        000000
__Htext10                                     text10       000000
__Htext100                                    text100      000000
__Htext101                                    text101      000000
__Htext102                                    text102      000000
__Htext103                                    text103      000000
__Htext104                                    text104      000000
__Htext105                                    text105      000000
__Htext106                                    text106      000000
__Htext107                                    text107      000000
__Htext108                                    text108      000000
__Htext109                                    text109      000000
__Htext11                                     text11       000000
__Htext110                                    text110      000000
__Htext12                                     text12       000000
__Htext13                                     text13       000000
__Htext14                                     text14       000000
__Htext15                                     text15       000000
__Htext16                                     text16       000000
__Htext17                                     text17       000000
__Htext18                                     text18       000000
__Htext19                                     text19       000000
__Htext2                                      text2        000000
__Htext20                                     text20       000000
__Htext21                                     text21       000000
__Htext22                                     text22       000000
__Htext23                                     text23       000000
__Htext24                                     text24       000000
__Htext25                                     text25       000000
__Htext26                                     text26       000000
__Htext27                                     text27       000000
__Htext28                                     text28       000000
__Htext29                                     text29       000000
__Htext3                                      text3        000000
__Htext30                                     text30       000000
__Htext31                                     text31       000000
__Htext32                                     text32       000000
__Htext33                                     text33       000000
__Htext34                                     text34       000000
__Htext35                                     text35       000000
__Htext36                                     text36       000000
__Htext37                                     text37       000000
__Htext38                                     text38       000000
__Htext39                                     text39       000000
__Htext4                                      text4        000000
__Htext40                                     text40       000000
__Htext41                                     text41       000000
__Htext42                                     text42       000000
__Htext43                                     text43       000000
__Htext44                                     text44       000000
__Htext45                                     text45       000000
__Htext46                                     text46       000000
__Htext47                                     text47       000000
__Htext48                                     text48       000000
__Htext49                                     text49       000000
__Htext5                                      text5        000000
__Htext50                                     text50       000000
__Htext51                                     text51       000000
__Htext52                                     text52       000000
__Htext53                                     text53       000000
__Htext54                                     text54       000000
__Htext55                                     text55       000000
__Htext56                                     text56       000000
__Htext57                                     text57       000000
__Htext58                                     text58       000000
__Htext59                                     text59       000000
__Htext6                                      text6        000000
__Htext60                                     text60       000000
__Htext61                                     text61       000000
__Htext62                                     text62       000000
__Htext63                                     text63       000000
__Htext64                                     text64       000000
__Htext65                                     text65       000000
__Htext66                                     text66       000000
__Htext67                                     text67       000000
__Htext68                                     text68       000000
__Htext69                                     text69       000000
__Htext7                                      text7        000000
__Htext70                                     text70       000000
__Htext71                                     text71       000000
__Htext72                                     text72       000000
__Htext73                                     text73       000000
__Htext74                                     text74       000000
__Htext75                                     text75       000000
__Htext76                                     text76       000000
__Htext77                                     text77       000000
__Htext78                                     text78       000000
__Htext79                                     text79       000000
__Htext8                                      text8        000000
__Htext80                                     text80       000000
__Htext81                                     text81       000000
__Htext82                                     text82       000000
__Htext83                                     text83       000000
__Htext84                                     text84       000000
__Htext85                                     text85       000000
__Htext86                                     text86       000000
__Htext87                                     text87       000000
__Htext88                                     text88       000000
__Htext89                                     text89       000000
__Htext9                                      text9        000000
__Htext90                                     text90       000000
__Htext91                                     text91       000000
__Htext92                                     text92       000000
__Htext93                                     text93       000000
__Htext94                                     text94       000000
__Htext95                                     text95       000000
__Htext96                                     text96       000000
__Htext97                                     text97       000000
__Htext98                                     text98       000000
__Htext99                                     text99       000000
__LRAM                                        (abs)        000001
__L__absolute__                               __absolute__ 000000
__Labs1                                       abs1         000000
__Lbank0                                      bank0        000000
__Lbank1                                      bank1        000000
__Lbank10                                     bank10       000000
__Lbank11                                     bank11       000000
__Lbank12                                     bank12       000000
__Lbank13                                     bank13       000000
__Lbank14                                     bank14       000000
__Lbank15                                     bank15       000000
__Lbank2                                      bank2        000000
__Lbank3                                      bank3        000000
__Lbank4                                      bank4        000000
__Lbank5                                      bank5        000000
__Lbank6                                      bank6        000000
__Lbank7                                      bank7        000000
__Lbank8                                      bank8        000000
__Lbank9                                      bank9        000000
__Lbigbss                                     bigbss       000000
__Lbigdata                                    bigdata      000000
__Lbigram                                     bigram       000000
__Lbigsfr                                     bigsfr       000000
__Lbss                                        bss          000000
__LbssBANK0                                   bssBANK0     000000
__LbssBANK1                                   bssBANK1     000000
__LbssBANK2                                   bssBANK2     000000
__LbssCOMRAM                                  bssCOMRAM    000000
__Lcinit                                      cinit        000000
__Lclrtext                                    clrtext      000000
__Lcomram                                     comram       000000
__Lconfig                                     config       000000
__Lconst                                      const        000000
__LcstackBANK0                                cstackBANK0  000000
__LcstackBANK1                                cstackBANK1  000000
__LcstackCOMRAM                               cstackCOMRAM 000000
__Ldata                                       data         000000
__Leeprom_data                                eeprom_data  000000
__Lfarbss                                     farbss       000000
__Lfardata                                    fardata      000000
__Lheap                                       heap         000000
__Libigdata                                   ibigdata     000000
__Lidata                                      idata        000000
__Lidloc                                      idloc        000000
__Lifardata                                   ifardata     000000
__Linit                                       init         00FFFC
__Lintsave_regs                               intsave_regs 000000
__Lirdata                                     irdata       000000
__Lmediumconst                                mediumconst  00FEF6
__LnvBANK0                                    nvBANK0      000000
__LnvBANK1                                    nvBANK1      000000
__LnvFARRAM                                   nvFARRAM     000000
__Lnvbit                                      nvbit        000000
__Lnvrram                                     nvrram       000000
__Lparam                                      rparam       000000
__Lpowerup                                    powerup      000000
__Lram                                        ram          000000
__Lramtop                                     ramtop       001000
__Lrbit                                       rbit         000000
__Lrbss                                       rbss         000000
__Lrdata                                      rdata        000000
__Lreset_vec                                  reset_vec    000000
__Lrparam                                     rparam       000000
__Lsfr                                        sfr          000000
__Lsmallconst                                 smallconst   000000
__Lspace_0                                    (abs)        000000
__Lspace_1                                    (abs)        000000
__Lspace_2                                    (abs)        000000
__Lspace_4                                    (abs)        000000
__Lstack                                      stack        000000
__Lstruct                                     struct       000000
__Ltemp                                       temp         000000
__Ltext                                       text         000000
__Ltext0                                      text0        000000
__Ltext1                                      text1        000000
__Ltext10                                     text10       000000
__Ltext100                                    text100      000000
__Ltext101                                    text101      000000
__Ltext102                                    text102      000000
__Ltext103                                    text103      000000
__Ltext104                                    text104      000000
__Ltext105                                    text105      000000
__Ltext106                                    text106      000000
__Ltext107                                    text107      000000
__Ltext108                                    text108      000000
__Ltext109                                    text109      000000
__Ltext11                                     text11       000000
__Ltext110                                    text110      000000
__Ltext12                                     text12       000000
__Ltext13                                     text13       000000
__Ltext14                                     text14       000000
__Ltext15                                     text15       000000
__Ltext16                                     text16       000000
__Ltext17                                     text17       000000
__Ltext18                                     text18       000000
__Ltext19                                     text19       000000
__Ltext2                                      text2        000000
__Ltext20                                     text20       000000
__Ltext21                                     text21       000000
__Ltext22                                     text22       000000
__Ltext23                                     text23       000000
__Ltext24                                     text24       000000
__Ltext25                                     text25       000000
__Ltext26                                     text26       000000
__Ltext27                                     text27       000000
__Ltext28                                     text28       000000
__Ltext29                                     text29       000000
__Ltext3                                      text3        000000
__Ltext30                                     text30       000000
__Ltext31                                     text31       000000
__Ltext32                                     text32       000000
__Ltext33                                     text33       000000
__Ltext34                                     text34       000000
__Ltext35                                     text35       000000
__Ltext36                                     text36       000000
__Ltext37                                     text37       000000
__Ltext38                                     text38       000000
__Ltext39                                     text39       000000
__Ltext4                                      text4        000000
__Ltext40                                     text40       000000
__Ltext41                                     text41       000000
__Ltext42                                     text42       000000
__Ltext43                                     text43       000000
__Ltext44                                     text44       000000
__Ltext45                                     text45       000000
__Ltext46                                     text46       000000
__Ltext47                                     text47       000000
__Ltext48                                     text48       000000
__Ltext49                                     text49       000000
__Ltext5                                      text5        000000
__Ltext50                                     text50       000000
__Ltext51                                     text51       000000
__Ltext52                                     text52       000000
__Ltext53                                     text53       000000
__Ltext54                                     text54       000000
__Ltext55                                     text55       000000
__Ltext56                                     text56       000000
__Ltext57                                     text57       000000
__Ltext58                                     text58       000000
__Ltext59                                     text59       000000
__Ltext6                                      text6        000000
__Ltext60                                     text60       000000
__Ltext61                                     text61       000000
__Ltext62                                     text62       000000
__Ltext63                                     text63       000000
__Ltext64                                     text64       000000
__Ltext65                                     text65       000000
__Ltext66                                     text66       000000
__Ltext67                                     text67       000000
__Ltext68                                     text68       000000
__Ltext69                                     text69       000000
__Ltext7                                      text7        000000
__Ltext70                                     text70       000000
__Ltext71                                     text71       000000
__Ltext72                                     text72       000000
__Ltext73                                     text73       000000
__Ltext74                                     text74       000000
__Ltext75                                     text75       000000
__Ltext76                                     text76       000000
__Ltext77                                     text77       000000
__Ltext78                                     text78       000000
__Ltext79                                     text79       000000
__Ltext8                                      text8        000000
__Ltext80                                     text80       000000
__Ltext81                                     text81       000000
__Ltext82                                     text82       000000
__Ltext83                                     text83       000000
__Ltext84                                     text84       000000
__Ltext85                                     text85       000000
__Ltext86                                     text86       000000
__Ltext87                                     text87       000000
__Ltext88                                     text88       000000
__Ltext89                                     text89       000000
__Ltext9                                      text9        000000
[...]
__ptext75                                     text75       00C2E0
__ptext76                                     text76       00C420
__ptext77                                     text77       00C40A
__ptext78                                     text78       00C2D2
__ptext79                                     text79       00C2CC
__ptext8                                      text8        00C8C6
__ptext80                                     text80       00C2C6
__ptext81                                     text81       00C2C0
__ptext82                                     text82       00C3F4
__ptext83                                     text83       00C2BA
__ptext84                                     text84       00C31C
__ptext85                                     text85       00C312
__ptext86                                     text86       00C2B4
__ptext87                                     text87       00C2AE
__ptext88                                     text88       00C308
__ptext89                                     text89       00C290
__ptext9                                      text9        00CC32
__ptext90                                     text90       00C28C
__ptext91                                     text91       00C994
__ptext92                                     text92       00C66C
__ptext93                                     text93       00C640
__ptext94                                     text94       00C614
__ptext95                                     text95       00C5E8
__ptext96                                     text96       00C462
__ptext97                                     text97       00D020
__ptext98                                     text98       00C522
__ptext99                                     text99       00CA2A
__ramtop                                      ramtop       001000
__smallconst                                  smallconst   000000
_currentBlockEEPROM1                          bssBANK1     0001F6
_currentBlockEEPROM2                          bssBANK1     0001F4
_dbuf                                         bssBANK2     000200
_efgtoa                                       text7        00F502
_efgtoa$1978                                  cstackBANK0  000066
_flags                                        bssBANK0     0000FB
_floorf                                       text15       00DD16
_fputc                                        text11       00D480
_fputs                                        text10       00C800
_i2c1_fsmStateTable                           mediumconst  00FEF7
_labs                                         text14       00CACE
_main                                         text0        00E51A
_memcpy                                       text13       00CB7C
_pad                                          text9        00CC32
_prec                                         bssCOMRAM    00005C
_putch                                        text12       00C344
_rd1RegCompleteHandler                        text94       00C614
_rd2RegCompleteHandler                        text93       00C640
_rdBlkRegCompleteHandler                      text91       00C994
_read_prec_or_width                           text5        00D3C2
_sprintf                                      text1        00C90A
_strcpy                                       text8        00C8C6
_uart1RxLastError                             bssCOMRAM    00005E
_vfpfcnvrt                                    text3        00E1E6
_vfprintf                                     text2        00C9DE
_width                                        bssBANK0     0000F9
_wr1RegCompleteHandler                        text92       00C66C
_wr2RegCompleteHandler                        text95       00C5E8
_xtoa                                         text4        00D938
efgtoa@c                                      cstackCOMRAM 000041
efgtoa@d                                      cstackBANK0  00006B
efgtoa@e                                      cstackBANK0  00006F
efgtoa@f                                      cstackCOMRAM 00003D
efgtoa@fp                                     cstackCOMRAM 00003C
efgtoa@g                                      cstackBANK0  000082
efgtoa@h                                      cstackBANK0  000079
efgtoa@i                                      cstackBANK0  000077
efgtoa@l                                      cstackBANK0  00007D
efgtoa@m                                      cstackBANK0  00006D
efgtoa@mode                                   cstackBANK0  000069
efgtoa@n                                      cstackBANK0  000086
efgtoa@ne                                     cstackBANK0  000060
efgtoa@nmode                                  cstackBANK0  00006A
efgtoa@ou                                     cstackBANK0  000073
efgtoa@p                                      cstackBANK0  000062
efgtoa@pp                                     cstackBANK0  000068
efgtoa@sign                                   cstackBANK0  000081
efgtoa@t                                      cstackBANK0  000064
efgtoa@u                                      cstackBANK0  000088
efgtoa@w                                      cstackBANK0  000071
end_of_initialization                         cinit        00C74E
floorf@F521                                   bssBANK1     0001F0
floorf@e                                      cstackCOMRAM 000036
floorf@m                                      cstackCOMRAM 000032
floorf@u                                      cstackCOMRAM 000038
floorf@x                                      cstackCOMRAM 000028
fputc@c                                       cstackCOMRAM 000003
fputc@fp                                      cstackCOMRAM 000005
fputs@c                                       cstackCOMRAM 00000E
fputs@fp                                      cstackCOMRAM 00000D
fputs@i                                       cstackCOMRAM 00000F
fputs@s                                       cstackCOMRAM 00000B
intlevel0                                     text         000000
intlevel1                                     text         000000
intlevel2                                     text         000000
intlevel3                                     text         000000
isa$std                                       (abs)        000001
isa$xinst                                     (abs)        000000
labs@a                                        cstackCOMRAM 000001
main@ax                                       cstackBANK0  0000E1
main@ax_read                                  cstackBANK0  0000C9
main@ay                                       cstackBANK0  0000E5
main@ay_read                                  cstackBANK0  0000CD
main@az                                       cstackBANK0  0000E9
main@az_read                                  cstackBANK0  0000D1
main@buffer                                   cstackBANK1  000100
main@eepromBuffer                             cstackBANK0  0000B1
main@gx                                       cstackBANK0  0000ED
main@gx_read                                  cstackBANK0  0000D5
main@gy                                       cstackBANK0  0000F1
main@gy_read                                  cstackBANK0  0000D9
main@gz                                       cstackBANK1  0001C8
main@gz_read                                  cstackBANK0  0000DD
memcpy@d                                      cstackCOMRAM 000008
memcpy@d1                                     cstackCOMRAM 000001
memcpy@n                                      cstackCOMRAM 000005
memcpy@s                                      cstackCOMRAM 00000A
memcpy@s1                                     cstackCOMRAM 000003
memcpy@tmp                                    cstackCOMRAM 000007
pad@buf                                       cstackCOMRAM 000012
pad@fp                                        cstackCOMRAM 000011
pad@i                                         cstackCOMRAM 000017
pad@p                                         cstackCOMRAM 000014
putch@txData                                  cstackCOMRAM 000002
rd1RegCompleteHandler@ptr                     cstackCOMRAM 00000A
rd2RegCompleteHandler@ptr                     cstackCOMRAM 00000A
rdBlkRegCompleteHandler@ptr                   cstackCOMRAM 00000A
read_prec_or_width@ap                         cstackCOMRAM 000008
read_prec_or_width@c                          cstackCOMRAM 000009
read_prec_or_width@fmt                        cstackCOMRAM 000007
read_prec_or_width@n                          cstackCOMRAM 00000A
sprintf@ap                                    cstackCOMRAM 00004F
sprintf@f                                     cstackCOMRAM 000050
sprintf@fmt                                   cstackBANK0  000095
sprintf@s                                     cstackBANK0  000093
stackhi                                       (abs)        000000
stacklo                                       (abs)        000000
start                                         init         00FFFC
start_initialization                          cinit        00C724
strcpy@d                                      cstackCOMRAM 000005
strcpy@dest                                   cstackCOMRAM 000001
strcpy@src                                    cstackCOMRAM 000003
vfpfcnvrt@ap                                  cstackBANK0  00008E
vfpfcnvrt@c                                   cstackCOMRAM 00004A
vfpfcnvrt@convarg                             cstackCOMRAM 000046
vfpfcnvrt@cp                                  cstackCOMRAM 00004B
vfpfcnvrt@fmt                                 cstackBANK0  00008D
vfpfcnvrt@fp                                  cstackBANK0  00008C
vfprintf@ap                                   cstackBANK0  000092
vfprintf@cfmt                                 cstackCOMRAM 00004D
vfprintf@fmt                                  cstackBANK0  000090
vfprintf@fp                                   cstackBANK0  00008F
wr1RegCompleteHandler@ptr                     cstackCOMRAM 00000A
wr2RegCompleteHandler@ptr                     cstackCOMRAM 00000A
xtoa@c                                        cstackCOMRAM 000023
xtoa@d                                        cstackCOMRAM 00001A
xtoa@fp                                       cstackCOMRAM 000019
xtoa@i                                        cstackCOMRAM 000024
xtoa@p                                        cstackCOMRAM 000021
xtoa@w                                        cstackCOMRAM 00001F


MODULE INFORMATION

Module		Function		Class		Link	Load	Size
C:\Program Files\Microchip\xc8\v2.45\pic\sources\c99\common\Umul16.c
		___wmul        		CODE           	C592	0000	42

C:\Program Files\Microchip\xc8\v2.45\pic\sources\c99\common\Umul16.c estimated size: 42

mcc_generated_files/examples/i2c1_master_example.c
		_wr1RegCompleteHandler		CODE           	C66C	0000	44
		_wr2RegCompleteHandler		CODE           	C5E8	0000	44
		_I2C1_ReadDataBlock		CODE           	CEB4	0000	118
		_I2C1_Write1ByteRegister		CODE           	CD68	0000	106
		_I2C1_ReadNBytes		CODE           	C882	0000	68
		_rdBlkRegCompleteHandler		CODE           	C994	0000	74
		_rd1RegCompleteHandler		CODE           	C614	0000	44
		_rd2RegCompleteHandler		CODE           	C640	0000	44
		_I2C1_WriteNBytes		CODE           	CB24	0000	88

mcc_generated_files/examples/i2c1_master_example.c estimated size: 630

C:\Program Files\Microchip\xc8\v2.45\pic\sources\c99\common\fleq.c
		___fleq        		CODE           	D318	0000	170

C:\Program Files\Microchip\xc8\v2.45\pic\sources\c99\common\fleq.c estimated size: 170

mcc_generated_files/i2c1_master.c
		_I2C1_DO_SEND_RESTART		CODE           	C298	0000	4
		_I2C1_MasterIsNackFlagSet		CODE           	C3C8	0000	22
		_I2C1_DO_RX_EMPTY		CODE           	D1CC	0000	162
		_I2C1_DO_TX_EMPTY		CODE           	CFA4	0000	124
		_I2C1_DO_SEND_RESTART_READ		CODE           	C366	0000	14
		_I2C1_MasterClearNackFlag		CODE           	C2A2	0000	6
		_I2C1_CallbackReturnStop		CODE           	C28C	0000	4
		_I2C1_MasterRead		CODE           	C2F8	0000	8
		_I2C1_DO_RX    		CODE           	D12E	0000	158
		_I2C1_DO_TX    		CODE           	DA40	0000	290
		_I2C1_SetAddressNackCallback		CODE           	C47A	0000	24
		_I2C1_DO_IDLE  		CODE           	C35A	0000	12
		_I2C1_MasterOpen		CODE           	C6C6	0000	46
		_I2C1_MasterSendTxData		CODE           	C31C	0000	10
		_I2C1_MasterStop		CODE           	C2CC	0000	6
		_I2C1_MasterIsStopFlagSet		CODE           	C3DE	0000	22
		_I2C1_CallbackReturnReset		CODE           	C290	0000	4
		_I2C1_DO_RESET 		CODE           	C382	0000	16
		_I2C1_Poller   		CODE           	C4E2	0000	30
		_I2C1_DO_RX_ACK		CODE           	C2E8	0000	8
		_I2C1_DO_TX_ACK		CODE           	C2E0	0000	8
		_I2C1_MasterWaitForEvent		CODE           	CBD6	0000	92
		_I2C1_MasterSendNack		CODE           	C2C6	0000	6
		_I2C1_DO_RX_NACK_RESTART		CODE           	C2F0	0000	8
		_I2C1_MasterDisableIrq		CODE           	C4C4	0000	30
		_I2C1_ClearInterruptFlags		CODE           	CA2A	0000	82
		_I2C1_MasterOperation		CODE           	CA7C	0000	82
		_I2C1_MasterClearStopFlag		CODE           	C2A8	0000	6
		_I2C1_SetCallback		CODE           	D020	0000	126
		_I2C1_MasterEnableRestart		CODE           	C2B4	0000	6
		_I2C1_MasterGetCounter		CODE           	C2D2	0000	6
		_I2C1_MasterSetCounter		CODE           	C312	0000	10
		_I2C1_Open     		CODE           	D09E	0000	144
		_I2C1_DO_ADDRESS_NACK		CODE           	CC98	0000	104
		_I2C1_MasterDisableRestart		CODE           	C2AE	0000	6
		_I2C1_MasterClearCountFlag		CODE           	C29C	0000	6
		_I2C1_SetBuffer		CODE           	C522	0000	36
		_I2C1_DO_SEND_RESTART_WRITE		CODE           	C294	0000	4
		_I2C1_MasterIsTxBufEmpty		CODE           	C420	0000	22
		_I2C1_MasterClose		CODE           	C34E	0000	12
		_I2C1_MasterWrite		CODE           	C300	0000	8
		_I2C1_Initialize		CODE           	C500	0000	34
		_I2C1_Close    		CODE           	C5BC	0000	44
		_I2C1_MasterIsRxBufFull		CODE           	C3F4	0000	22
		_I2C1_MasterIsNack		CODE           	C40A	0000	22
		_I2C1_DO_SEND_ADR_WRITE		CODE           	C436	0000	22
		_I2C1_MasterClearIrq		CODE           	C2D8	0000	8
		_I2C1_SetDataCompleteCallback		CODE           	C462	0000	24
		_I2C1_DO_SEND_STOP		CODE           	C56A	0000	40
		_I2C1_DO_BUS_COLLISION		CODE           	CDD2	0000	112
		_I2C1_DO_BUS_ERROR		CODE           	C392	0000	16
		_I2C1_MasterSendAck		CODE           	C2C0	0000	6
		_I2C1_MasterFsm		CODE           	CF2A	0000	122
		_I2C1_MasterGetRxData		CODE           	C2BA	0000	6
		_I2C1_MasterResetBus		CODE           	C308	0000	10
		_I2C1_MasterIsCountFlagSet		CODE           	C3B2	0000	22
		_I2C1_DO_SEND_ADR_READ		CODE           	C698	0000	46
		_I2C1_DO_RX_NACK_STOP		CODE           	C374	0000	14

mcc_generated_files/i2c1_master.c estimated size: 2344

C:\Program Files\Microchip\xc8\v2.45\pic\sources\c99\common\memcpy.c
		_memcpy        		CODE           	CB7C	0000	90

C:\Program Files\Microchip\xc8\v2.45\pic\sources\c99\common\memcpy.c estimated size: 90

C:\Program Files\Microchip\xc8\v2.45\pic\sources\c99\common\flneg.c
		___flneg       		CODE           	C78A	0000	56

C:\Program Files\Microchip\xc8\v2.45\pic\sources\c99\common\flneg.c estimated size: 56

mcc_generated_files/pin_manager.c
		_PIN_MANAGER_Initialize		CODE           	D26E	0000	170

mcc_generated_files/pin_manager.c estimated size: 170

C:\Program Files\Microchip\xc8\v2.45\pic\sources\c99\common\sprcmul.c
		___flmul       		CODE           	EBF4	0000	1102

C:\Program Files\Microchip\xc8\v2.45\pic\sources\c99\common\sprcmul.c estimated size: 1102

C:\Program Files\Microchip\xc8\v2.45\pic\sources\c99\common\labs.c
		_labs          		CODE           	CACE	0000	86

C:\Program Files\Microchip\xc8\v2.45\pic\sources\c99\common\labs.c estimated size: 86

C:\Program Files\Microchip\xc8\v2.45\pic\sources\c99\common\nf_fputs.c
		_fputs         		CODE           	C800	0000	64

C:\Program Files\Microchip\xc8\v2.45\pic\sources\c99\common\nf_fputs.c estimated size: 64

C:\Program Files\Microchip\xc8\v2.45\pic\sources\c99\common\sprcdiv.c
		___fldiv       		CODE           	E85A	0000	922

C:\Program Files\Microchip\xc8\v2.45\pic\sources\c99\common\sprcdiv.c estimated size: 922

C:\Program Files\Microchip\xc8\v2.45\pic\sources\c99\common\floorf.c
		_floorf        		CODE           	DD16	0000	530

C:\Program Files\Microchip\xc8\v2.45\pic\sources\c99\common\floorf.c estimated size: 530

C:\Program Files\Microchip\xc8\v2.45\pic\sources\c99\common\nf_sprintf.c
		_sprintf       		CODE           	C90A	0000	68

C:\Program Files\Microchip\xc8\v2.45\pic\sources\c99\common\nf_sprintf.c estimated size: 68

mcc_generated_files/uart1.c
		_UART1_Write   		CODE           	C4AA	0000	26
		_putch         		CODE           	C344	0000	10
		_UART1_SetFramingErrorHandler		CODE           	C330	0000	10
		_UART1_SetOverrunErrorHandler		CODE           	C33A	0000	10
		_UART1_Initialize		CODE           	CD00	0000	104
		_UART1_SetErrorHandler		CODE           	C326	0000	10

mcc_generated_files/uart1.c estimated size: 170

C:\Program Files\Microchip\xc8\v2.45\pic\sources\c99\common\flge.c
		___flge        		CODE           	D72E	0000	260

C:\Program Files\Microchip\xc8\v2.45\pic\sources\c99\common\flge.c estimated size: 260

shared
		__initialization		CODE           	C724	0000	42
		_i2c1_fsmStateTable		MEDIUMCONST    	FEF7	0000	38

shared estimated size: 80

C:\Program Files\Microchip\xc8\v2.45\pic\sources\c99\common\xxtofl.c
		___xxtofl      		CODE           	DB62	0000	436

C:\Program Files\Microchip\xc8\v2.45\pic\sources\c99\common\xxtofl.c estimated size: 436

C:\Program Files\Microchip\xc8\v2.45\pic\sources\c99\common\almod.c
		___almod       		CODE           	D544	0000	236

C:\Program Files\Microchip\xc8\v2.45\pic\sources\c99\common\almod.c estimated size: 236

mcc_generated_files/mcc.c
		_PMD_Initialize		CODE           	C546	0000	36
		_OSCILLATOR_Initialize		CODE           	C492	0000	24
		_SYSTEM_Initialize		CODE           	C44C	0000	22

mcc_generated_files/mcc.c estimated size: 82

C:\Program Files\Microchip\xc8\v2.45\pic\sources\c99\common\__fpclassifyf.c
		___fpclassifyf 		CODE           	D630	0000	254

C:\Program Files\Microchip\xc8\v2.45\pic\sources\c99\common\__fpclassifyf.c estimated size: 254

C:\Program Files\Microchip\xc8\v2.45\pic\sources\c99\common\strcpy.c
		_strcpy        		CODE           	C8C6	0000	68

C:\Program Files\Microchip\xc8\v2.45\pic\sources\c99\common\strcpy.c estimated size: 68

C:\Program Files\Microchip\xc8\v2.45\pic\sources\c99\common\sprcadd.c
		___flsub       		CODE           	C94E	0000	70
		___fladd       		CODE           	F042	0000	1216

C:\Program Files\Microchip\xc8\v2.45\pic\sources\c99\common\sprcadd.c estimated size: 1286

main.c
		_UART_SendString		CODE           	CE42	0000	114
		_main          		CODE           	E51A	0000	832
		_EEPROM_ReadBlock		CODE           	C840	0000	66
		_EEPROM_WriteByte		CODE           	C6F4	0000	48
		_EEPROM_WriteBlock		CODE           	C7C2	0000	62
		_MPU6050_Init  		CODE           	C3A2	0000	16
		_EEPROM_ReadByte		CODE           	C754	0000	54
		_MPU6050_ReadSensorData		CODE           	DF28	0000	702

main.c estimated size: 1894

C:\Program Files\Microchip\xc8\v2.45\pic\sources\c99\common\nf_fputc.c
		_fputc         		CODE           	D480	0000	196

C:\Program Files\Microchip\xc8\v2.45\pic\sources\c99\common\nf_fputc.c estimated size: 196

C:\Program Files\Microchip\xc8\v2.45\pic\sources\c99\common\doprnt.c
		_read_prec_or_width		CODE           	D3C2	0000	190
		_vfpfcnvrt     		CODE           	E1E6	0000	820
		_efgtoa        		CODE           	F502	0000	2548
		_pad           		CODE           	CC32	0000	102
		_vfprintf      		CODE           	C9DE	0000	76
		_xtoa          		CODE           	D938	0000	264

C:\Program Files\Microchip\xc8\v2.45\pic\sources\c99\common\doprnt.c estimated size: 4000

C:\Program Files\Microchip\xc8\v2.45\pic\sources\c99\common\fltol.c
		___fltol       		CODE           	D832	0000	262

C:\Program Files\Microchip\xc8\v2.45\pic\sources\c99\common\fltol.c estimated size: 262

