Microchip MPLAB XC8 Compiler V2.45

Linker command line:

-W-3 \
  --edf=C:\Program Files\Microchip\xc8\v2.45\pic\dat\20230818022343_en.msgs \
  -cn -h+dist/default/production\Practica3Intento2.X.production.sym \
  --cmf=dist/default/production\Practica3Intento2.X.production.cmf -z \
  -Q18F46K42 -oC:\Users\mesas\AppData\Local\Temp\xcAsfao.\driver_tmp_3.o \
  --defsym=__MPLAB_BUILD=1 --fixupoverflow=error \
  -Mdist/default/production/Practica3Intento2.X.production.map \
  --md=C:\Users\mesas\AppData\Local\Temp\xcAsfao.\driver_tmp_0.dat -E1 \
  -ver=XC8 Compiler --acfsm=1493 -ACODE=00h-0FFFFh -ACONST=00h-0FFFFh \
  -ASMALLCONST=01000h-010FFhx240 -AMEDIUMCONST=01000h-0FFFFh \
  -ACOMRAM=01h-05Fh -AABS1=00h-0FFFh -ABIGRAM=01h-0FFFh \
  -ARAM=060h-0FFh,0100h-01FFhx15 -ABANK0=060h-0FFh -ABANK1=0100h-01FFh \
  -ABANK2=0200h-02FFh -ABANK3=0300h-03FFh -ABANK4=0400h-04FFh \
  -ABANK5=0500h-05FFh -ABANK6=0600h-06FFh -ABANK7=0700h-07FFh \
  -ABANK8=0800h-08FFh -ABANK9=0900h-09FFh -ABANK10=0A00h-0AFFh \
  -ABANK11=0B00h-0BFFh -ABANK12=0C00h-0CFFh -ABANK13=0D00h-0DFFh \
  -ABANK14=0E00h-0EFFh -ABANK15=0F00h-0FFFh \
  -ASFR=03800h-038FFhx7,03F00h-03F5Fh,03F60h-03FFFh -ABIGSFR=03800h-03FFFh \
  -ACONFIG=0300000h-0300009h -AIDLOC=0200000h-020000Fh \
  -AEEDATA=0310000h-03103FFh -peeprom_data=EEDATA -preset_vec=00h \
  -ppowerup=CODE,init -pramtop=01000h -psmallconst=SMALLCONST \
  -pmediumconst=MEDIUMCONST -pconst=CONST -AFARRAM=00h-00h \
  -prdata=COMRAM,nvrram=COMRAM,nvbit=COMRAM,rbss=COMRAM,rbit=COMRAM \
  -pfarbss=FARRAM,fardata=FARRAM,nvFARRAM=FARRAM \
  -pintsave_regs=BIGRAM,bigbss=BIGRAM,bigdata=BIGRAM -pbss=RAM \
  -pidata=CODE,irdata=CODE,ibigdata=CODE,ifardata=CODE -prparam=COMRAM \
  C:\Users\mesas\AppData\Local\Temp\xcAsfao.\driver_tmp_14.o \
  dist/default/production\Practica3Intento2.X.production.o 

Object code version is 3.11

Machine type is 18F46K42



                Name                               Link     Load   Length Selector   Space Scale
C:\Users\mesas\AppData\Local\Temp\xcAsfao.\driver_tmp_14.o
                config                           300000   300000        A        0       4
                init                               FFFC     FFFC        4     7FFE       0
                reset_vec                             0        0        4        0       0
dist/default/production\Practica3Intento2.X.production.o
                config                           300000   300000        A        0       4
                smallconst                         1000     1000       6C      800       0
                text101                            457A     457A        8      836       0
                text100                            4508     4508        C      836       0
                text99                             4380     4380       1E      836       0
                text98                             4252     4252       2C      836       0
                text97                             45B8     45B8        6      836       0
                text96                             45B2     45B2        6      836       0
                text95                             45AC     45AC        6      836       0
                text94                             449A     449A       16      836       0
                text93                             4484     4484       16      836       0
                text92                             446E     446E       16      836       0
                text91                             3EEA     3EEA       52      836       0
                text90                             431C     431C       24      836       0
                text89                             3B7E     3B7E       6E      836       0
                text88                             43E8     43E8       18      836       0
                text87                             4226     4226       2C      836       0
                text86                             41FA     41FA       2C      836       0
                text85                             41CE     41CE       2C      836       0
                text84                             41A2     41A2       2C      836       0
                text83                             3F3C     3F3C       4A      836       0
                text82                             45CA     45CA        4      836       0
                text81                             45C6     45C6        4      836       0
                text80                             4550     4550        A      836       0
                text79                             45A6     45A6        6      836       0
                text78                             45A0     45A0        6      836       0
                text77                             4546     4546        A      836       0
                text76                             453C     453C        A      836       0
                text75                             459A     459A        6      836       0
                text74                             4458     4458       16      836       0
                text73                             4594     4594        6      836       0
                text72                             458E     458E        6      836       0
                text71                             4588     4588        6      836       0
                text70                             4582     4582        6      836       0
                text69                             4442     4442       16      836       0
                text68                             442C     442C       16      836       0
                text67                             4572     4572        8      836       0
                text66                             44FC     44FC        C      836       0
                text65                             4174     4174       2E      836       0
                text64                             4416     4416       16      836       0
                text63                             2FFE     2FFE      122      836       0
                text62                             3874     3874       9E      836       0
                text61                             39A2     39A2       7C      836       0
                text60                             37D2     37D2       A2      836       0
                text59                             44EE     44EE        E      836       0
                text58                             45C2     45C2        4      836       0
                text57                             45BE     45BE        4      836       0
                text56                             42D0     42D0       28      836       0
                text55                             456A     456A        8      836       0
                text54                             44E0     44E0        E      836       0
                text53                             4562     4562        8      836       0
                text52                             44D0     44D0       10      836       0
                text51                             3CBE     3CBE       68      836       0
                text50                             3B0E     3B0E       70      836       0
                text49                             44C0     44C0       10      836       0
                text48                             3A1E     3A1E       7A      836       0
                text47                             3D8C     3D8C       5C      836       0
                text46                             4362     4362       1E      836       0
                text45                             3E98     3E98       52      836       0
                text44                             455A     455A        8      836       0
                text43                             4146     4146       2E      836       0
                text42                             3912     3912       90      836       0
                text41                             43D0     43D0       18      836       0
                text40                             3BEC     3BEC       6A      836       0
                text39                             44B0     44B0       10      836       0
                text38                             3A98     3A98       76      836       0
                text37                             2366     2366      39A      836       0
                text36                             2B56     2B56      1B4      836       0
                text35                             2E84     2E84      17A      836       0
                text34                             2D0A     2D0A      17A      836       0
                text33                             4340     4340       22      836       0
                text32                             43B8     43B8       18      836       0
                text31                             3728     3728       AA      836       0
                text30                             42F8     42F8       24      836       0
                text29                             4532     4532        A      836       0
                text28                             4528     4528        A      836       0
                text27                             451E     451E        A      836       0
                text26                             3C56     3C56       68      836       0
                text25                             4400     4400       16      836       0
                text24                             439E     439E       1A      836       0
                text23                             410E     410E       38      836       0
                text22                             367E     367E       AA      836       0
                text21                             3226     3226      104      836       0
                text20                             1F18     1F18      44E      836       0
                text19                             40D6     40D6       38      836       0
                text18                             1A58     1A58      4C0      836       0
                text17                             3FCC     3FCC       46      836       0
                text16                             3120     3120      106      836       0
                text15                             332A     332A       FE      836       0
                text14                             2944     2944      212      836       0
                text13                             3E42     3E42       56      836       0
                text12                             3DE8     3DE8       5A      836       0
                text11                             4514     4514        A      836       0
                text10                             3508     3508       C4      836       0
                text9                              4096     4096       40      836       0
                text8                              3D26     3D26       66      836       0
                text7                              4012     4012       44      836       0
                text6                              106C     106C      9EC      836       0
                text5                              427E     427E       2A      836       0
                text4                              35CC     35CC       B2      836       0
                text3                              2700     2700      244      836       0
                text2                              3F86     3F86       46      836       0
                text1                              4056     4056       40      836       0
                text0                              3428     3428       E0      836       0
                cstackCOMRAM                          1        1       59        1       1
                cstackBANK0                          60       60       4F       60       1
                cstackBANK1                         100      100       E0      100       1
                bssBANK2                            200      200       50      200       1
                bssBANK0                             AF       AF       32       60       1
                bssCOMRAM                            5A       5A        5        1       1
                cinit                              42A8     42A8       28      836       0
                nvBANK0                              E1       E1        6       60       1

TOTAL           Name                               Link     Load   Length     Space
        CLASS   CODE           
                init                               FFFC     FFFC        4         0
                reset_vec                             0        0        4         0
                text101                            457A     457A        8         0
                text100                            4508     4508        C         0
                text99                             4380     4380       1E         0
                text98                             4252     4252       2C         0
                text97                             45B8     45B8        6         0
                text96                             45B2     45B2        6         0
                text95                             45AC     45AC        6         0
                text94                             449A     449A       16         0
                text93                             4484     4484       16         0
                text92                             446E     446E       16         0
                text91                             3EEA     3EEA       52         0
                text90                             431C     431C       24         0
                text89                             3B7E     3B7E       6E         0
                text88                             43E8     43E8       18         0
                text87                             4226     4226       2C         0
                text86                             41FA     41FA       2C         0
                text85                             41CE     41CE       2C         0
                text84                             41A2     41A2       2C         0
                text83                             3F3C     3F3C       4A         0
                text82                             45CA     45CA        4         0
                text81                             45C6     45C6        4         0
                text80                             4550     4550        A         0
                text79                             45A6     45A6        6         0
                text78                             45A0     45A0        6         0
                text77                             4546     4546        A         0
                text76                             453C     453C        A         0
                text75                             459A     459A        6         0
                text74                             4458     4458       16         0
                text73                             4594     4594        6         0
                text72                             458E     458E        6         0
                text71                             4588     4588        6         0
                text70                             4582     4582        6         0
                text69                             4442     4442       16         0
                text68                             442C     442C       16         0
                text67                             4572     4572        8         0
                text66                             44FC     44FC        C         0
                text65                             4174     4174       2E         0
                text64                             4416     4416       16         0
                text63                             2FFE     2FFE      122         0
                text62                             3874     3874       9E         0
                text61                             39A2     39A2       7C         0
                text60                             37D2     37D2       A2         0
                text59                             44EE     44EE        E         0
                text58                             45C2     45C2        4         0
                text57                             45BE     45BE        4         0
                text56                             42D0     42D0       28         0
                text55                             456A     456A        8         0
                text54                             44E0     44E0        E         0
                text53                             4562     4562        8         0
                text52                             44D0     44D0       10         0
                text51                             3CBE     3CBE       68         0
                text50                             3B0E     3B0E       70         0
                text49                             44C0     44C0       10         0
                text48                             3A1E     3A1E       7A         0
                text47                             3D8C     3D8C       5C         0
                text46                             4362     4362       1E         0
                text45                             3E98     3E98       52         0
                text44                             455A     455A        8         0
                text43                             4146     4146       2E         0
                text42                             3912     3912       90         0
                text41                             43D0     43D0       18         0
                text40                             3BEC     3BEC       6A         0
                text39                             44B0     44B0       10         0
                text38                             3A98     3A98       76         0
                text37                             2366     2366      39A         0
                text36                             2B56     2B56      1B4         0
                text35                             2E84     2E84      17A         0
                text34                             2D0A     2D0A      17A         0
                text33                             4340     4340       22         0
                text32                             43B8     43B8       18         0
                text31                             3728     3728       AA         0
                text30                             42F8     42F8       24         0
                text29                             4532     4532        A         0
                text28                             4528     4528        A         0
                text27                             451E     451E        A         0
                text26                             3C56     3C56       68         0
                text25                             4400     4400       16         0
                text24                             439E     439E       1A         0
                text23                             410E     410E       38         0
                text22                             367E     367E       AA         0
                text21                             3226     3226      104         0
                text20                             1F18     1F18      44E         0
                text19                             40D6     40D6       38         0
                text18                             1A58     1A58      4C0         0
                text17                             3FCC     3FCC       46         0
                text16                             3120     3120      106         0
                text15                             332A     332A       FE         0
                text14                             2944     2944      212         0
                text13                             3E42     3E42       56         0
                text12                             3DE8     3DE8       5A         0
                text11                             4514     4514        A         0
                text10                             3508     3508       C4         0
                text9                              4096     4096       40         0
                text8                              3D26     3D26       66         0
                text7                              4012     4012       44         0
                text6                              106C     106C      9EC         0
                text5                              427E     427E       2A         0
                text4                              35CC     35CC       B2         0
                text3                              2700     2700      244         0
                text2                              3F86     3F86       46         0
                text1                              4056     4056       40         0
                text0                              3428     3428       E0         0
                cinit                              42A8     42A8       28         0

        CLASS   CONST          

        CLASS   SMALLCONST     
                smallconst                         1000     1000       6C         0

        CLASS   MEDIUMCONST    

        CLASS   COMRAM         
                cstackCOMRAM                          1        1       59         1
                bssCOMRAM                            5A       5A        5         1

        CLASS   ABS1           

        CLASS   BIGRAM         

        CLASS   RAM            

        CLASS   BANK0          
                cstackBANK0                          60       60       4F         1
                bssBANK0                             AF       AF       32         1
                nvBANK0                              E1       E1        6         1

        CLASS   BANK1          
                cstackBANK1                         100      100       E0         1

        CLASS   BANK2          
                bssBANK2                            200      200       50         1

        CLASS   BANK3          

        CLASS   BANK4          

        CLASS   BANK5          

        CLASS   BANK6          

        CLASS   BANK7          

        CLASS   BANK8          

        CLASS   BANK9          

        CLASS   BANK10         

        CLASS   BANK11         

        CLASS   BANK12         

        CLASS   BANK13         

        CLASS   BANK14         

        CLASS   BANK15         

        CLASS   SFR            

        CLASS   BIGSFR         

        CLASS   CONFIG         
                config                           300000   300000        A         4

        CLASS   IDLOC          

        CLASS   EEDATA         

        CLASS   FARRAM         

        CLASS   HEAP           

        CLASS   STACK          



SEGMENTS        Name                           Load    Length   Top    Selector   Space  Class

                reset_vec                      000000  000004  000004         0       0  CODE    
                cstackCOMRAM                   000001  00005E  00005F         1       1  COMRAM  
                cstackBANK0                    000060  000087  0000E7        60       1  BANK0   
                cstackBANK1                    000100  0000E0  0001E0       100       1  BANK1   
                bssBANK2                       000200  000050  000250       200       1  BANK2   
                smallconst                     001000  00006C  00106C       800       0  SMALLCON
                text6                          00106C  003562  0045CE       836       0  CODE    
                init                           00FFFC  000004  010000      7FFE       0  CODE    


UNUSED ADDRESS RANGES

        Name                Unused          Largest block    Delta
        BANK0            0000E7-0000FF               19
        BANK1            0001E0-0001FF               20
        BANK10           000A00-000AFF              100
        BANK11           000B00-000BFF              100
        BANK12           000C00-000CFF              100
        BANK13           000D00-000DFF              100
        BANK14           000E00-000EFF              100
        BANK15           000F00-000FFF              100
        BANK2            000250-0002FF               B0
        BANK3            000300-0003FF              100
        BANK4            000400-0004FF              100
        BANK5            000500-0005FF              100
        BANK6            000600-0006FF              100
        BANK7            000700-0007FF              100
        BANK8            000800-0008FF              100
        BANK9            000900-0009FF              100
        BIGRAM           00005F-00005F                1
                         0000E7-0000FF               19
                         0001E0-0001FF               20
                         000250-000FFF              DB0
        BIGSFR           003800-003FFF              800
        CODE             000004-000FFF              FFC
                         0045CE-00FFFB             BA2E
        COMRAM           00005F-00005F                1
        CONST            000004-000FFF              FFC
                         0045CE-00FFFB             BA2E
        EEDATA           310000-3103FF              400
        IDLOC            200000-20000F               10
        MEDIUMCONST      0045CE-00FFFB             BA2E
        RAM              0000E7-0000FF               19
                         0001E0-0001FF               20
                         000250-000FFF              100
        SFR              003800-003FFF              100
        SMALLCONST       0045CE-00FFFB              100

                                  Symbol Table

?___fladd                                     cstackCOMRAM 000001
?___fldiv                                     cstackCOMRAM 00000F
?___flmul                                     cstackCOMRAM 000001
?___flneg                                     cstackCOMRAM 000001
?___flsub                                     cstackCOMRAM 00001A
?___fltol                                     cstackCOMRAM 000001
?___fpclassifyf                               cstackCOMRAM 000001
?___wmul                                      cstackCOMRAM 000001
?___xxtofl                                    cstackCOMRAM 000001
?_floorf                                      cstackCOMRAM 000028
?_labs                                        cstackCOMRAM 000001
?_read_prec_or_width                          cstackCOMRAM 000007
?_sprintf                                     cstackBANK0  000092
?_vfprintf                                    cstackBANK0  00008F
I2C1_CallbackReturnReset@funPtr               cstackCOMRAM 00000A
I2C1_Close@returnValue                        cstackCOMRAM 000001
I2C1_DO_RX@retFsmState                        cstackCOMRAM 000011
I2C1_DO_TX@dataTx                             cstackCOMRAM 000011
I2C1_DO_TX@retFsmState                        cstackCOMRAM 000012
I2C1_MasterOperation@read                     cstackCOMRAM 000016
I2C1_MasterOperation@returnValue              cstackCOMRAM 000017
I2C1_MasterSendTxData@data                    cstackCOMRAM 000001
I2C1_MasterSetCounter@counter                 cstackCOMRAM 000001
I2C1_Open@address                             cstackCOMRAM 000001
I2C1_Open@returnValue                         cstackCOMRAM 000002
I2C1_ReadDataBlock@address                    cstackCOMRAM 00001C
I2C1_ReadDataBlock@bufferBlock                cstackCOMRAM 00001D
I2C1_ReadDataBlock@data                       cstackCOMRAM 000019
I2C1_ReadDataBlock@len                        cstackCOMRAM 00001A
I2C1_ReadDataBlock@reg                        cstackCOMRAM 000018
I2C1_SetAddressNackCallback@cb                cstackCOMRAM 000006
I2C1_SetAddressNackCallback@ptr               cstackCOMRAM 000008
I2C1_SetBuffer@buffer                         cstackCOMRAM 000001
I2C1_SetBuffer@bufferSize                     cstackCOMRAM 000003
I2C1_SetCallback@cb                           cstackCOMRAM 000001
I2C1_SetCallback@idx                          cstackCOMRAM 000005
I2C1_SetCallback@ptr                          cstackCOMRAM 000003
I2C1_SetDataCompleteCallback@cb               cstackCOMRAM 000006
I2C1_SetDataCompleteCallback@ptr              cstackCOMRAM 000008
I2C1_Write1ByteRegister@address               cstackCOMRAM 00001A
I2C1_Write1ByteRegister@data                  cstackCOMRAM 000019
I2C1_Write1ByteRegister@reg                   cstackCOMRAM 000018
MPU6050_ReadAccelerometer@ax                  cstackCOMRAM 000028
MPU6050_ReadAccelerometer@ax_raw              cstackCOMRAM 000030
MPU6050_ReadAccelerometer@ay                  cstackCOMRAM 00002A
MPU6050_ReadAccelerometer@ay_raw              cstackCOMRAM 000032
MPU6050_ReadAccelerometer@az                  cstackCOMRAM 00002C
MPU6050_ReadAccelerometer@az_raw              cstackCOMRAM 000034
MPU6050_ReadAccelerometer@buffer              cstackCOMRAM 000036
MPU6050_ReadGyroscope@buffer                  cstackCOMRAM 000036
MPU6050_ReadGyroscope@gx                      cstackCOMRAM 000028
MPU6050_ReadGyroscope@gx_raw                  cstackCOMRAM 000030
MPU6050_ReadGyroscope@gy                      cstackCOMRAM 00002A
MPU6050_ReadGyroscope@gy_raw                  cstackCOMRAM 000032
MPU6050_ReadGyroscope@gz                      cstackCOMRAM 00002C
MPU6050_ReadGyroscope@gz_raw                  cstackCOMRAM 000034
UART1_SetErrorHandler@interruptHandler        cstackCOMRAM 000001
UART1_SetFramingErrorHandler@interruptHandler cstackCOMRAM 000001
UART1_SetOverrunErrorHandler@interruptHandler cstackCOMRAM 000001
UART1_Write@txData                            cstackCOMRAM 000001
UART_SendString@str                           cstackCOMRAM 000002
_ANSELA                                       (abs)        003A40
_ANSELB                                       (abs)        003A50
_ANSELC                                       (abs)        003A60
_ANSELD                                       (abs)        003A70
_ANSELE                                       (abs)        003A80
_I2C1CLK                                      (abs)        003D7B
_I2C1CNT                                      (abs)        003D6C
_I2C1CON0                                     (abs)        003D73
_I2C1CON0bits                                 (abs)        003D73
_I2C1CON1                                     (abs)        003D74
_I2C1CON1bits                                 (abs)        003D74
_I2C1CON2                                     (abs)        003D75
_I2C1ERR                                      (abs)        003D76
_I2C1ERRbits                                  (abs)        003D76
_I2C1PIE                                      (abs)        003D7A
_I2C1PIEbits                                  (abs)        003D7A
_I2C1PIR                                      (abs)        003D79
_I2C1PIRbits                                  (abs)        003D79
_I2C1RXB                                      (abs)        003D6A
_I2C1SCLPPS                                   (abs)        003AE1
_I2C1SDAPPS                                   (abs)        003AE2
_I2C1STAT1bits                                (abs)        003D78
_I2C1TXB                                      (abs)        003D6B
_I2C1_CallbackReturnReset                     text81       0045C6
_I2C1_CallbackReturnStop                      text82       0045CA
_I2C1_ClearInterruptFlags                     text91       003EEA
_I2C1_Close                                   text98       004252
_I2C1_DO_ADDRESS_NACK                         text51       003CBE
_I2C1_DO_BUS_COLLISION                        text50       003B0E
_I2C1_DO_BUS_ERROR                            text49       0044C0
_I2C1_DO_IDLE                                 text66       0044FC
_I2C1_DO_RESET                                text52       0044D0
_I2C1_DO_RX                                   text62       003874
_I2C1_DO_RX_ACK                               text55       00456A
_I2C1_DO_RX_EMPTY                             text60       0037D2
_I2C1_DO_RX_NACK_RESTART                      text53       004562
_I2C1_DO_RX_NACK_STOP                         text54       0044E0
_I2C1_DO_SEND_ADR_READ                        text65       004174
_I2C1_DO_SEND_ADR_WRITE                       text64       004416
_I2C1_DO_SEND_RESTART                         text57       0045BE
_I2C1_DO_SEND_RESTART_READ                    text59       0044EE
_I2C1_DO_SEND_RESTART_WRITE                   text58       0045C2
_I2C1_DO_SEND_STOP                            text56       0042D0
_I2C1_DO_TX                                   text63       002FFE
_I2C1_DO_TX$1073                              cstackCOMRAM 00000F
_I2C1_DO_TX_ACK                               text67       004572
_I2C1_DO_TX_EMPTY                             text61       0039A2
_I2C1_Initialize                              text33       004340
_I2C1_MasterClearCountFlag                    text97       0045B8
_I2C1_MasterClearIrq                          text101      00457A
_I2C1_MasterClearNackFlag                     text96       0045B2
_I2C1_MasterClearStopFlag                     text95       0045AC
_I2C1_MasterClose                             text100      004508
_I2C1_MasterDisableIrq                        text99       004380
_I2C1_MasterDisableRestart                    text79       0045A6
_I2C1_MasterEnableRestart                     text78       0045A0
_I2C1_MasterFsm                               text48       003A1E
_I2C1_MasterGetCounter                        text70       004582
_I2C1_MasterGetRxData                         text75       00459A
_I2C1_MasterIsCountFlagSet                    text94       00449A
_I2C1_MasterIsNack                            text69       004442
_I2C1_MasterIsNackFlagSet                     text93       004484
_I2C1_MasterIsRxBufFull                       text74       004458
_I2C1_MasterIsStopFlagSet                     text92       00446E
_I2C1_MasterIsTxBufEmpty                      text68       00442C
_I2C1_MasterOpen                              text43       004146
_I2C1_MasterOperation                         text45       003E98
_I2C1_MasterResetBus                          text80       004550
_I2C1_MasterSendAck                           text73       004594
_I2C1_MasterSendNack                          text72       00458E
_I2C1_MasterSendTxData                        text76       00453C
_I2C1_MasterSetCounter                        text77       004546
_I2C1_MasterStop                              text71       004588
_I2C1_MasterWaitForEvent                      text47       003D8C
_I2C1_MasterWrite                             text44       00455A
_I2C1_Open                                    text42       003912
_I2C1_Poller                                  text46       004362
_I2C1_ReadDataBlock                           text38       003A98
_I2C1_SetAddressNackCallback                  text41       0043D0
_I2C1_SetBuffer                               text90       00431C
_I2C1_SetCallback                             text89       003B7E
_I2C1_SetDataCompleteCallback                 text88       0043E8
_I2C1_Status                                  bssBANK0     0000AF
_I2C1_Write1ByteRegister                      text40       003BEC
_INLVLA                                       (abs)        003A44
_INLVLB                                       (abs)        003A54
_INLVLC                                       (abs)        003A64
_INLVLD                                       (abs)        003A74
_INLVLE                                       (abs)        003A84
_LATA                                         (abs)        003FBA
_LATB                                         (abs)        003FBB
_LATC                                         (abs)        003FBC
_LATD                                         (abs)        003FBD
_LATE                                         (abs)        003FBE
_MPU6050_Init                                 text39       0044B0
_MPU6050_ReadAccelerometer                    text35       002E84
_MPU6050_ReadGyroscope                        text34       002D0A
_ODCONA                                       (abs)        003A42
_ODCONB                                       (abs)        003A52
_ODCONC                                       (abs)        003A62
_ODCOND                                       (abs)        003A72
_ODCONE                                       (abs)        003A82
_OSCCON1                                      (abs)        0039D9
_OSCCON3                                      (abs)        0039DB
_OSCEN                                        (abs)        0039DD
_OSCFRQ                                       (abs)        0039DF
_OSCILLATOR_Initialize                        text32       0043B8
_OSCTUNE                                      (abs)        0039DE
_PIE2bits                                     (abs)        003992
_PIE3bits                                     (abs)        003993
_PIN_MANAGER_Initialize                       text31       003728
_PIR2bits                                     (abs)        0039A2
_PIR3bits                                     (abs)        0039A3
_PMD0                                         (abs)        0039C0
_PMD1                                         (abs)        0039C1
_PMD2                                         (abs)        0039C2
_PMD3                                         (abs)        0039C3
_PMD4                                         (abs)        0039C4
_PMD5                                         (abs)        0039C5
_PMD6                                         (abs)        0039C6
_PMD7                                         (abs)        0039C7
_PMD_Initialize                               text30       0042F8
_RB1I2C                                       (abs)        003A5A
_RB1PPS                                       (abs)        003A09
_RB2I2C                                       (abs)        003A5B
_RB2PPS                                       (abs)        003A0A
_RC3I2C                                       (abs)        003A6A
_RC4I2C                                       (abs)        003A6B
_RC6PPS                                       (abs)        003A16
_RD0I2C                                       (abs)        003A7A
_RD1I2C                                       (abs)        003A7B
_SLRCONA                                      (abs)        003A43
_SLRCONB                                      (abs)        003A53
_SLRCONC                                      (abs)        003A63
_SLRCOND                                      (abs)        003A73
_SLRCONE                                      (abs)        003A83
_SYSTEM_Initialize                            text25       004400
_TRISA                                        (abs)        003FC2
_TRISB                                        (abs)        003FC3
_TRISC                                        (abs)        003FC4
_TRISD                                        (abs)        003FC5
_TRISE                                        (abs)        003FC6
_U1BRGH                                       (abs)        003DF6
_U1BRGL                                       (abs)        003DF5
_U1CON0                                       (abs)        003DF2
_U1CON0bits                                   (abs)        003DF2
_U1CON1                                       (abs)        003DF3
_U1CON2                                       (abs)        003DF4
_U1ERRIE                                      (abs)        003DFA
_U1ERRIR                                      (abs)        003DF9
_U1ERRIRbits                                  (abs)        003DF9
_U1FIFO                                       (abs)        003DF7
_U1P1H                                        (abs)        003DED
_U1P1L                                        (abs)        003DEC
_U1P2H                                        (abs)        003DEF
_U1P2L                                        (abs)        003DEE
_U1P3H                                        (abs)        003DF1
_U1P3L                                        (abs)        003DF0
_U1RXB                                        (abs)        003DE8
_U1RXPPS                                      (abs)        003AE5
_U1TXB                                        (abs)        003DEA
_U1UIR                                        (abs)        003DF8
_UART1_DefaultErrorHandler                    (abs)        000000
_UART1_DefaultFramingErrorHandler             (abs)        000000
_UART1_DefaultOverrunErrorHandler             (abs)        000000
_UART1_ErrorHandler                           nvBANK0      0000E1
_UART1_FramingErrorHandler                    nvBANK0      0000E5
_UART1_Initialize                             text26       003C56
_UART1_OverrunErrorHandler                    nvBANK0      0000E3
_UART1_SetErrorHandler                        text29       004532
_UART1_SetFramingErrorHandler                 text28       004528
_UART1_SetOverrunErrorHandler                 text27       00451E
_UART1_Write                                  text24       00439E
_UART_SendString                              text23       00410E
_WPUA                                         (abs)        003A41
_WPUB                                         (abs)        003A51
_WPUC                                         (abs)        003A61
_WPUD                                         (abs)        003A71
_WPUE                                         (abs)        003A81
__HRAM                                        (abs)        000000
__H__absolute__                               __absolute__ 000000
__Habs1                                       abs1         000000
__Hbank0                                      bank0        000000
__Hbank1                                      bank1        000000
__Hbank10                                     bank10       000000
__Hbank11                                     bank11       000000
__Hbank12                                     bank12       000000
__Hbank13                                     bank13       000000
__Hbank14                                     bank14       000000
__Hbank15                                     bank15       000000
__Hbank2                                      bank2        000000
__Hbank3                                      bank3        000000
__Hbank4                                      bank4        000000
__Hbank5                                      bank5        000000
__Hbank6                                      bank6        000000
__Hbank7                                      bank7        000000
__Hbank8                                      bank8        000000
__Hbank9                                      bank9        000000
__Hbigbss                                     bigbss       000000
__Hbigdata                                    bigdata      000000
__Hbigram                                     bigram       000000
__Hbigsfr                                     bigsfr       000000
__Hbss                                        bss          000000
__HbssBANK0                                   bssBANK0     000000
__HbssBANK2                                   bssBANK2     000000
__HbssCOMRAM                                  bssCOMRAM    000000
__Hcinit                                      cinit        000000
__Hclrtext                                    clrtext      000000
__Hcomram                                     comram       000000
__Hconfig                                     config       30000A
__Hconst                                      const        000000
__HcstackBANK0                                cstackBANK0  000000
__HcstackBANK1                                cstackBANK1  000000
__HcstackCOMRAM                               cstackCOMRAM 000000
__Hdata                                       data         000000
__Heeprom_data                                eeprom_data  000000
__Hfarbss                                     farbss       000000
__Hfardata                                    fardata      000000
__Hheap                                       heap         000000
__Hibigdata                                   ibigdata     000000
__Hidata                                      idata        000000
__Hidloc                                      idloc        000000
__Hifardata                                   ifardata     000000
__Hinit                                       init         010000
__Hintsave_regs                               intsave_regs 000000
__Hirdata                                     irdata       000000
__Hmediumconst                                mediumconst  000000
__HnvBANK0                                    nvBANK0      000000
__HnvFARRAM                                   nvFARRAM     000000
__Hnvbit                                      nvbit        000000
__Hnvrram                                     nvrram       000000
__Hparam                                      rparam       000000
__Hpowerup                                    powerup      000000
__Hram                                        ram          000000
__Hramtop                                     ramtop       001000
__Hrbit                                       rbit         000000
__Hrbss                                       rbss         000000
__Hrdata                                      rdata        000000
__Hreset_vec                                  reset_vec    000004
__Hrparam                                     rparam       000000
__Hsfr                                        sfr          000000
__Hsmallconst                                 smallconst   00106C
__Hspace_0                                    (abs)        010000
__Hspace_1                                    (abs)        000250
__Hspace_2                                    (abs)        000000
__Hspace_4                                    (abs)        60000A
__Hstack                                      stack        000000
__Hstruct                                     struct       000000
__Htemp                                       temp         000000
__Htext                                       text         000000
__Htext0                                      text0        000000
__Htext1                                      text1        000000
__Htext10                                     text10       000000
__Htext100                                    text100      000000
__Htext101                                    text101      000000
__Htext102                                    text102      000000
__Htext11                                     text11       000000
__Htext12                                     text12       000000
__Htext13                                     text13       000000
__Htext14                                     text14       000000
__Htext15                                     text15       000000
__Htext16                                     text16       000000
__Htext17                                     text17       000000
__Htext18                                     text18       000000
__Htext19                                     text19       000000
__Htext2                                      text2        000000
__Htext20                                     text20       000000
__Htext21                                     text21       000000
__Htext22                                     text22       000000
__Htext23                                     text23       000000
__Htext24                                     text24       000000
__Htext25                                     text25       000000
__Htext26                                     text26       000000
__Htext27                                     text27       000000
__Htext28                                     text28       000000
__Htext29                                     text29       000000
__Htext3                                      text3        000000
__Htext30                                     text30       000000
__Htext31                                     text31       000000
__Htext32                                     text32       000000
__Htext33                                     text33       000000
__Htext34                                     text34       000000
__Htext35                                     text35       000000
__Htext36                                     text36       000000
__Htext37                                     text37       000000
__Htext38                                     text38       000000
__Htext39                                     text39       000000
__Htext4                                      text4        000000
__Htext40                                     text40       000000
__Htext41                                     text41       000000
__Htext42                                     text42       000000
__Htext43                                     text43       000000
__Htext44                                     text44       000000
__Htext45                                     text45       000000
__Htext46                                     text46       000000
__Htext47                                     text47       000000
__Htext48                                     text48       000000
__Htext49                                     text49       000000
__Htext5                                      text5        000000
__Htext50                                     text50       000000
__Htext51                                     text51       000000
__Htext52                                     text52       000000
__Htext53                                     text53       000000
__Htext54                                     text54       000000
__Htext55                                     text55       000000
__Htext56                                     text56       000000
__Htext57                                     text57       000000
__Htext58                                     text58       000000
__Htext59                                     text59       000000
__Htext6                                      text6        000000
__Htext60                                     text60       000000
__Htext61                                     text61       000000
__Htext62                                     text62       000000
__Htext63                                     text63       000000
__Htext64                                     text64       000000
__Htext65                                     text65       000000
__Htext66                                     text66       000000
__Htext67                                     text67       000000
__Htext68                                     text68       000000
__Htext69                                     text69       000000
__Htext7                                      text7        000000
__Htext70                                     text70       000000
__Htext71                                     text71       000000
__Htext72                                     text72       000000
__Htext73                                     text73       000000
__Htext74                                     text74       000000
__Htext75                                     text75       000000
__Htext76                                     text76       000000
__Htext77                                     text77       000000
__Htext78                                     text78       000000
__Htext79                                     text79       000000
__Htext8                                      text8        000000
__Htext80                                     text80       000000
__Htext81                                     text81       000000
__Htext82                                     text82       000000
__Htext83                                     text83       000000
__Htext84                                     text84       000000
__Htext85                                     text85       000000
__Htext86                                     text86       000000
__Htext87                                     text87       000000
__Htext88                                     text88       000000
__Htext89                                     text89       000000
__Htext9                                      text9        000000
__Htext90                                     text90       000000
__Htext91                                     text91       000000
__Htext92                                     text92       000000
__Htext93                                     text93       000000
__Htext94                                     text94       000000
__Htext95                                     text95       000000
__Htext96                                     text96       000000
__Htext97                                     text97       000000
__Htext98                                     text98       000000
__Htext99                                     text99       000000
__LRAM                                        (abs)        000001
__L__absolute__                               __absolute__ 000000
__Labs1                                       abs1         000000
__Lbank0                                      bank0        000000
__Lbank1                                      bank1        000000
__Lbank10                                     bank10       000000
__Lbank11                                     bank11       000000
__Lbank12                                     bank12       000000
__Lbank13                                     bank13       000000
__Lbank14                                     bank14       000000
__Lbank15                                     bank15       000000
__Lbank2                                      bank2        000000
__Lbank3                                      bank3        000000
__Lbank4                                      bank4        000000
__Lbank5                                      bank5        000000
__Lbank6                                      bank6        000000
__Lbank7                                      bank7        000000
__Lbank8                                      bank8        000000
__Lbank9                                      bank9        000000
__Lbigbss                                     bigbss       000000
__Lbigdata                                    bigdata      000000
__Lbigram                                     bigram       000000
__Lbigsfr                                     bigsfr       000000
__Lbss                                        bss          000000
__LbssBANK0                                   bssBANK0     000000
__LbssBANK2                                   bssBANK2     000000
__LbssCOMRAM                                  bssCOMRAM    000000
__Lcinit                                      cinit        000000
__Lclrtext                                    clrtext      000000
__Lcomram                                     comram       000000
__Lconfig                                     config       000000
__Lconst                                      const        000000
__LcstackBANK0                                cstackBANK0  000000
__LcstackBANK1                                cstackBANK1  000000
__LcstackCOMRAM                               cstackCOMRAM 000000
__Ldata                                       data         000000
__Leeprom_data                                eeprom_data  000000
__Lfarbss                                     farbss       000000
__Lfardata                                    fardata      000000
__Lheap                                       heap         000000
__Libigdata                                   ibigdata     000000
__Lidata                                      idata        000000
__Lidloc                                      idloc        000000
__Lifardata                                   ifardata     000000
__Linit                                       init         00FFFC
__Lintsave_regs                               intsave_regs 000000
__Lirdata                                     irdata       000000
__Lmediumconst                                mediumconst  000000
__LnvBANK0                                    nvBANK0      000000
__LnvFARRAM                                   nvFARRAM     000000
__Lnvbit                                      nvbit        000000
__Lnvrram                                     nvrram       000000
__Lparam                                      rparam       000000
__Lpowerup                                    powerup      000000
__Lram                                        ram          000000
__Lramtop                                     ramtop       001000
__Lrbit                                       rbit         000000
__Lrbss                                       rbss         000000
__Lrdata                                      rdata        000000
__Lreset_vec                                  reset_vec    000000
__Lrparam                                     rparam       000000
__Lsfr                                        sfr          000000
__Lsmallconst                                 smallconst   001000
__Lspace_0                                    (abs)        000000
__Lspace_1                                    (abs)        000000
__Lspace_2                                    (abs)        000000
__Lspace_4                                    (abs)        000000
__Lstack                                      stack        000000
__Lstruct                                     struct       000000
__Ltemp                                       temp         000000
__Ltext                                       text         000000
__Ltext0                                      text0        000000
__Ltext1                                      text1        000000
__Ltext10                                     text10       000000
__Ltext100                                    text100      000000
__Ltext101                                    text101      000000
__Ltext102                                    text102      000000
__Ltext11                                     text11       000000
__Ltext12                                     text12       000000
__Ltext13                                     text13       000000
__Ltext14                                     text14       000000
__Ltext15                                     text15       000000
__Ltext16                                     text16       000000
__Ltext17                                     text17       000000
__Ltext18                                     text18       000000
__Ltext19                                     text19       000000
__Ltext2                                      text2        000000
__Ltext20                                     text20       000000
__Ltext21                                     text21       000000
__Ltext22                                     text22       000000
__Ltext23                                     text23       000000
__Ltext24                                     text24       000000
__Ltext25                                     text25       000000
__Ltext26                                     text26       000000
__Ltext27                                     text27       000000
__Ltext28                                     text28       000000
__Ltext29                                     text29       000000
__Ltext3                                      text3        000000
__Ltext30                                     text30       000000
__Ltext31                                     text31       000000
__Ltext32                                     text32       000000
__Ltext33                                     text33       000000
__Ltext34                                     text34       000000
__Ltext35                                     text35       000000
__Ltext36                                     text36       000000
__Ltext37                                     text37       000000
__Ltext38                                     text38       000000
__Ltext39                                     text39       000000
__Ltext4                                      text4        000000
__Ltext40                                     text40       000000
__Ltext41                                     text41       000000
__Ltext42                                     text42       000000
__Ltext43                                     text43       000000
__Ltext44                                     text44       000000
__Ltext45                                     text45       000000
__Ltext46                                     text46       000000
__Ltext47                                     text47       000000
__Ltext48                                     text48       000000
__Ltext49                                     text49       000000
__Ltext5                                      text5        000000
__Ltext50                                     text50       000000
__Ltext51                                     text51       000000
__Ltext52                                     text52       000000
__Ltext53                                     text53       000000
__Ltext54                                     text54       000000
__Ltext55                                     text55       000000
__Ltext56                                     text56       000000
__Ltext57                                     text57       000000
__Ltext58                                     text58       000000
__Ltext59                                     text59       000000
__Ltext6                                      text6        000000
__Ltext60                                     text60       000000
__Ltext61                                     text61       000000
__Ltext62                                     text62       000000
__Ltext63                                     text63       000000
__Ltext64                                     text64       000000
__Ltext65                                     text65       000000
__Ltext66                                     text66       000000
__Ltext67                                     text67       000000
__Ltext68                                     text68       000000
__Ltext69                                     text69       000000
__Ltext7                                      text7        000000
__Ltext70                                     text70       000000
__Ltext71                                     text71       000000
__Ltext72                                     text72       000000
__Ltext73                                     text73       000000
__Ltext74                                     text74       000000
__Ltext75                                     text75       000000
__Ltext76                                     text76       000000
__Ltext77                                     text77       000000
__Ltext78                                     text78       000000
__Ltext79                                     text79       000000
__Ltext8                                      text8        000000
__Ltext80                                     text80       000000
__Ltext81                                     text81       000000
__Ltext82                                     text82       000000
__Ltext83                                     text83       000000
__Ltext84                                     text84       000000
__Ltext85                                     text85       000000
__Ltext86                                     text86       000000
__Ltext87                                     text87       000000
__Ltext88                                     text88       000000
__Ltext89                                     text89       000000
__Ltext9                                      text9        000000
__Ltext90                                     text90       000000
__Ltext91                                     text91       000000
__Ltext92                                     text92       000000
__Ltext93                                     text93       000000
__Ltext94                                     text94       000000
__Ltext95                                     text95       000000
__Ltext96                                     text96       000000
__Ltext97                                     text97       000000
__Ltext98                                     text98       000000
__Ltext99                                     text99       000000
__S0                                          (abs)        010000
__S1                                          (abs)        000250
__S4                                          (abs)        000000
__S5                                          (abs)        000000
___fladd                                      text18       001A58
___fladd@a                                    cstackCOMRAM 000005
___fladd@aexp                                 cstackCOMRAM 00000E
___fladd@b                                    cstackCOMRAM 000001
___fladd@bexp                                 cstackCOMRAM 00000F
___fladd@grs                                  cstackCOMRAM 000010
___fladd@signs                                cstackCOMRAM 00000D
___fldiv                                      text37       002366
___fldiv@a                                    cstackCOMRAM 000013
___fldiv@aexp                                 cstackCOMRAM 000027
___fldiv@b                                    cstackCOMRAM 00000F
___fldiv@bexp                                 cstackCOMRAM 000026
___fldiv@grs                                  cstackCOMRAM 000022
___fldiv@new_exp                              cstackCOMRAM 000020
___fldiv@rem                                  cstackCOMRAM 00001B
___fldiv@sign                                 cstackCOMRAM 00001F
___fleq                                       text22       00367E
___fleq@ff1                                   cstackCOMRAM 000001
___fleq@ff2                                   cstackCOMRAM 000005
___flge                                       text21       003226
___flge@ff1                                   cstackCOMRAM 00001A
___flge@ff2                                   cstackCOMRAM 00001E
___flmul                                      text20       001F18
___flmul@a                                    cstackCOMRAM 000005
___flmul@aexp                                 cstackCOMRAM 000012
___flmul@b                                    cstackCOMRAM 000001
___flmul@bexp                                 cstackCOMRAM 000013
___flmul@grs                                  cstackCOMRAM 00000E
___flmul@prod                                 cstackCOMRAM 000014
___flmul@sign                                 cstackCOMRAM 00000D
___flmul@temp                                 cstackCOMRAM 000018
___flneg                                      text19       0040D6
___flneg@f1                                   cstackCOMRAM 000001
___flsub                                      text17       003FCC
___flsub@a                                    cstackCOMRAM 00001E
___flsub@b                                    cstackCOMRAM 00001A
___fltol                                      text16       003120
___fltol@exp1                                 cstackCOMRAM 00000A
___fltol@f1                                   cstackCOMRAM 000001
___fltol@sign1                                cstackCOMRAM 000009
___fpclassifyf                                text15       00332A
___fpclassifyf@F465                           bssBANK0     0000D7
___fpclassifyf@e                              cstackCOMRAM 000009
___fpclassifyf@u                              cstackCOMRAM 00000B
___fpclassifyf@x                              cstackCOMRAM 000001
___heap_hi                                    (abs)        000000
___heap_lo                                    (abs)        000000
___inthi_sp                                   stack        000000
___inthi_stack_hi                             stack        000000
___inthi_stack_lo                             stack        000000
___intlo_sp                                   stack        000000
___intlo_stack_hi                             stack        000000
___intlo_stack_lo                             stack        000000
___param_bank                                 (abs)        000000
___rparam_used                                (abs)        000001
___sp                                         stack        000000
___stack_hi                                   stack        000000
___stack_lo                                   stack        000000
___wmul                                       text5        00427E
___wmul@multiplicand                          cstackCOMRAM 000003
___wmul@multiplier                            cstackCOMRAM 000001
___wmul@product                               cstackCOMRAM 000005
___xxtofl                                     text36       002B56
___xxtofl@arg                                 cstackCOMRAM 00000B
___xxtofl@exp                                 cstackCOMRAM 00000A
___xxtofl@sign                                cstackCOMRAM 000009
___xxtofl@val                                 cstackCOMRAM 000001
__accesstop                                   (abs)        000060
__activetblptr                                (abs)        000003
__end_of_I2C1_CallbackReturnReset             text81       0045CA
__end_of_I2C1_CallbackReturnStop              text82       0045CE
__end_of_I2C1_ClearInterruptFlags             text91       003F3C
__end_of_I2C1_Close                           text98       00427E
__end_of_I2C1_DO_ADDRESS_NACK                 text51       003D26
__end_of_I2C1_DO_BUS_COLLISION                text50       003B7E
__end_of_I2C1_DO_BUS_ERROR                    text49       0044D0
__end_of_I2C1_DO_IDLE                         text66       004508
__end_of_I2C1_DO_RESET                        text52       0044E0
__end_of_I2C1_DO_RX                           text62       003912
__end_of_I2C1_DO_RX_ACK                       text55       004572
__end_of_I2C1_DO_RX_EMPTY                     text60       003874
__end_of_I2C1_DO_RX_NACK_RESTART              text53       00456A
__end_of_I2C1_DO_RX_NACK_STOP                 text54       0044EE
__end_of_I2C1_DO_SEND_ADR_READ                text65       0041A2
__end_of_I2C1_DO_SEND_ADR_WRITE               text64       00442C
__end_of_I2C1_DO_SEND_RESTART                 text57       0045C2
__end_of_I2C1_DO_SEND_RESTART_READ            text59       0044FC
__end_of_I2C1_DO_SEND_RESTART_WRITE           text58       0045C6
__end_of_I2C1_DO_SEND_STOP                    text56       0042F8
__end_of_I2C1_DO_TX                           text63       003120
__end_of_I2C1_DO_TX_ACK                       text67       00457A
__end_of_I2C1_DO_TX_EMPTY                     text61       003A1E
__end_of_I2C1_Initialize                      text33       004362
__end_of_I2C1_MasterClearCountFlag            text97       0045BE
__end_of_I2C1_MasterClearIrq                  text101      004582
__end_of_I2C1_MasterClearNackFlag             text96       0045B8
__end_of_I2C1_MasterClearStopFlag             text95       0045B2
__end_of_I2C1_MasterClose                     text100      004514
__end_of_I2C1_MasterDisableIrq                text99       00439E
__end_of_I2C1_MasterDisableRestart            text79       0045AC
__end_of_I2C1_MasterEnableRestart             text78       0045A6
__end_of_I2C1_MasterFsm                       text48       003A98
__end_of_I2C1_MasterGetCounter                text70       004588
__end_of_I2C1_MasterGetRxData                 text75       0045A0
__end_of_I2C1_MasterIsCountFlagSet            text94       0044B0
__end_of_I2C1_MasterIsNack                    text69       004458
__end_of_I2C1_MasterIsNackFlagSet             text93       00449A
__end_of_I2C1_MasterIsRxBufFull               text74       00446E
__end_of_I2C1_MasterIsStopFlagSet             text92       004484
__end_of_I2C1_MasterIsTxBufEmpty              text68       004442
__end_of_I2C1_MasterOpen                      text43       004174
__end_of_I2C1_MasterOperation                 text45       003EEA
__end_of_I2C1_MasterResetBus                  text80       00455A
__end_of_I2C1_MasterSendAck                   text73       00459A
__end_of_I2C1_MasterSendNack                  text72       004594
__end_of_I2C1_MasterSendTxData                text76       004546
__end_of_I2C1_MasterSetCounter                text77       004550
__end_of_I2C1_MasterStop                      text71       00458E
__end_of_I2C1_MasterWaitForEvent              text47       003DE8
__end_of_I2C1_MasterWrite                     text44       004562
__end_of_I2C1_Open                            text42       0039A2
__end_of_I2C1_Poller                          text46       004380
__end_of_I2C1_ReadDataBlock                   text38       003B0E
__end_of_I2C1_SetAddressNackCallback          text41       0043E8
__end_of_I2C1_SetBuffer                       text90       004340
__end_of_I2C1_SetCallback                     text89       003BEC
__end_of_I2C1_SetDataCompleteCallback         text88       004400
__end_of_I2C1_Write1ByteRegister              text40       003C56
__end_of_MPU6050_Init                         text39       0044C0
__end_of_MPU6050_ReadAccelerometer            text35       002FFE
__end_of_MPU6050_ReadGyroscope                text34       002E84
__end_of_OSCILLATOR_Initialize                text32       0043D0
__end_of_PIN_MANAGER_Initialize               text31       0037D2
__end_of_PMD_Initialize                       text30       00431C
__end_of_SYSTEM_Initialize                    text25       004416
__end_of_UART1_Initialize                     text26       003CBE
__end_of_UART1_SetErrorHandler                text29       00453C
__end_of_UART1_SetFramingErrorHandler         text28       004532
__end_of_UART1_SetOverrunErrorHandler         text27       004528
__end_of_UART1_Write                          text24       0043B8
__end_of_UART_SendString                      text23       004146
__end_of___fladd                              text18       001F18
__end_of___fldiv                              text37       002700
__end_of___fleq                               text22       003728
__end_of___flge                               text21       00332A
__end_of___flmul                              text20       002366
__end_of___flneg                              text19       00410E
__end_of___flsub                              text17       004012
__end_of___fltol                              text16       003226
__end_of___fpclassifyf                        text15       003428
__end_of___wmul                               text5        0042A8
__end_of___xxtofl                             text36       002D0A
__end_of__initialization                      cinit        0042CA
__end_of_efgtoa                               text6        001A58
__end_of_floorf                               text14       002B56
__end_of_fputc                                text10       0035CC
__end_of_fputs                                text9        0040D6
__end_of_i2c1_fsmStateTable                   smallconst   001027
__end_of_labs                                 text13       003E98
__end_of_main                                 text0        003508
__end_of_memcpy                               text12       003E42
__end_of_pad                                  text8        003D8C
__end_of_putch                                text11       00451E
__end_of_rd1RegCompleteHandler                text86       004226
__end_of_rd2RegCompleteHandler                text85       0041FA
__end_of_rdBlkRegCompleteHandler              text83       003F86
__end_of_read_prec_or_width                   text4        00367E
__end_of_sprintf                              text1        004096
__end_of_strcpy                               text7        004056
__end_of_vfpfcnvrt                            text3        002944
__end_of_vfprintf                             text2        003FCC
__end_of_wr1RegCompleteHandler                text84       0041CE
__end_of_wr2RegCompleteHandler                text87       004252
__initialization                              cinit        0042A8
__mediumconst                                 mediumconst  000000
__pbssBANK0                                   bssBANK0     0000AF
__pbssBANK2                                   bssBANK2     000200
__pbssCOMRAM                                  bssCOMRAM    00005A
__pcinit                                      cinit        0042A8
__pcstackBANK0                                cstackBANK0  000060
__pcstackBANK1                                cstackBANK1  000100
__pcstackCOMRAM                               cstackCOMRAM 000001
__pnvBANK0                                    nvBANK0      0000E1
__psmallconst                                 smallconst   001000
__ptext0                                      text0        003428
__ptext1                                      text1        004056
__ptext10                                     text10       003508
__ptext100                                    text100      004508
__ptext101                                    text101      00457A
__ptext102                                    text102      000000
__ptext11                                     text11       004514
__ptext12                                     text12       003DE8
__ptext13                                     text13       003E42
__ptext14                                     text14       002944
__ptext15                                     text15       00332A
__ptext16                                     text16       003120
__ptext17                                     text17       003FCC
__ptext18                                     text18       001A58
__ptext19                                     text19       0040D6
__ptext2                                      text2        003F86
__ptext20                                     text20       001F18
__ptext21                                     text21       003226
__ptext22                                     text22       00367E
__ptext23                                     text23       00410E
__ptext24                                     text24       00439E
__ptext25                                     text25       004400
__ptext26                                     text26       003C56
__ptext27                                     text27       00451E
__ptext28                                     text28       004528
__ptext29                                     text29       004532
__ptext3                                      text3        002700
__ptext30                                     text30       0042F8
__ptext31                                     text31       003728
__ptext32                                     text32       0043B8
__ptext33                                     text33       004340
__ptext34                                     text34       002D0A
__ptext35                                     text35       002E84
__ptext36                                     text36       002B56
__ptext37                                     text37       002366
__ptext38                                     text38       003A98
__ptext39                                     text39       0044B0
__ptext4                                      text4        0035CC
__ptext40                                     text40       003BEC
[...]
__ptext53                                     text53       004562
__ptext54                                     text54       0044E0
__ptext55                                     text55       00456A
__ptext56                                     text56       0042D0
__ptext57                                     text57       0045BE
__ptext58                                     text58       0045C2
__ptext59                                     text59       0044EE
__ptext6                                      text6        00106C
__ptext60                                     text60       0037D2
__ptext61                                     text61       0039A2
__ptext62                                     text62       003874
__ptext63                                     text63       002FFE
__ptext64                                     text64       004416
__ptext65                                     text65       004174
__ptext66                                     text66       0044FC
__ptext67                                     text67       004572
__ptext68                                     text68       00442C
__ptext69                                     text69       004442
__ptext7                                      text7        004012
__ptext70                                     text70       004582
__ptext71                                     text71       004588
__ptext72                                     text72       00458E
__ptext73                                     text73       004594
__ptext74                                     text74       004458
__ptext75                                     text75       00459A
__ptext76                                     text76       00453C
__ptext77                                     text77       004546
__ptext78                                     text78       0045A0
__ptext79                                     text79       0045A6
__ptext8                                      text8        003D26
__ptext80                                     text80       004550
__ptext81                                     text81       0045C6
__ptext82                                     text82       0045CA
__ptext83                                     text83       003F3C
__ptext84                                     text84       0041A2
__ptext85                                     text85       0041CE
__ptext86                                     text86       0041FA
__ptext87                                     text87       004226
__ptext88                                     text88       0043E8
__ptext89                                     text89       003B7E
__ptext9                                      text9        004096
__ptext90                                     text90       00431C
__ptext91                                     text91       003EEA
__ptext92                                     text92       00446E
__ptext93                                     text93       004484
__ptext94                                     text94       00449A
__ptext95                                     text95       0045AC
__ptext96                                     text96       0045B2
__ptext97                                     text97       0045B8
__ptext98                                     text98       004252
__ptext99                                     text99       004380
__ramtop                                      ramtop       001000
__smallconst                                  smallconst   001000
_dbuf                                         bssBANK2     000200
_efgtoa                                       text6        00106C
_efgtoa$1958                                  cstackBANK0  000066
_flags                                        bssBANK0     0000E0
_floorf                                       text14       002944
_fputc                                        text10       003508
_fputs                                        text9        004096
_i2c1_fsmStateTable                           smallconst   001001
_labs                                         text13       003E42
_main                                         text0        003428
_memcpy                                       text12       003DE8
_pad                                          text8        003D26
_prec                                         bssCOMRAM    00005C
_putch                                        text11       004514
_rd1RegCompleteHandler                        text86       0041FA
_rd2RegCompleteHandler                        text85       0041CE
_rdBlkRegCompleteHandler                      text83       003F3C
_read_prec_or_width                           text4        0035CC
_sprintf                                      text1        004056
_strcpy                                       text7        004012
_uart1RxLastError                             bssCOMRAM    00005E
_vfpfcnvrt                                    text3        002700
_vfprintf                                     text2        003F86
_width                                        bssCOMRAM    00005A
_wr1RegCompleteHandler                        text84       0041A2
_wr2RegCompleteHandler                        text87       004226
efgtoa@c                                      cstackCOMRAM 000041
efgtoa@d                                      cstackBANK0  00006B
efgtoa@e                                      cstackBANK0  00006F
efgtoa@f                                      cstackCOMRAM 00003D
efgtoa@fp                                     cstackCOMRAM 00003C
efgtoa@g                                      cstackBANK0  000082
efgtoa@h                                      cstackBANK0  000079
efgtoa@i                                      cstackBANK0  000077
efgtoa@l                                      cstackBANK0  00007D
efgtoa@m                                      cstackBANK0  00006D
efgtoa@mode                                   cstackBANK0  000069
efgtoa@n                                      cstackBANK0  000086
efgtoa@ne                                     cstackBANK0  000060
efgtoa@nmode                                  cstackBANK0  00006A
efgtoa@ou                                     cstackBANK0  000073
efgtoa@p                                      cstackBANK0  000062
efgtoa@pp                                     cstackBANK0  000068
efgtoa@sign                                   cstackBANK0  000081
efgtoa@t                                      cstackBANK0  000064
efgtoa@u                                      cstackBANK0  000088
efgtoa@w                                      cstackBANK0  000071
end_of_initialization                         cinit        0042CA
floorf@F521                                   bssBANK0     0000D3
floorf@e                                      cstackCOMRAM 000036
floorf@m                                      cstackCOMRAM 000032
floorf@u                                      cstackCOMRAM 000038
floorf@x                                      cstackCOMRAM 000028
fputc@c                                       cstackCOMRAM 000003
fputc@fp                                      cstackCOMRAM 000005
fputs@c                                       cstackCOMRAM 00000E
fputs@fp                                      cstackCOMRAM 00000D
fputs@i                                       cstackCOMRAM 00000F
fputs@s                                       cstackCOMRAM 00000B
intlevel0                                     text         000000
intlevel1                                     text         000000
intlevel2                                     text         000000
intlevel3                                     text         000000
isa$std                                       (abs)        000001
isa$xinst                                     (abs)        000000
labs@a                                        cstackCOMRAM 000001
main@ax                                       cstackBANK1  0001C8
main@ay                                       cstackBANK1  0001CC
main@az                                       cstackBANK1  0001D0
main@buffer                                   cstackBANK1  000100
main@gx                                       cstackBANK1  0001D4
main@gy                                       cstackBANK1  0001D8
main@gz                                       cstackBANK1  0001DC
memcpy@d                                      cstackCOMRAM 000008
memcpy@d1                                     cstackCOMRAM 000001
memcpy@n                                      cstackCOMRAM 000005
memcpy@s                                      cstackCOMRAM 00000A
memcpy@s1                                     cstackCOMRAM 000003
memcpy@tmp                                    cstackCOMRAM 000007
pad@buf                                       cstackCOMRAM 000012
pad@fp                                        cstackCOMRAM 000011
pad@i                                         cstackCOMRAM 000017
pad@p                                         cstackCOMRAM 000014
putch@txData                                  cstackCOMRAM 000002
rd1RegCompleteHandler@ptr                     cstackCOMRAM 00000A
rd2RegCompleteHandler@ptr                     cstackCOMRAM 00000A
rdBlkRegCompleteHandler@ptr                   cstackCOMRAM 00000A
read_prec_or_width@ap                         cstackCOMRAM 000008
read_prec_or_width@c                          cstackCOMRAM 000009
read_prec_or_width@fmt                        cstackCOMRAM 000007
read_prec_or_width@n                          cstackCOMRAM 00000A
sprintf@ap                                    cstackCOMRAM 00004D
sprintf@f                                     cstackCOMRAM 00004E
sprintf@fmt                                   cstackBANK0  000094
sprintf@s                                     cstackBANK0  000092
stackhi                                       (abs)        000000
stacklo                                       (abs)        000000
start                                         init         00FFFC
start_initialization                          cinit        0042A8
strcpy@d                                      cstackCOMRAM 000005
strcpy@dest                                   cstackCOMRAM 000001
strcpy@src                                    cstackCOMRAM 000003
vfpfcnvrt@ap                                  cstackBANK0  00008E
vfpfcnvrt@c                                   cstackCOMRAM 00004A
vfpfcnvrt@convarg                             cstackCOMRAM 000046
vfpfcnvrt@cp                                  cstackCOMRAM 00004B
vfpfcnvrt@fmt                                 cstackBANK0  00008D
vfpfcnvrt@fp                                  cstackBANK0  00008C
vfprintf@ap                                   cstackBANK0  000091
vfprintf@cfmt                                 cstackCOMRAM 00004C
vfprintf@fmt                                  cstackBANK0  000090
vfprintf@fp                                   cstackBANK0  00008F
wr1RegCompleteHandler@ptr                     cstackCOMRAM 00000A
wr2RegCompleteHandler@ptr                     cstackCOMRAM 00000A


MODULE INFORMATION

Module		Function		Class		Link	Load	Size
C:\Program Files\Microchip\xc8\v2.45\pic\sources\c99\common\Umul16.c
		___wmul        		CODE           	427E	0000	42

C:\Program Files\Microchip\xc8\v2.45\pic\sources\c99\common\Umul16.c estimated size: 42

mcc_generated_files/examples/i2c1_master_example.c
		_wr1RegCompleteHandler		CODE           	41A2	0000	44
		_wr2RegCompleteHandler		CODE           	4226	0000	44
		_I2C1_ReadDataBlock		CODE           	3A98	0000	118
		_I2C1_Write1ByteRegister		CODE           	3BEC	0000	106
		_rdBlkRegCompleteHandler		CODE           	3F3C	0000	74
		_rd1RegCompleteHandler		CODE           	41FA	0000	44
		_rd2RegCompleteHandler		CODE           	41CE	0000	44

mcc_generated_files/examples/i2c1_master_example.c estimated size: 474

C:\Program Files\Microchip\xc8\v2.45\pic\sources\c99\common\fleq.c
		___fleq        		CODE           	367E	0000	170

C:\Program Files\Microchip\xc8\v2.45\pic\sources\c99\common\fleq.c estimated size: 170

mcc_generated_files/i2c1_master.c
		_I2C1_DO_SEND_RESTART		CODE           	45BE	0000	4
		_I2C1_MasterIsNackFlagSet		CODE           	4484	0000	22
		_I2C1_DO_RX_EMPTY		CODE           	37D2	0000	162
		_I2C1_DO_TX_EMPTY		CODE           	39A2	0000	124
		_I2C1_DO_SEND_RESTART_READ		CODE           	44EE	0000	14
		_I2C1_MasterClearNackFlag		CODE           	45B2	0000	6
		_I2C1_CallbackReturnStop		CODE           	45CA	0000	4
		_I2C1_DO_RX    		CODE           	3874	0000	158
		_I2C1_DO_TX    		CODE           	2FFE	0000	290
		_I2C1_SetAddressNackCallback		CODE           	43D0	0000	24
		_I2C1_DO_IDLE  		CODE           	44FC	0000	12
		_I2C1_MasterOpen		CODE           	4146	0000	46
		_I2C1_MasterSendTxData		CODE           	453C	0000	10
		_I2C1_MasterStop		CODE           	4588	0000	6
		_I2C1_MasterIsStopFlagSet		CODE           	446E	0000	22
		_I2C1_CallbackReturnReset		CODE           	45C6	0000	4
		_I2C1_DO_RESET 		CODE           	44D0	0000	16
		_I2C1_Poller   		CODE           	4362	0000	30
		_I2C1_DO_RX_ACK		CODE           	456A	0000	8
		_I2C1_DO_TX_ACK		CODE           	4572	0000	8
		_I2C1_MasterWaitForEvent		CODE           	3D8C	0000	92
		_I2C1_MasterSendNack		CODE           	458E	0000	6
		_I2C1_DO_RX_NACK_RESTART		CODE           	4562	0000	8
		_I2C1_MasterDisableIrq		CODE           	4380	0000	30
		_I2C1_ClearInterruptFlags		CODE           	3EEA	0000	82
		_I2C1_MasterOperation		CODE           	3E98	0000	82
		_I2C1_MasterClearStopFlag		CODE           	45AC	0000	6
		_I2C1_SetCallback		CODE           	3B7E	0000	110
		_I2C1_MasterEnableRestart		CODE           	45A0	0000	6
		_I2C1_MasterGetCounter		CODE           	4582	0000	6
		_I2C1_MasterSetCounter		CODE           	4546	0000	10
		_I2C1_Open     		CODE           	3912	0000	144
		_I2C1_DO_ADDRESS_NACK		CODE           	3CBE	0000	104
		_I2C1_MasterDisableRestart		CODE           	45A6	0000	6
		_I2C1_MasterClearCountFlag		CODE           	45B8	0000	6
		_I2C1_SetBuffer		CODE           	431C	0000	36
		_I2C1_DO_SEND_RESTART_WRITE		CODE           	45C2	0000	4
		_I2C1_MasterIsTxBufEmpty		CODE           	442C	0000	22
		_I2C1_MasterClose		CODE           	4508	0000	12
		_I2C1_MasterWrite		CODE           	455A	0000	8
		_I2C1_Initialize		CODE           	4340	0000	34
		_I2C1_Close    		CODE           	4252	0000	44
		_I2C1_MasterIsRxBufFull		CODE           	4458	0000	22
		_I2C1_MasterIsNack		CODE           	4442	0000	22
		_I2C1_DO_SEND_ADR_WRITE		CODE           	4416	0000	22
		_I2C1_MasterClearIrq		CODE           	457A	0000	8
		_I2C1_SetDataCompleteCallback		CODE           	43E8	0000	24
		_I2C1_DO_SEND_STOP		CODE           	42D0	0000	40
		_I2C1_DO_BUS_COLLISION		CODE           	3B0E	0000	112
		_I2C1_DO_BUS_ERROR		CODE           	44C0	0000	16
		_I2C1_MasterSendAck		CODE           	4594	0000	6
		_I2C1_MasterFsm		CODE           	3A1E	0000	122
		_I2C1_MasterGetRxData		CODE           	459A	0000	6
		_I2C1_MasterResetBus		CODE           	4550	0000	10
		_I2C1_MasterIsCountFlagSet		CODE           	449A	0000	22
		_I2C1_DO_SEND_ADR_READ		CODE           	4174	0000	46
		_I2C1_DO_RX_NACK_STOP		CODE           	44E0	0000	14

mcc_generated_files/i2c1_master.c estimated size: 2320

C:\Program Files\Microchip\xc8\v2.45\pic\sources\c99\common\memcpy.c
		_memcpy        		CODE           	3DE8	0000	90

C:\Program Files\Microchip\xc8\v2.45\pic\sources\c99\common\memcpy.c estimated size: 90

C:\Program Files\Microchip\xc8\v2.45\pic\sources\c99\common\flneg.c
		___flneg       		CODE           	40D6	0000	56

C:\Program Files\Microchip\xc8\v2.45\pic\sources\c99\common\flneg.c estimated size: 56

mcc_generated_files/pin_manager.c
		_PIN_MANAGER_Initialize		CODE           	3728	0000	170

mcc_generated_files/pin_manager.c estimated size: 170

C:\Program Files\Microchip\xc8\v2.45\pic\sources\c99\common\sprcmul.c
		___flmul       		CODE           	1F18	0000	1102

C:\Program Files\Microchip\xc8\v2.45\pic\sources\c99\common\sprcmul.c estimated size: 1102

C:\Program Files\Microchip\xc8\v2.45\pic\sources\c99\common\labs.c
		_labs          		CODE           	3E42	0000	86

C:\Program Files\Microchip\xc8\v2.45\pic\sources\c99\common\labs.c estimated size: 86

C:\Program Files\Microchip\xc8\v2.45\pic\sources\c99\common\nf_fputs.c
		_fputs         		CODE           	4096	0000	64

C:\Program Files\Microchip\xc8\v2.45\pic\sources\c99\common\nf_fputs.c estimated size: 64

C:\Program Files\Microchip\xc8\v2.45\pic\sources\c99\common\sprcdiv.c
		___fldiv       		CODE           	2366	0000	922

C:\Program Files\Microchip\xc8\v2.45\pic\sources\c99\common\sprcdiv.c estimated size: 922

C:\Program Files\Microchip\xc8\v2.45\pic\sources\c99\common\floorf.c
		_floorf        		CODE           	2944	0000	530

C:\Program Files\Microchip\xc8\v2.45\pic\sources\c99\common\floorf.c estimated size: 530

C:\Program Files\Microchip\xc8\v2.45\pic\sources\c99\common\nf_sprintf.c
		_sprintf       		CODE           	4056	0000	64

C:\Program Files\Microchip\xc8\v2.45\pic\sources\c99\common\nf_sprintf.c estimated size: 64

mcc_generated_files/uart1.c
		_UART1_Write   		CODE           	439E	0000	26
		_putch         		CODE           	4514	0000	10
		_UART1_SetFramingErrorHandler		CODE           	4528	0000	10
		_UART1_SetOverrunErrorHandler		CODE           	451E	0000	10
		_UART1_Initialize		CODE           	3C56	0000	104
		_UART1_SetErrorHandler		CODE           	4532	0000	10

mcc_generated_files/uart1.c estimated size: 170

C:\Program Files\Microchip\xc8\v2.45\pic\sources\c99\common\flge.c
		___flge        		CODE           	3226	0000	260

C:\Program Files\Microchip\xc8\v2.45\pic\sources\c99\common\flge.c estimated size: 260

shared
		__initialization		CODE           	42A8	0000	34
		_i2c1_fsmStateTable		SMALLCONST     	1001	0000	38

shared estimated size: 72

C:\Program Files\Microchip\xc8\v2.45\pic\sources\c99\common\xxtofl.c
		___xxtofl      		CODE           	2B56	0000	436

C:\Program Files\Microchip\xc8\v2.45\pic\sources\c99\common\xxtofl.c estimated size: 436

mcc_generated_files/mcc.c
		_PMD_Initialize		CODE           	42F8	0000	36
		_OSCILLATOR_Initialize		CODE           	43B8	0000	24
		_SYSTEM_Initialize		CODE           	4400	0000	22

mcc_generated_files/mcc.c estimated size: 82

C:\Program Files\Microchip\xc8\v2.45\pic\sources\c99\common\__fpclassifyf.c
		___fpclassifyf 		CODE           	332A	0000	254

C:\Program Files\Microchip\xc8\v2.45\pic\sources\c99\common\__fpclassifyf.c estimated size: 254

C:\Program Files\Microchip\xc8\v2.45\pic\sources\c99\common\strcpy.c
		_strcpy        		CODE           	4012	0000	68

C:\Program Files\Microchip\xc8\v2.45\pic\sources\c99\common\strcpy.c estimated size: 68

C:\Program Files\Microchip\xc8\v2.45\pic\sources\c99\common\sprcadd.c
		___flsub       		CODE           	3FCC	0000	70
		___fladd       		CODE           	1A58	0000	1216

C:\Program Files\Microchip\xc8\v2.45\pic\sources\c99\common\sprcadd.c estimated size: 1286

main.c
		_UART_SendString		CODE           	410E	0000	56
		_main          		CODE           	3428	0000	224
		_MPU6050_Init  		CODE           	44B0	0000	16
		_MPU6050_ReadAccelerometer		CODE           	2E84	0000	378
		_MPU6050_ReadGyroscope		CODE           	2D0A	0000	378

main.c estimated size: 1052

C:\Program Files\Microchip\xc8\v2.45\pic\sources\c99\common\nf_fputc.c
		_fputc         		CODE           	3508	0000	196

C:\Program Files\Microchip\xc8\v2.45\pic\sources\c99\common\nf_fputc.c estimated size: 196

C:\Program Files\Microchip\xc8\v2.45\pic\sources\c99\common\doprnt.c
		_read_prec_or_width		CODE           	35CC	0000	178
		_vfpfcnvrt     		CODE           	2700	0000	580
		_efgtoa        		CODE           	106C	0000	2540
		_pad           		CODE           	3D26	0000	102
		_vfprintf      		CODE           	3F86	0000	70

C:\Program Files\Microchip\xc8\v2.45\pic\sources\c99\common\doprnt.c estimated size: 3470

C:\Program Files\Microchip\xc8\v2.45\pic\sources\c99\common\fltol.c
		___fltol       		CODE           	3120	0000	262

C:\Program Files\Microchip\xc8\v2.45\pic\sources\c99\common\fltol.c estimated size: 262

