Microchip MPLAB XC8 Compiler V2.45

Linker command line:

-W-3 \
  --edf=C:\Program Files\Microchip\xc8\v2.45\pic\dat\20230818022343_en.msgs \
  -cn -h+dist/default/production\Practica3.X.production.sym \
  --cmf=dist/default/production\Practica3.X.production.cmf -z -Q18F46K42 \
  -oC:\Users\mesas\AppData\Local\Temp\xcAsnss.\driver_tmp_3.o \
  --defsym=__MPLAB_BUILD=1 --fixupoverflow=error \
  -Mdist/default/production/Practica3.X.production.map \
  --md=C:\Users\mesas\AppData\Local\Temp\xcAsnss.\driver_tmp_0.dat -E1 \
  -ver=XC8 Compiler --acfsm=1493 -ACODE=00h-0FFFFh -ACONST=00h-0FFFFh \
  -ASMALLCONST=01000h-010FFhx240 -AMEDIUMCONST=01000h-0FFFFh \
  -ACOMRAM=01h-05Fh -AABS1=00h-0FFFh -ABIGRAM=01h-0FFFh \
  -ARAM=060h-0FFh,0100h-01FFhx15 -ABANK0=060h-0FFh -ABANK1=0100h-01FFh \
  -ABANK2=0200h-02FFh -ABANK3=0300h-03FFh -ABANK4=0400h-04FFh \
  -ABANK5=0500h-05FFh -ABANK6=0600h-06FFh -ABANK7=0700h-07FFh \
  -ABANK8=0800h-08FFh -ABANK9=0900h-09FFh -ABANK10=0A00h-0AFFh \
  -ABANK11=0B00h-0BFFh -ABANK12=0C00h-0CFFh -ABANK13=0D00h-0DFFh \
  -ABANK14=0E00h-0EFFh -ABANK15=0F00h-0FFFh \
  -ASFR=03800h-038FFhx7,03F00h-03F5Fh,03F60h-03FFFh -ABIGSFR=03800h-03FFFh \
  -ACONFIG=0300000h-0300009h -AIDLOC=0200000h-020000Fh \
  -AEEDATA=0310000h-03103FFh -peeprom_data=EEDATA -preset_vec=00h \
  -ppowerup=CODE,init -pramtop=01000h -psmallconst=SMALLCONST \
  -pmediumconst=MEDIUMCONST -pconst=CONST -AFARRAM=00h-00h \
  -prdata=COMRAM,nvrram=COMRAM,nvbit=COMRAM,rbss=COMRAM,rbit=COMRAM \
  -pfarbss=FARRAM,fardata=FARRAM,nvFARRAM=FARRAM \
  -pintsave_regs=BIGRAM,bigbss=BIGRAM,bigdata=BIGRAM -pbss=RAM \
  -pidata=CODE,irdata=CODE,ibigdata=CODE,ifardata=CODE -prparam=COMRAM \
  C:\Users\mesas\AppData\Local\Temp\xcAsnss.\driver_tmp_14.o \
  dist/default/production\Practica3.X.production.o 

Object code version is 3.11

Machine type is 18F46K42



                Name                               Link     Load   Length Selector   Space Scale
C:\Users\mesas\AppData\Local\Temp\xcAsnss.\driver_tmp_14.o
                config                           300000   300000        A        0       4
                init                               FFFC     FFFC        4     7FFE       0
                reset_vec                             0        0        4        0       0
dist/default/production\Practica3.X.production.o
                config                           300000   300000        A        0       4
                mediumconst                        FEC6     FEC6      136     7F63       0
                text116                            C0B0     C0B0        8     6058       0
                text115                            C126     C126        C     6093       0
                text114                            C29C     C29C       1E     614E       0
                text113                            C394     C394       2C     61CA       0
                text112                            C074     C074        6     603A       0
                text111                            C07A     C07A        6     603D       0
                text110                            C080     C080        6     6040       0
                text109                            C18A     C18A       16     60C5       0
                text108                            C1A0     C1A0       16     60D0       0
                text107                            C1B6     C1B6       16     60DB       0
                text106                            C838     C838       52     641C       0
                text105                            C2FA     C2FA       24     617D       0
                text104                            CE9E     CE9E       7E     674F       0
                text103                            C23A     C23A       18     611D       0
                text102                            C3C0     C3C0       2C     61E0       0
                text101                            C3EC     C3EC       2C     61F6       0
                text100                            C418     C418       2C     620C       0
                text99                             C444     C444       2C     6222       0
                text98                             C7A2     C7A2       4A     63D1       0
                text97                             C064     C064        4     6032       0
                text96                             C068     C068        4     6034       0
                text95                             C0E0     C0E0        A     6070       0
                text94                             C086     C086        6     6043       0
                text93                             C08C     C08C        6     6046       0
                text92                             C0EA     C0EA        A     6075       0
                text91                             C0F4     C0F4        A     607A       0
                text90                             C092     C092        6     6049       0
                text89                             C1CC     C1CC       16     60E6       0
                text88                             C098     C098        6     604C       0
                text87                             C09E     C09E        6     604F       0
                text86                             C0A4     C0A4        6     6052       0
                text85                             C0AA     C0AA        6     6055       0
                text84                             C1E2     C1E2       16     60F1       0
                text83                             C1F8     C1F8       16     60FC       0
                text82                             C0B8     C0B8        8     605C       0
                text81                             C132     C132        C     6099       0
                text80                             C49C     C49C       2E     624E       0
                text79                             C20E     C20E       16     6107       0
                text78                             DA06     DA06      122     6D03       0
                text77                             D048     D048       9E     6824       0
                text76                             CE22     CE22       7C     6711       0
                text75                             D0E6     D0E6       A2     6873       0
                text74                             C13E     C13E        E     609F       0
                text73                             C06C     C06C        4     6036       0
                text72                             C070     C070        4     6038       0
                text71                             C342     C342       28     61A1       0
                text70                             C0C0     C0C0        8     6060       0
                text69                             C14C     C14C        E     60A6       0
                text68                             C0C8     C0C8        8     6064       0
                text67                             C15A     C15A       10     60AD       0
                text66                             CAA6     CAA6       68     6553       0
                text65                             CBE0     CBE0       70     65F0       0
                text64                             C16A     C16A       10     60B5       0
                text63                             CDA8     CDA8       7A     66D4       0
                text62                             C9E4     C9E4       5C     64F2       0
                text61                             C2BA     C2BA       1E     615D       0
                text60                             C88A     C88A       52     6445       0
                text59                             C0D0     C0D0        8     6068       0
                text58                             C4CA     C4CA       2E     6265       0
                text57                             CF1C     CF1C       90     678E       0
                text56                             C690     C690       44     6348       0
                text55                             C0D8     C0D8        8     606C       0
                text54                             C252     C252       18     6129       0
                text53                             C932     C932       58     6499       0
                text52                             C528     C528       36     6294       0
                text51                             C64E     C64E       42     6327       0
                text50                             C4F8     C4F8       30     627C       0
                text49                             C5D0     C5D0       3E     62E8       0
                text48                             CB76     CB76       6A     65BB       0
                text47                             C17A     C17A       10     60BD       0
                text46                             CD32     CD32       76     6699       0
                text45                             E43A     E43A      39A     721D       0
                text44                             DB28     DB28      1B4     6D94       0
                text43                             E16A     E16A      2D0     70B5       0
                text42                             C2D8     C2D8       22     616C       0
                text41                             C26A     C26A       18     6135       0
                text40                             D22C     D22C       AA     6916       0
                text39                             C31E     C31E       24     618F       0
                text38                             C0FE     C0FE        A     607F       0
                text37                             C108     C108        A     6084       0
                text36                             C112     C112        A     6089       0
                text35                             CB0E     CB0E       68     6587       0
                text34                             C224     C224       16     6112       0
                text33                             C05E     C05E        2     602F       0
                text32                             C060     C060        2     6030       0
                text31                             C062     C062        2     6031       0
                text30                             CFAC     CFAC       9C     67D6       0
                text29                             CC50     CC50       70     6628       0
                text28                             C282     C282       1A     6141       0
                text27                             CCC0     CCC0       72     6660       0
                text26                             D502     D502       EC     6A81       0
                text25                             D188     D188       A4     68C4       0
                text24                             C36A     C36A       2A     61B5       0
                text23                             D8F6     D8F6      110     6C7B       0
                text22                             C596     C596       3A     62CB       0
                text21                             D2D6     D2D6       AA     696B       0
                text20                             D6EC     D6EC      104     6B76       0
                text19                             EBC4     EBC4      44E     75E2       0
                text18                             C55E     C55E       38     62AF       0
                text17                             F012     F012      4C0     7809       0
                text16                             C75C     C75C       46     63AE       0
                text15                             D7F0     D7F0      106     6BF8       0
                text14                             D5EE     D5EE       FE     6AF7       0
                text13                             DCDC     DCDC      212     6E6E       0
                text12                             C8DC     C8DC       56     646E       0
                text11                             C98A     C98A       5A     64C5       0
                text10                             C11C     C11C        A     608E       0
                text9                              D43E     D43E       C4     6A1F       0
                text8                              C60E     C60E       40     6307       0
                text7                              CA40     CA40       66     6520       0
                text6                              C6D4     C6D4       44     636A       0
                text5                              F4D2     F4D2      9F4     7A69       0
                text4                              D380     D380       BE     69C0       0
                text3                              DEEE     DEEE      27C     6F77       0
                text2                              C7EC     C7EC       4C     63F6       0
                text1                              C718     C718       44     638C       0
                text0                              E7D4     E7D4      3F0     73EA       0
                cstackCOMRAM                          1        1       5B        1       1
                cstackBANK0                          60       60       9B       60       1
                cstackBANK1                         100      100       D4      100       1
                cstackBANK2                         25A      25A        4      200       1
                bssBANK2                            200      200       54      200       1
                bssBANK1                            1D4      1D4       2C      100       1
                bssBANK0                             FB       FB        3       60       1
                bssCOMRAM                            5C       5C        3        1       1
                cinit                              C470     C470       2C     6238       0
                nvBANK2                             254      254        6      200       1

TOTAL           Name                               Link     Load   Length     Space
        CLASS   CODE           
                init                               FFFC     FFFC        4         0
                reset_vec                             0        0        4         0
                text116                            C0B0     C0B0        8         0
                text115                            C126     C126        C         0
                text114                            C29C     C29C       1E         0
                text113                            C394     C394       2C         0
                text112                            C074     C074        6         0
                text111                            C07A     C07A        6         0
                text110                            C080     C080        6         0
                text109                            C18A     C18A       16         0
                text108                            C1A0     C1A0       16         0
                text107                            C1B6     C1B6       16         0
                text106                            C838     C838       52         0
                text105                            C2FA     C2FA       24         0
                text104                            CE9E     CE9E       7E         0
                text103                            C23A     C23A       18         0
                text102                            C3C0     C3C0       2C         0
                text101                            C3EC     C3EC       2C         0
                text100                            C418     C418       2C         0
                text99                             C444     C444       2C         0
                text98                             C7A2     C7A2       4A         0
                text97                             C064     C064        4         0
                text96                             C068     C068        4         0
                text95                             C0E0     C0E0        A         0
                text94                             C086     C086        6         0
                text93                             C08C     C08C        6         0
                text92                             C0EA     C0EA        A         0
                text91                             C0F4     C0F4        A         0
                text90                             C092     C092        6         0
                text89                             C1CC     C1CC       16         0
                text88                             C098     C098        6         0
                text87                             C09E     C09E        6         0
                text86                             C0A4     C0A4        6         0
                text85                             C0AA     C0AA        6         0
                text84                             C1E2     C1E2       16         0
                text83                             C1F8     C1F8       16         0
                text82                             C0B8     C0B8        8         0
                text81                             C132     C132        C         0
                text80                             C49C     C49C       2E         0
                text79                             C20E     C20E       16         0
                text78                             DA06     DA06      122         0
                text77                             D048     D048       9E         0
                text76                             CE22     CE22       7C         0
                text75                             D0E6     D0E6       A2         0
                text74                             C13E     C13E        E         0
                text73                             C06C     C06C        4         0
                text72                             C070     C070        4         0
                text71                             C342     C342       28         0
                text70                             C0C0     C0C0        8         0
                text69                             C14C     C14C        E         0
                text68                             C0C8     C0C8        8         0
                text67                             C15A     C15A       10         0
                text66                             CAA6     CAA6       68         0
                text65                             CBE0     CBE0       70         0
                text64                             C16A     C16A       10         0
                text63                             CDA8     CDA8       7A         0
                text62                             C9E4     C9E4       5C         0
                text61                             C2BA     C2BA       1E         0
                text60                             C88A     C88A       52         0
                text59                             C0D0     C0D0        8         0
                text58                             C4CA     C4CA       2E         0
                text57                             CF1C     CF1C       90         0
                text56                             C690     C690       44         0
                text55                             C0D8     C0D8        8         0
                text54                             C252     C252       18         0
                text53                             C932     C932       58         0
                text52                             C528     C528       36         0
                text51                             C64E     C64E       42         0
                text50                             C4F8     C4F8       30         0
                text49                             C5D0     C5D0       3E         0
                text48                             CB76     CB76       6A         0
                text47                             C17A     C17A       10         0
                text46                             CD32     CD32       76         0
                text45                             E43A     E43A      39A         0
                text44                             DB28     DB28      1B4         0
                text43                             E16A     E16A      2D0         0
                text42                             C2D8     C2D8       22         0
                text41                             C26A     C26A       18         0
                text40                             D22C     D22C       AA         0
                text39                             C31E     C31E       24         0
                text38                             C0FE     C0FE        A         0
                text37                             C108     C108        A         0
                text36                             C112     C112        A         0
                text35                             CB0E     CB0E       68         0
                text34                             C224     C224       16         0
                text33                             C05E     C05E        2         0
                text32                             C060     C060        2         0
                text31                             C062     C062        2         0
                text30                             CFAC     CFAC       9C         0
                text29                             CC50     CC50       70         0
                text28                             C282     C282       1A         0
                text27                             CCC0     CCC0       72         0
                text26                             D502     D502       EC         0
                text25                             D188     D188       A4         0
                text24                             C36A     C36A       2A         0
                text23                             D8F6     D8F6      110         0
                text22                             C596     C596       3A         0
                text21                             D2D6     D2D6       AA         0
                text20                             D6EC     D6EC      104         0
                text19                             EBC4     EBC4      44E         0
                text18                             C55E     C55E       38         0
                text17                             F012     F012      4C0         0
                text16                             C75C     C75C       46         0
                text15                             D7F0     D7F0      106         0
                text14                             D5EE     D5EE       FE         0
                text13                             DCDC     DCDC      212         0
                text12                             C8DC     C8DC       56         0
                text11                             C98A     C98A       5A         0
                text10                             C11C     C11C        A         0
                text9                              D43E     D43E       C4         0
                text8                              C60E     C60E       40         0
                text7                              CA40     CA40       66         0
                text6                              C6D4     C6D4       44         0
                text5                              F4D2     F4D2      9F4         0
                text4                              D380     D380       BE         0
                text3                              DEEE     DEEE      27C         0
                text2                              C7EC     C7EC       4C         0
                text1                              C718     C718       44         0
                text0                              E7D4     E7D4      3F0         0
                cinit                              C470     C470       2C         0

        CLASS   CONST          

        CLASS   SMALLCONST     

        CLASS   MEDIUMCONST    
                mediumconst                        FEC6     FEC6      136         0

        CLASS   COMRAM         
                cstackCOMRAM                          1        1       5B         1
                bssCOMRAM                            5C       5C        3         1

        CLASS   ABS1           

        CLASS   BIGRAM         

        CLASS   RAM            

        CLASS   BANK0          
                cstackBANK0                          60       60       9B         1
                bssBANK0                             FB       FB        3         1

        CLASS   BANK1          
                cstackBANK1                         100      100       D4         1
                bssBANK1                            1D4      1D4       2C         1

        CLASS   BANK2          
                cstackBANK2                         25A      25A        4         1
                bssBANK2                            200      200       54         1
                nvBANK2                             254      254        6         1

        CLASS   BANK3          

        CLASS   BANK4          

        CLASS   BANK5          

        CLASS   BANK6          

        CLASS   BANK7          

        CLASS   BANK8          

        CLASS   BANK9          

        CLASS   BANK10         

        CLASS   BANK11         

        CLASS   BANK12         

        CLASS   BANK13         

        CLASS   BANK14         

        CLASS   BANK15         

        CLASS   SFR            

        CLASS   BIGSFR         

        CLASS   CONFIG         
                config                           300000   300000        A         4

        CLASS   IDLOC          

        CLASS   EEDATA         

        CLASS   FARRAM         

        CLASS   HEAP           

        CLASS   STACK          



SEGMENTS        Name                           Load    Length   Top    Selector   Space  Class

                reset_vec                      000000  000004  000004         0       0  CODE    
                cstackCOMRAM                   000001  00005E  00005F         1       1  COMRAM  
                cstackBANK0                    000060  00009E  0000FE        60       1  BANK0   
                cstackBANK1                    000100  000100  000200       100       1  BANK1   
                bssBANK2                       000200  00005E  00025E       200       1  BANK2   
                text33                         00C05E  000002  00C060      602F       0  CODE    
                text32                         00C060  000002  00C062      6030       0  CODE    
                text31                         00C062  000002  00C064      6031       0  CODE    
                text97                         00C064  000004  00C068      6032       0  CODE    
                text96                         00C068  000004  00C06C      6034       0  CODE    
                text73                         00C06C  000004  00C070      6036       0  CODE    
                text72                         00C070  000004  00C074      6038       0  CODE    
                text112                        00C074  000006  00C07A      603A       0  CODE    
                text111                        00C07A  000006  00C080      603D       0  CODE    
                text110                        00C080  000006  00C086      6040       0  CODE    
                text94                         00C086  000006  00C08C      6043       0  CODE    
                text93                         00C08C  000006  00C092      6046       0  CODE    
                text90                         00C092  000006  00C098      6049       0  CODE    
                text88                         00C098  000006  00C09E      604C       0  CODE    
                text87                         00C09E  000006  00C0A4      604F       0  CODE    
                text86                         00C0A4  000006  00C0AA      6052       0  CODE    
                text85                         00C0AA  000006  00C0B0      6055       0  CODE    
                text116                        00C0B0  000008  00C0B8      6058       0  CODE    
                text82                         00C0B8  000008  00C0C0      605C       0  CODE    
                text70                         00C0C0  000008  00C0C8      6060       0  CODE    
                text68                         00C0C8  000008  00C0D0      6064       0  CODE    
                text59                         00C0D0  000008  00C0D8      6068       0  CODE    
                text55                         00C0D8  000008  00C0E0      606C       0  CODE    
                text95                         00C0E0  00000A  00C0EA      6070       0  CODE    
                text92                         00C0EA  00000A  00C0F4      6075       0  CODE    
                text91                         00C0F4  00000A  00C0FE      607A       0  CODE    
                text38                         00C0FE  00000A  00C108      607F       0  CODE    
                text37                         00C108  00000A  00C112      6084       0  CODE    
                text36                         00C112  00000A  00C11C      6089       0  CODE    
                text10                         00C11C  00000A  00C126      608E       0  CODE    
                text115                        00C126  00000C  00C132      6093       0  CODE    
                text81                         00C132  00000C  00C13E      6099       0  CODE    
                text74                         00C13E  00000E  00C14C      609F       0  CODE    
                text69                         00C14C  00000E  00C15A      60A6       0  CODE    
                text67                         00C15A  000010  00C16A      60AD       0  CODE    
                text64                         00C16A  000010  00C17A      60B5       0  CODE    
                text47                         00C17A  000010  00C18A      60BD       0  CODE    
                text109                        00C18A  000016  00C1A0      60C5       0  CODE    
                text108                        00C1A0  000016  00C1B6      60D0       0  CODE    
                text107                        00C1B6  000016  00C1CC      60DB       0  CODE    
                text89                         00C1CC  000016  00C1E2      60E6       0  CODE    
                text84                         00C1E2  000016  00C1F8      60F1       0  CODE    
                text83                         00C1F8  000016  00C20E      60FC       0  CODE    
                text79                         00C20E  000016  00C224      6107       0  CODE    
                text34                         00C224  000016  00C23A      6112       0  CODE    
                text103                        00C23A  000018  00C252      611D       0  CODE    
                text54                         00C252  000018  00C26A      6129       0  CODE    
                text41                         00C26A  000018  00C282      6135       0  CODE    
                text28                         00C282  00001A  00C29C      6141       0  CODE    
                text114                        00C29C  00001E  00C2BA      614E       0  CODE    
                text61                         00C2BA  00001E  00C2D8      615D       0  CODE    
                text42                         00C2D8  000022  00C2FA      616C       0  CODE    
                text105                        00C2FA  000024  00C31E      617D       0  CODE    
                text39                         00C31E  000024  00C342      618F       0  CODE    
                text71                         00C342  000028  00C36A      61A1       0  CODE    
                text24                         00C36A  00002A  00C394      61B5       0  CODE    
                text113                        00C394  00002C  00C3C0      61CA       0  CODE    
                text102                        00C3C0  00002C  00C3EC      61E0       0  CODE    
                text101                        00C3EC  00002C  00C418      61F6       0  CODE    
                text100                        00C418  00002C  00C444      620C       0  CODE    
                text99                         00C444  00002C  00C470      6222       0  CODE    
                cinit                          00C470  00002C  00C49C      6238       0  CODE    
                text80                         00C49C  00002E  00C4CA      624E       0  CODE    
                text58                         00C4CA  00002E  00C4F8      6265       0  CODE    
                text50                         00C4F8  000030  00C528      627C       0  CODE    
                text52                         00C528  000036  00C55E      6294       0  CODE    
                text18                         00C55E  000038  00C596      62AF       0  CODE    
                text22                         00C596  00003A  00C5D0      62CB       0  CODE    
                text49                         00C5D0  00003E  00C60E      62E8       0  CODE    
                text8                          00C60E  000040  00C64E      6307       0  CODE    
                text51                         00C64E  000042  00C690      6327       0  CODE    
                text56                         00C690  000044  00C6D4      6348       0  CODE    
                text6                          00C6D4  000044  00C718      636A       0  CODE    
                text1                          00C718  000044  00C75C      638C       0  CODE    
                text16                         00C75C  000046  00C7A2      63AE       0  CODE    
                text98                         00C7A2  00004A  00C7EC      63D1       0  CODE    
                text2                          00C7EC  00004C  00C838      63F6       0  CODE    
                text106                        00C838  000052  00C88A      641C       0  CODE    
                text60                         00C88A  000052  00C8DC      6445       0  CODE    
                text12                         00C8DC  000056  00C932      646E       0  CODE    
                text53                         00C932  000058  00C98A      6499       0  CODE    
                text11                         00C98A  00005A  00C9E4      64C5       0  CODE    
                text62                         00C9E4  00005C  00CA40      64F2       0  CODE    
                text7                          00CA40  000066  00CAA6      6520       0  CODE    
                text66                         00CAA6  000068  00CB0E      6553       0  CODE    
                text35                         00CB0E  000068  00CB76      6587       0  CODE    
                text48                         00CB76  00006A  00CBE0      65BB       0  CODE    
                text65                         00CBE0  000070  00CC50      65F0       0  CODE    
                text29                         00CC50  000070  00CCC0      6628       0  CODE    
                text27                         00CCC0  000072  00CD32      6660       0  CODE    
                text46                         00CD32  000076  00CDA8      6699       0  CODE    
                text63                         00CDA8  00007A  00CE22      66D4       0  CODE    
                text76                         00CE22  00007C  00CE9E      6711       0  CODE    
                text104                        00CE9E  00007E  00CF1C      674F       0  CODE    
                text57                         00CF1C  000090  00CFAC      678E       0  CODE    
                text30                         00CFAC  00009C  00D048      67D6       0  CODE    
                text77                         00D048  00009E  00D0E6      6824       0  CODE    
                text75                         00D0E6  0000A2  00D188      6873       0  CODE    
                text25                         00D188  0000A4  00D22C      68C4       0  CODE    
                text40                         00D22C  0000AA  00D2D6      6916       0  CODE    
                text21                         00D2D6  0000AA  00D380      696B       0  CODE    
                text4                          00D380  0000BE  00D43E      69C0       0  CODE    
                text9                          00D43E  0000C4  00D502      6A1F       0  CODE    
                text26                         00D502  0000EC  00D5EE      6A81       0  CODE    
                text14                         00D5EE  0000FE  00D6EC      6AF7       0  CODE    
                text20                         00D6EC  000104  00D7F0      6B76       0  CODE    
                text15                         00D7F0  000106  00D8F6      6BF8       0  CODE    
                text23                         00D8F6  000110  00DA06      6C7B       0  CODE    
                text78                         00DA06  000122  00DB28      6D03       0  CODE    
                text44                         00DB28  0001B4  00DCDC      6D94       0  CODE    
                text13                         00DCDC  000212  00DEEE      6E6E       0  CODE    
                text3                          00DEEE  00027C  00E16A      6F77       0  CODE    
                text43                         00E16A  0002D0  00E43A      70B5       0  CODE    
                text45                         00E43A  00039A  00E7D4      721D       0  CODE    
                text0                          00E7D4  0003F0  00EBC4      73EA       0  CODE    
                text19                         00EBC4  00044E  00F012      75E2       0  CODE    
                text17                         00F012  0004C0  00F4D2      7809       0  CODE    
                text5                          00F4D2  0009F4  00FEC6      7A69       0  CODE    
                mediumconst                    00FEC6  000136  00FFFC      7F63       0  MEDIUMCO
                init                           00FFFC  000004  010000      7FFE       0  CODE    


UNUSED ADDRESS RANGES

        Name                Unused          Largest block    Delta
        BANK0            0000FE-0000FF                2
        BANK10           000A00-000AFF              100
        BANK11           000B00-000BFF              100
        BANK12           000C00-000CFF              100
        BANK13           000D00-000DFF              100
        BANK14           000E00-000EFF              100
        BANK15           000F00-000FFF              100
        BANK2            00025E-0002FF               A2
        BANK3            000300-0003FF              100
        BANK4            000400-0004FF              100
        BANK5            000500-0005FF              100
        BANK6            000600-0006FF              100
        BANK7            000700-0007FF              100
        BANK8            000800-0008FF              100
        BANK9            000900-0009FF              100
        BIGRAM           00005F-00005F                1
                         0000FE-0000FF                2
                         00025E-000FFF              DA2
        BIGSFR           003800-003FFF              800
        CODE             000004-00C05D             C05A
        COMRAM           00005F-00005F                1
        CONST            000004-00C05D             C05A
        EEDATA           310000-3103FF              400
        IDLOC            200000-20000F               10
        MEDIUMCONST      001000-00C05D             B05E
        RAM              0000FE-0000FF                2
                         00025E-000FFF              100
        SFR              003800-003FFF              100
        SMALLCONST       001000-00C05D              100

                                  Symbol Table

?___almod                                     cstackCOMRAM 000001
?___fladd                                     cstackCOMRAM 000001
?___fldiv                                     cstackCOMRAM 00000F
?___flmul                                     cstackCOMRAM 000001
?___flneg                                     cstackCOMRAM 000001
?___flsub                                     cstackCOMRAM 00001A
?___fltol                                     cstackCOMRAM 000001
?___fpclassifyf                               cstackCOMRAM 000001
?___lldiv                                     cstackCOMRAM 000001
?___wmul                                      cstackCOMRAM 000001
?___xxtofl                                    cstackCOMRAM 000001
?_atoi                                        cstackCOMRAM 000007
?_floorf                                      cstackCOMRAM 000028
?_labs                                        cstackCOMRAM 000001
?_read_prec_or_width                          cstackCOMRAM 000007
?_sprintf                                     cstackBANK0  000093
?_vfprintf                                    cstackBANK0  00008F
EEPROM_ReadBlock@data                         cstackCOMRAM 000023
EEPROM_ReadBlock@deviceAddress                cstackCOMRAM 000026
EEPROM_ReadBlock@i                            cstackCOMRAM 000027
EEPROM_ReadBlock@memoryAddress                cstackCOMRAM 000021
EEPROM_ReadBlock@size                         cstackCOMRAM 000024
EEPROM_ReadByte@addressBuffer                 cstackCOMRAM 00001D
EEPROM_ReadByte@data                          cstackCOMRAM 000020
EEPROM_ReadByte@deviceAddress                 cstackCOMRAM 00001F
EEPROM_ReadByte@memoryAddress                 cstackCOMRAM 00001B
EEPROM_WriteBlock@data                        cstackCOMRAM 000025
EEPROM_WriteBlock@deviceAddress               cstackCOMRAM 000027
EEPROM_WriteBlock@i                           cstackCOMRAM 000028
EEPROM_WriteBlock@memoryAddress               cstackCOMRAM 000023
EEPROM_WriteBlock@size                        cstackCOMRAM 000026
EEPROM_WriteByte@buffer                       cstackCOMRAM 000020
EEPROM_WriteByte@data                         cstackCOMRAM 00001D
EEPROM_WriteByte@deviceAddress                cstackCOMRAM 00001F
EEPROM_WriteByte@memoryAddress                cstackCOMRAM 00001B
I2C1_CallbackReturnReset@funPtr               cstackCOMRAM 00000A
I2C1_Close@returnValue                        cstackCOMRAM 000001
I2C1_DO_RX@retFsmState                        cstackCOMRAM 000011
I2C1_DO_TX@dataTx                             cstackCOMRAM 00000F
I2C1_DO_TX@retFsmState                        cstackCOMRAM 000010
I2C1_MasterOperation@read                     cstackCOMRAM 000015
I2C1_MasterOperation@returnValue              cstackCOMRAM 000016
I2C1_MasterSendTxData@data                    cstackCOMRAM 000001
I2C1_MasterSetCounter@counter                 cstackCOMRAM 000001
I2C1_Open@address                             cstackCOMRAM 000001
I2C1_Open@returnValue                         cstackCOMRAM 000002
I2C1_ReadDataBlock@address                    cstackCOMRAM 00001B
I2C1_ReadDataBlock@bufferBlock                cstackCOMRAM 00001C
I2C1_ReadDataBlock@data                       cstackCOMRAM 000018
I2C1_ReadDataBlock@len                        cstackCOMRAM 000019
I2C1_ReadDataBlock@reg                        cstackCOMRAM 000017
I2C1_ReadNBytes@address                       cstackCOMRAM 00001A
I2C1_ReadNBytes@data                          cstackCOMRAM 000017
I2C1_ReadNBytes@len                           cstackCOMRAM 000018
I2C1_SetAddressNackCallback@cb                cstackCOMRAM 000006
I2C1_SetAddressNackCallback@ptr               cstackCOMRAM 000008
I2C1_SetBuffer@buffer                         cstackCOMRAM 000001
I2C1_SetBuffer@bufferSize                     cstackCOMRAM 000003
I2C1_SetCallback@cb                           cstackCOMRAM 000001
I2C1_SetCallback@idx                          cstackCOMRAM 000005
I2C1_SetCallback@ptr                          cstackCOMRAM 000003
I2C1_SetDataCompleteCallback@cb               cstackCOMRAM 000006
I2C1_SetDataCompleteCallback@ptr              cstackCOMRAM 000008
I2C1_Write1ByteRegister@address               cstackCOMRAM 000019
I2C1_Write1ByteRegister@data                  cstackCOMRAM 000018
I2C1_Write1ByteRegister@reg                   cstackCOMRAM 000017
I2C1_WriteNBytes@address                      cstackCOMRAM 00001A
I2C1_WriteNBytes@data                         cstackCOMRAM 000017
I2C1_WriteNBytes@len                          cstackCOMRAM 000018
MPU6050_ReadSensorData@ax                     cstackCOMRAM 000028
MPU6050_ReadSensorData@ax_raw                 cstackCOMRAM 000040
MPU6050_ReadSensorData@ay                     cstackCOMRAM 000029
MPU6050_ReadSensorData@ay_raw                 cstackCOMRAM 000042
MPU6050_ReadSensorData@az                     cstackCOMRAM 00002A
MPU6050_ReadSensorData@az_raw                 cstackCOMRAM 000044
MPU6050_ReadSensorData@buffer                 cstackCOMRAM 000034
MPU6050_ReadSensorData@gx                     cstackCOMRAM 00002C
MPU6050_ReadSensorData@gx_raw                 cstackCOMRAM 000046
MPU6050_ReadSensorData@gy                     cstackCOMRAM 00002E
MPU6050_ReadSensorData@gy_raw                 cstackCOMRAM 000048
MPU6050_ReadSensorData@gz                     cstackCOMRAM 000030
MPU6050_ReadSensorData@gz_raw                 cstackCOMRAM 00004A
UART1_SetErrorHandler@interruptHandler        cstackCOMRAM 000001
UART1_SetFramingErrorHandler@interruptHandler cstackCOMRAM 000001
UART1_SetOverrunErrorHandler@interruptHandler cstackCOMRAM 000001
UART1_Write@txData                            cstackCOMRAM 000001
UART_ReceiveString@data                       cstackCOMRAM 000008
UART_ReceiveString@index                      cstackCOMRAM 000009
UART_ReceiveString@maxLength                  cstackCOMRAM 000002
UART_ReceiveString@receivedString             cstackCOMRAM 000001
UART_SendString@str                           cstackCOMRAM 000002
_ANSELA                                       (abs)        003A40
_ANSELB                                       (abs)        003A50
_ANSELC                                       (abs)        003A60
_ANSELD                                       (abs)        003A70
_ANSELE                                       (abs)        003A80
_EEPROM_ReadBlock                             text51       00C64E
_EEPROM_ReadByte                              text52       00C528
_EEPROM_WriteBlock                            text49       00C5D0
_EEPROM_WriteByte                             text50       00C4F8
_I2C1CLK                                      (abs)        003D7B
_I2C1CNT                                      (abs)        003D6C
_I2C1CON0                                     (abs)        003D73
_I2C1CON0bits                                 (abs)        003D73
_I2C1CON1                                     (abs)        003D74
_I2C1CON1bits                                 (abs)        003D74
_I2C1CON2                                     (abs)        003D75
_I2C1ERR                                      (abs)        003D76
_I2C1ERRbits                                  (abs)        003D76
_I2C1PIE                                      (abs)        003D7A
_I2C1PIEbits                                  (abs)        003D7A
_I2C1PIR                                      (abs)        003D79
_I2C1PIRbits                                  (abs)        003D79
_I2C1RXB                                      (abs)        003D6A
_I2C1SCLPPS                                   (abs)        003AE1
_I2C1SDAPPS                                   (abs)        003AE2
_I2C1STAT1bits                                (abs)        003D78
_I2C1TXB                                      (abs)        003D6B
_I2C1_CallbackReturnReset                     text96       00C068
_I2C1_CallbackReturnStop                      text97       00C064
_I2C1_ClearInterruptFlags                     text106      00C838
_I2C1_Close                                   text113      00C394
_I2C1_DO_ADDRESS_NACK                         text66       00CAA6
_I2C1_DO_BUS_COLLISION                        text65       00CBE0
_I2C1_DO_BUS_ERROR                            text64       00C16A
_I2C1_DO_IDLE                                 text81       00C132
_I2C1_DO_RESET                                text67       00C15A
_I2C1_DO_RX                                   text77       00D048
_I2C1_DO_RX_ACK                               text70       00C0C0
_I2C1_DO_RX_EMPTY                             text75       00D0E6
_I2C1_DO_RX_NACK_RESTART                      text68       00C0C8
_I2C1_DO_RX_NACK_STOP                         text69       00C14C
_I2C1_DO_SEND_ADR_READ                        text80       00C49C
_I2C1_DO_SEND_ADR_WRITE                       text79       00C20E
_I2C1_DO_SEND_RESTART                         text72       00C070
_I2C1_DO_SEND_RESTART_READ                    text74       00C13E
_I2C1_DO_SEND_RESTART_WRITE                   text73       00C06C
_I2C1_DO_SEND_STOP                            text71       00C342
_I2C1_DO_TX                                   text78       00DA06
_I2C1_DO_TX$1073                              cstackCOMRAM 000011
_I2C1_DO_TX_ACK                               text82       00C0B8
_I2C1_DO_TX_EMPTY                             text76       00CE22
_I2C1_Initialize                              text42       00C2D8
_I2C1_MasterClearCountFlag                    text112      00C074
_I2C1_MasterClearIrq                          text116      00C0B0
_I2C1_MasterClearNackFlag                     text111      00C07A
_I2C1_MasterClearStopFlag                     text110      00C080
_I2C1_MasterClose                             text115      00C126
_I2C1_MasterDisableIrq                        text114      00C29C
_I2C1_MasterDisableRestart                    text94       00C086
_I2C1_MasterEnableRestart                     text93       00C08C
_I2C1_MasterFsm                               text63       00CDA8
_I2C1_MasterGetCounter                        text85       00C0AA
_I2C1_MasterGetRxData                         text90       00C092
_I2C1_MasterIsCountFlagSet                    text109      00C18A
_I2C1_MasterIsNack                            text84       00C1E2
_I2C1_MasterIsNackFlagSet                     text108      00C1A0
_I2C1_MasterIsRxBufFull                       text89       00C1CC
_I2C1_MasterIsStopFlagSet                     text107      00C1B6
_I2C1_MasterIsTxBufEmpty                      text83       00C1F8
_I2C1_MasterOpen                              text58       00C4CA
_I2C1_MasterOperation                         text60       00C88A
_I2C1_MasterRead                              text59       00C0D0
_I2C1_MasterResetBus                          text95       00C0E0
_I2C1_MasterSendAck                           text88       00C098
_I2C1_MasterSendNack                          text87       00C09E
_I2C1_MasterSendTxData                        text91       00C0F4
_I2C1_MasterSetCounter                        text92       00C0EA
_I2C1_MasterStop                              text86       00C0A4
_I2C1_MasterWaitForEvent                      text62       00C9E4
_I2C1_MasterWrite                             text55       00C0D8
_I2C1_Open                                    text57       00CF1C
_I2C1_Poller                                  text61       00C2BA
_I2C1_ReadDataBlock                           text46       00CD32
_I2C1_ReadNBytes                              text56       00C690
_I2C1_SetAddressNackCallback                  text54       00C252
_I2C1_SetBuffer                               text105      00C2FA
_I2C1_SetCallback                             text104      00CE9E
_I2C1_SetDataCompleteCallback                 text103      00C23A
_I2C1_Status                                  bssBANK1     0001D4
_I2C1_Write1ByteRegister                      text48       00CB76
_I2C1_WriteNBytes                             text53       00C932
_INLVLA                                       (abs)        003A44
_INLVLB                                       (abs)        003A54
_INLVLC                                       (abs)        003A64
_INLVLD                                       (abs)        003A74
_INLVLE                                       (abs)        003A84
_LATA                                         (abs)        003FBA
_LATB                                         (abs)        003FBB
_LATC                                         (abs)        003FBC
_LATD                                         (abs)        003FBD
_LATE                                         (abs)        003FBE
_MPU6050_Init                                 text47       00C17A
_MPU6050_ReadSensorData                       text43       00E16A
_ODCONA                                       (abs)        003A42
_ODCONB                                       (abs)        003A52
_ODCONC                                       (abs)        003A62
_ODCOND                                       (abs)        003A72
_ODCONE                                       (abs)        003A82
_OSCCON1                                      (abs)        0039D9
_OSCCON3                                      (abs)        0039DB
_OSCEN                                        (abs)        0039DD
_OSCFRQ                                       (abs)        0039DF
_OSCILLATOR_Initialize                        text41       00C26A
_OSCTUNE                                      (abs)        0039DE
_PIE2bits                                     (abs)        003992
_PIE3bits                                     (abs)        003993
_PIN_MANAGER_Initialize                       text40       00D22C
_PIR2bits                                     (abs)        0039A2
_PIR3bits                                     (abs)        0039A3
_PMD0                                         (abs)        0039C0
_PMD1                                         (abs)        0039C1
_PMD2                                         (abs)        0039C2
_PMD3                                         (abs)        0039C3
_PMD4                                         (abs)        0039C4
_PMD5                                         (abs)        0039C5
_PMD6                                         (abs)        0039C6
_PMD7                                         (abs)        0039C7
_PMD_Initialize                               text39       00C31E
_RB1I2C                                       (abs)        003A5A
_RB1PPS                                       (abs)        003A09
_RB2I2C                                       (abs)        003A5B
_RB2PPS                                       (abs)        003A0A
_RC3I2C                                       (abs)        003A6A
_RC4I2C                                       (abs)        003A6B
_RC6PPS                                       (abs)        003A16
_RD0I2C                                       (abs)        003A7A
_RD1I2C                                       (abs)        003A7B
_SLRCONA                                      (abs)        003A43
_SLRCONB                                      (abs)        003A53
_SLRCONC                                      (abs)        003A63
_SLRCOND                                      (abs)        003A73
_SLRCONE                                      (abs)        003A83
_SYSTEM_Initialize                            text34       00C224
_TRISA                                        (abs)        003FC2
_TRISB                                        (abs)        003FC3
_TRISC                                        (abs)        003FC4
_TRISD                                        (abs)        003FC5
_TRISE                                        (abs)        003FC6
_U1BRGH                                       (abs)        003DF6
_U1BRGL                                       (abs)        003DF5
_U1CON0                                       (abs)        003DF2
_U1CON0bits                                   (abs)        003DF2
_U1CON1                                       (abs)        003DF3
_U1CON2                                       (abs)        003DF4
_U1ERRIE                                      (abs)        003DFA
_U1ERRIR                                      (abs)        003DF9
_U1ERRIRbits                                  (abs)        003DF9
_U1FIFO                                       (abs)        003DF7
_U1P1H                                        (abs)        003DED
_U1P1L                                        (abs)        003DEC
_U1P2H                                        (abs)        003DEF
_U1P2L                                        (abs)        003DEE
_U1P3H                                        (abs)        003DF1
_U1P3L                                        (abs)        003DF0
_U1RXB                                        (abs)        003DE8
_U1RXPPS                                      (abs)        003AE5
_U1TXB                                        (abs)        003DEA
_U1UIR                                        (abs)        003DF8
_UART1_DefaultErrorHandler                    text33       00C05E
_UART1_DefaultFramingErrorHandler             text32       00C060
_UART1_DefaultOverrunErrorHandler             text31       00C062
_UART1_ErrorHandler                           nvBANK2      000254
_UART1_FramingErrorHandler                    nvBANK2      000258
_UART1_Initialize                             text35       00CB0E
_UART1_OverrunErrorHandler                    nvBANK2      000256
_UART1_Read                                   text30       00CFAC
_UART1_SetErrorHandler                        text38       00C0FE
_UART1_SetFramingErrorHandler                 text37       00C108
_UART1_SetOverrunErrorHandler                 text36       00C112
_UART1_Write                                  text28       00C282
_UART_ReceiveString                           text29       00CC50
_UART_SendString                              text27       00CCC0
_WPUA                                         (abs)        003A41
_WPUB                                         (abs)        003A51
_WPUC                                         (abs)        003A61
_WPUD                                         (abs)        003A71
_WPUE                                         (abs)        003A81
__HRAM                                        (abs)        000000
__H__absolute__                               __absolute__ 000000
__Habs1                                       abs1         000000
__Hbank0                                      bank0        000000
__Hbank1                                      bank1        000000
__Hbank10                                     bank10       000000
__Hbank11                                     bank11       000000
__Hbank12                                     bank12       000000
__Hbank13                                     bank13       000000
__Hbank14                                     bank14       000000
__Hbank15                                     bank15       000000
__Hbank2                                      bank2        000000
__Hbank3                                      bank3        000000
__Hbank4                                      bank4        000000
__Hbank5                                      bank5        000000
__Hbank6                                      bank6        000000
__Hbank7                                      bank7        000000
__Hbank8                                      bank8        000000
__Hbank9                                      bank9        000000
__Hbigbss                                     bigbss       000000
__Hbigdata                                    bigdata      000000
__Hbigram                                     bigram       000000
__Hbigsfr                                     bigsfr       000000
__Hbss                                        bss          000000
__HbssBANK0                                   bssBANK0     000000
__HbssBANK1                                   bssBANK1     000000
__HbssBANK2                                   bssBANK2     000000
__HbssCOMRAM                                  bssCOMRAM    000000
__Hcinit                                      cinit        000000
__Hclrtext                                    clrtext      000000
__Hcomram                                     comram       000000
__Hconfig                                     config       30000A
__Hconst                                      const        000000
__HcstackBANK0                                cstackBANK0  000000
__HcstackBANK1                                cstackBANK1  000000
__HcstackBANK2                                cstackBANK2  000000
__HcstackCOMRAM                               cstackCOMRAM 000000
__Hdata                                       data         000000
__Heeprom_data                                eeprom_data  000000
__Hfarbss                                     farbss       000000
__Hfardata                                    fardata      000000
__Hheap                                       heap         000000
__Hibigdata                                   ibigdata     000000
__Hidata                                      idata        000000
__Hidloc                                      idloc        000000
__Hifardata                                   ifardata     000000
__Hinit                                       init         010000
__Hintsave_regs                               intsave_regs 000000
__Hirdata                                     irdata       000000
__Hmediumconst                                mediumconst  00FFFC
__HnvBANK2                                    nvBANK2      000000
__HnvFARRAM                                   nvFARRAM     000000
__Hnvbit                                      nvbit        000000
__Hnvrram                                     nvrram       000000
__Hparam                                      rparam       000000
__Hpowerup                                    powerup      000000
__Hram                                        ram          000000
__Hramtop                                     ramtop       001000
__Hrbit                                       rbit         000000
__Hrbss                                       rbss         000000
__Hrdata                                      rdata        000000
__Hreset_vec                                  reset_vec    000004
__Hrparam                                     rparam       000000
__Hsfr                                        sfr          000000
__Hsmallconst                                 smallconst   000000
__Hspace_0                                    (abs)        010000
__Hspace_1                                    (abs)        00025E
__Hspace_2                                    (abs)        000000
__Hspace_4                                    (abs)        60000A
__Hstack                                      stack        000000
__Hstruct                                     struct       000000
__Htemp                                       temp         000000
__Htext                                       text         000000
__Htext0                                      text0        000000
__Htext1                                      text1        000000
__Htext10                                     text10       000000
__Htext100                                    text100      000000
__Htext101                                    text101      000000
__Htext102                                    text102      000000
__Htext103                                    text103      000000
__Htext104                                    text104      000000
__Htext105                                    text105      000000
__Htext106                                    text106      000000
__Htext107                                    text107      000000
__Htext108                                    text108      000000
__Htext109                                    text109      000000
__Htext11                                     text11       000000
__Htext110                                    text110      000000
__Htext111                                    text111      000000
__Htext112                                    text112      000000
__Htext113                                    text113      000000
__Htext114                                    text114      000000
__Htext115                                    text115      000000
__Htext116                                    text116      000000
__Htext117                                    text117      000000
__Htext12                                     text12       000000
__Htext13                                     text13       000000
__Htext14                                     text14       000000
__Htext15                                     text15       000000
__Htext16                                     text16       000000
__Htext17                                     text17       000000
__Htext18                                     text18       000000
__Htext19                                     text19       000000
__Htext2                                      text2        000000
__Htext20                                     text20       000000
__Htext21                                     text21       000000
__Htext22                                     text22       000000
__Htext23                                     text23       000000
__Htext24                                     text24       000000
__Htext25                                     text25       000000
__Htext26                                     text26       000000
__Htext27                                     text27       000000
__Htext28                                     text28       000000
__Htext29                                     text29       000000
__Htext3                                      text3        000000
__Htext30                                     text30       000000
__Htext31                                     text31       000000
__Htext32                                     text32       000000
__Htext33                                     text33       000000
__Htext34                                     text34       000000
__Htext35                                     text35       000000
__Htext36                                     text36       000000
__Htext37                                     text37       000000
__Htext38                                     text38       000000
__Htext39                                     text39       000000
__Htext4                                      text4        000000
__Htext40                                     text40       000000
__Htext41                                     text41       000000
__Htext42                                     text42       000000
__Htext43                                     text43       000000
__Htext44                                     text44       000000
__Htext45                                     text45       000000
__Htext46                                     text46       000000
__Htext47                                     text47       000000
__Htext48                                     text48       000000
__Htext49                                     text49       000000
__Htext5                                      text5        000000
__Htext50                                     text50       000000
__Htext51                                     text51       000000
__Htext52                                     text52       000000
__Htext53                                     text53       000000
__Htext54                                     text54       000000
__Htext55                                     text55       000000
__Htext56                                     text56       000000
__Htext57                                     text57       000000
__Htext58                                     text58       000000
__Htext59                                     text59       000000
__Htext6                                      text6        000000
__Htext60                                     text60       000000
__Htext61                                     text61       000000
__Htext62                                     text62       000000
__Htext63                                     text63       000000
__Htext64                                     text64       000000
__Htext65                                     text65       000000
__Htext66                                     text66       000000
__Htext67                                     text67       000000
__Htext68                                     text68       000000
__Htext69                                     text69       000000
__Htext7                                      text7        000000
__Htext70                                     text70       000000
__Htext71                                     text71       000000
__Htext72                                     text72       000000
__Htext73                                     text73       000000
__Htext74                                     text74       000000
__Htext75                                     text75       000000
__Htext76                                     text76       000000
__Htext77                                     text77       000000
__Htext78                                     text78       000000
__Htext79                                     text79       000000
__Htext8                                      text8        000000
__Htext80                                     text80       000000
__Htext81                                     text81       000000
__Htext82                                     text82       000000
__Htext83                                     text83       000000
__Htext84                                     text84       000000
__Htext85                                     text85       000000
__Htext86                                     text86       000000
__Htext87                                     text87       000000
__Htext88                                     text88       000000
__Htext89                                     text89       000000
__Htext9                                      text9        000000
__Htext90                                     text90       000000
__Htext91                                     text91       000000
__Htext92                                     text92       000000
__Htext93                                     text93       000000
__Htext94                                     text94       000000
__Htext95                                     text95       000000
__Htext96                                     text96       000000
__Htext97                                     text97       000000
__Htext98                                     text98       000000
__Htext99                                     text99       000000
__LRAM                                        (abs)        000001
__L__absolute__                               __absolute__ 000000
__Labs1                                       abs1         000000
__Lbank0                                      bank0        000000
__Lbank1                                      bank1        000000
__Lbank10                                     bank10       000000
__Lbank11                                     bank11       000000
__Lbank12                                     bank12       000000
__Lbank13                                     bank13       000000
__Lbank14                                     bank14       000000
__Lbank15                                     bank15       000000
__Lbank2                                      bank2        000000
__Lbank3                                      bank3        000000
__Lbank4                                      bank4        000000
__Lbank5                                      bank5        000000
__Lbank6                                      bank6        000000
__Lbank7                                      bank7        000000
__Lbank8                                      bank8        000000
__Lbank9                                      bank9        000000
__Lbigbss                                     bigbss       000000
__Lbigdata                                    bigdata      000000
__Lbigram                                     bigram       000000
__Lbigsfr                                     bigsfr       000000
__Lbss                                        bss          000000
__LbssBANK0                                   bssBANK0     000000
__LbssBANK1                                   bssBANK1     000000
__LbssBANK2                                   bssBANK2     000000
__LbssCOMRAM                                  bssCOMRAM    000000
__Lcinit                                      cinit        000000
__Lclrtext                                    clrtext      000000
__Lcomram                                     comram       000000
__Lconfig                                     config       000000
__Lconst                                      const        000000
__LcstackBANK0                                cstackBANK0  000000
__LcstackBANK1                                cstackBANK1  000000
__LcstackBANK2                                cstackBANK2  000000
__LcstackCOMRAM                               cstackCOMRAM 000000
__Ldata                                       data         000000
__Leeprom_data                                eeprom_data  000000
__Lfarbss                                     farbss       000000
__Lfardata                                    fardata      000000
__Lheap                                       heap         000000
__Libigdata                                   ibigdata     000000
__Lidata                                      idata        000000
__Lidloc                                      idloc        000000
__Lifardata                                   ifardata     000000
__Linit                                       init         00FFFC
__Lintsave_regs                               intsave_regs 000000
__Lirdata                                     irdata       000000
__Lmediumconst                                mediumconst  00FEC6
__LnvBANK2                                    nvBANK2      000000
__LnvFARRAM                                   nvFARRAM     000000
__Lnvbit                                      nvbit        000000
__Lnvrram                                     nvrram       000000
__Lparam                                      rparam       000000
__Lpowerup                                    powerup      000000
__Lram                                        ram          000000
__Lramtop                                     ramtop       001000
__Lrbit                                       rbit         000000
__Lrbss                                       rbss         000000
__Lrdata                                      rdata        000000
__Lreset_vec                                  reset_vec    000000
__Lrparam                                     rparam       000000
__Lsfr                                        sfr          000000
__Lsmallconst                                 smallconst   000000
__Lspace_0                                    (abs)        000000
__Lspace_1                                    (abs)        000000
__Lspace_2                                    (abs)        000000
__Lspace_4                                    (abs)        000000
__Lstack                                      stack        000000
__Lstruct                                     struct       000000
__Ltemp                                       temp         000000
__Ltext                                       text         000000
__Ltext0                                      text0        000000
__Ltext1                                      text1        000000
__Ltext10                                     text10       000000
__Ltext100                                    text100      000000
__Ltext101                                    text101      000000
__Ltext102                                    text102      000000
__Ltext103                                    text103      000000
__Ltext104                                    text104      000000
__Ltext105                                    text105      000000
__Ltext106                                    text106      000000
__Ltext107                                    text107      000000
__Ltext108                                    text108      000000
__Ltext109                                    text109      000000
__Ltext11                                     text11       000000
__Ltext110                                    text110      000000
__Ltext111                                    text111      000000
__Ltext112                                    text112      000000
__Ltext113                                    text113      000000
__Ltext114                                    text114      000000
__Ltext115                                    text115      000000
__Ltext116                                    text116      000000
__Ltext117                                    text117      000000
__Ltext12                                     text12       000000
__Ltext13                                     text13       000000
__Ltext14                                     text14       000000
__Ltext15                                     text15       000000
__Ltext16                                     text16       000000
__Ltext17                                     text17       000000
__Ltext18                                     text18       000000
__Ltext19                                     text19       000000
__Ltext2                                      text2        000000
__Ltext20                                     text20       000000
__Ltext21                                     text21       000000
__Ltext22                                     text22       000000
__Ltext23                                     text23       000000
__Ltext24                                     text24       000000
__Ltext25                                     text25       000000
__Ltext26                                     text26       000000
__Ltext27                                     text27       000000
__Ltext28                                     text28       000000
__Ltext29                                     text29       000000
__Ltext3                                      text3        000000
__Ltext30                                     text30       000000
__Ltext31                                     text31       000000
__Ltext32                                     text32       000000
__Ltext33                                     text33       000000
__Ltext34                                     text34       000000
__Ltext35                                     text35       000000
__Ltext36                                     text36       000000
__Ltext37                                     text37       000000
__Ltext38                                     text38       000000
__Ltext39                                     text39       000000
__Ltext4                                      text4        000000
__Ltext40                                     text40       000000
__Ltext41                                     text41       000000
__Ltext42                                     text42       000000
__Ltext43                                     text43       000000
__Ltext44                                     text44       000000
__Ltext45                                     text45       000000
[...]
__ptext87                                     text87       00C09E
__ptext88                                     text88       00C098
__ptext89                                     text89       00C1CC
__ptext9                                      text9        00D43E
__ptext90                                     text90       00C092
__ptext91                                     text91       00C0F4
__ptext92                                     text92       00C0EA
__ptext93                                     text93       00C08C
__ptext94                                     text94       00C086
__ptext95                                     text95       00C0E0
__ptext96                                     text96       00C068
__ptext97                                     text97       00C064
__ptext98                                     text98       00C7A2
__ptext99                                     text99       00C444
__ramtop                                      ramtop       001000
__smallconst                                  smallconst   000000
_atoi                                         text23       00D8F6
_currentBlockEEPROM1                          bssBANK1     0001FE
_currentBlockEEPROM2                          bssBANK1     0001FC
_custom_delay_ms                              text22       00C596
_dbuf                                         bssBANK2     000204
_efgtoa                                       text5        00F4D2
_efgtoa$1993                                  cstackBANK0  000066
_flags                                        bssBANK0     0000FD
_floorf                                       text13       00DCDC
_fputc                                        text9        00D43E
_fputs                                        text8        00C60E
_i2c1_fsmStateTable                           mediumconst  00FEC7
_labs                                         text12       00C8DC
_main                                         text0        00E7D4
_memcpy                                       text11       00C98A
_pad                                          text7        00CA40
_prec                                         bssCOMRAM    00005C
_putch                                        text10       00C11C
_rd1RegCompleteHandler                        text101      00C3EC
_rd2RegCompleteHandler                        text100      00C418
_rdBlkRegCompleteHandler                      text98       00C7A2
_read_prec_or_width                           text4        00D380
_sprintf                                      text1        00C718
_strcpy                                       text6        00C6D4
_uart1RxLastError                             bssCOMRAM    00005E
_vfpfcnvrt                                    text3        00DEEE
_vfprintf                                     text2        00C7EC
_width                                        bssBANK0     0000FB
_wr1RegCompleteHandler                        text99       00C444
_wr2RegCompleteHandler                        text102      00C3C0
atoi@n                                        cstackCOMRAM 00000C
atoi@neg                                      cstackCOMRAM 00000B
atoi@s                                        cstackCOMRAM 000007
custom_delay_ms@milliseconds                  cstackCOMRAM 000001
efgtoa@c                                      cstackCOMRAM 000041
efgtoa@d                                      cstackBANK0  00006B
efgtoa@e                                      cstackBANK0  00006F
efgtoa@f                                      cstackCOMRAM 00003D
efgtoa@fp                                     cstackCOMRAM 00003C
efgtoa@g                                      cstackBANK0  000082
efgtoa@h                                      cstackBANK0  000079
efgtoa@i                                      cstackBANK0  000077
efgtoa@l                                      cstackBANK0  00007D
efgtoa@m                                      cstackBANK0  00006D
efgtoa@mode                                   cstackBANK0  000069
efgtoa@n                                      cstackBANK0  000086
efgtoa@ne                                     cstackBANK0  000060
efgtoa@nmode                                  cstackBANK0  00006A
efgtoa@ou                                     cstackBANK0  000073
efgtoa@p                                      cstackBANK0  000062
efgtoa@pp                                     cstackBANK0  000068
efgtoa@sign                                   cstackBANK0  000081
efgtoa@t                                      cstackBANK0  000064
efgtoa@u                                      cstackBANK0  000088
efgtoa@w                                      cstackBANK0  000071
end_of_initialization                         cinit        00C496
floorf@F521                                   bssBANK2     000200
floorf@e                                      cstackCOMRAM 000036
floorf@m                                      cstackCOMRAM 000032
floorf@u                                      cstackCOMRAM 000038
floorf@x                                      cstackCOMRAM 000028
fputc@c                                       cstackCOMRAM 000003
fputc@fp                                      cstackCOMRAM 000005
fputs@c                                       cstackCOMRAM 00000E
fputs@fp                                      cstackCOMRAM 00000D
fputs@i                                       cstackCOMRAM 00000F
fputs@s                                       cstackCOMRAM 00000B
intlevel0                                     text         000000
intlevel1                                     text         000000
intlevel2                                     text         000000
intlevel3                                     text         000000
isa$std                                       (abs)        000001
isa$xinst                                     (abs)        000000
labs@a                                        cstackCOMRAM 000001
main@ax                                       cstackBANK0  0000F3
main@ax_read                                  cstackBANK0  0000D7
main@ay                                       cstackBANK0  0000F7
main@ay_read                                  cstackBANK0  0000DB
main@az                                       cstackBANK1  0001C8
main@az_read                                  cstackBANK0  0000DF
main@buffer                                   cstackBANK1  000100
main@delayTime                                cstackBANK0  0000D3
main@eepromBuffer                             cstackBANK0  0000BB
main@gx                                       cstackBANK1  0001CC
main@gx_read                                  cstackBANK0  0000E3
main@gy                                       cstackBANK1  0001D0
main@gy_read                                  cstackBANK0  0000E7
main@gz                                       cstackBANK2  00025A
main@gz_read                                  cstackBANK0  0000EB
main@samplingRate                             cstackBANK0  0000EF
main@userInput                                cstackBANK0  0000B1
memcpy@d                                      cstackCOMRAM 000008
memcpy@d1                                     cstackCOMRAM 000001
memcpy@n                                      cstackCOMRAM 000005
memcpy@s                                      cstackCOMRAM 00000A
memcpy@s1                                     cstackCOMRAM 000003
memcpy@tmp                                    cstackCOMRAM 000007
pad@buf                                       cstackCOMRAM 000012
pad@fp                                        cstackCOMRAM 000011
pad@i                                         cstackCOMRAM 000017
pad@p                                         cstackCOMRAM 000014
putch@txData                                  cstackCOMRAM 000002
rd1RegCompleteHandler@ptr                     cstackCOMRAM 00000A
rd2RegCompleteHandler@ptr                     cstackCOMRAM 00000A
rdBlkRegCompleteHandler@ptr                   cstackCOMRAM 00000A
read_prec_or_width@ap                         cstackCOMRAM 000008
read_prec_or_width@c                          cstackCOMRAM 000009
read_prec_or_width@fmt                        cstackCOMRAM 000007
read_prec_or_width@n                          cstackCOMRAM 00000A
sprintf@ap                                    cstackCOMRAM 00004F
sprintf@f                                     cstackCOMRAM 000050
sprintf@fmt                                   cstackBANK0  000095
sprintf@s                                     cstackBANK0  000093
stackhi                                       (abs)        000000
stacklo                                       (abs)        000000
start                                         init         00FFFC
start_initialization                          cinit        00C470
strcpy@d                                      cstackCOMRAM 000005
strcpy@dest                                   cstackCOMRAM 000001
strcpy@src                                    cstackCOMRAM 000003
vfpfcnvrt@ap                                  cstackBANK0  00008E
vfpfcnvrt@c                                   cstackCOMRAM 00004A
vfpfcnvrt@convarg                             cstackCOMRAM 000046
vfpfcnvrt@cp                                  cstackCOMRAM 00004B
vfpfcnvrt@fmt                                 cstackBANK0  00008D
vfpfcnvrt@fp                                  cstackBANK0  00008C
vfprintf@ap                                   cstackBANK0  000092
vfprintf@cfmt                                 cstackCOMRAM 00004D
vfprintf@fmt                                  cstackBANK0  000090
vfprintf@fp                                   cstackBANK0  00008F
wr1RegCompleteHandler@ptr                     cstackCOMRAM 00000A
wr2RegCompleteHandler@ptr                     cstackCOMRAM 00000A


MODULE INFORMATION

Module		Function		Class		Link	Load	Size
C:\Program Files\Microchip\xc8\v2.45\pic\sources\c99\common\Umul16.c
		___wmul        		CODE           	C36A	0000	42

C:\Program Files\Microchip\xc8\v2.45\pic\sources\c99\common\Umul16.c estimated size: 42

mcc_generated_files/examples/i2c1_master_example.c
		_wr1RegCompleteHandler		CODE           	C444	0000	44
		_wr2RegCompleteHandler		CODE           	C3C0	0000	44
		_I2C1_ReadDataBlock		CODE           	CD32	0000	118
		_I2C1_Write1ByteRegister		CODE           	CB76	0000	106
		_I2C1_ReadNBytes		CODE           	C690	0000	68
		_rdBlkRegCompleteHandler		CODE           	C7A2	0000	74
		_rd1RegCompleteHandler		CODE           	C3EC	0000	44
		_rd2RegCompleteHandler		CODE           	C418	0000	44
		_I2C1_WriteNBytes		CODE           	C932	0000	88

mcc_generated_files/examples/i2c1_master_example.c estimated size: 630

C:\Program Files\Microchip\xc8\v2.45\pic\sources\c99\common\atoi.c
		_atoi          		CODE           	D8F6	0000	272

C:\Program Files\Microchip\xc8\v2.45\pic\sources\c99\common\atoi.c estimated size: 272

C:\Program Files\Microchip\xc8\v2.45\pic\sources\c99\common\fleq.c
		___fleq        		CODE           	D2D6	0000	170

C:\Program Files\Microchip\xc8\v2.45\pic\sources\c99\common\fleq.c estimated size: 170

mcc_generated_files/i2c1_master.c
		_I2C1_DO_SEND_RESTART		CODE           	C070	0000	4
		_I2C1_MasterIsNackFlagSet		CODE           	C1A0	0000	22
		_I2C1_DO_RX_EMPTY		CODE           	D0E6	0000	162
		_I2C1_DO_TX_EMPTY		CODE           	CE22	0000	124
		_I2C1_DO_SEND_RESTART_READ		CODE           	C13E	0000	14
		_I2C1_MasterClearNackFlag		CODE           	C07A	0000	6
		_I2C1_CallbackReturnStop		CODE           	C064	0000	4
		_I2C1_MasterRead		CODE           	C0D0	0000	8
		_I2C1_DO_RX    		CODE           	D048	0000	158
		_I2C1_DO_TX    		CODE           	DA06	0000	290
		_I2C1_SetAddressNackCallback		CODE           	C252	0000	24
		_I2C1_DO_IDLE  		CODE           	C132	0000	12
		_I2C1_MasterOpen		CODE           	C4CA	0000	46
		_I2C1_MasterSendTxData		CODE           	C0F4	0000	10
		_I2C1_MasterStop		CODE           	C0A4	0000	6
		_I2C1_MasterIsStopFlagSet		CODE           	C1B6	0000	22
		_I2C1_CallbackReturnReset		CODE           	C068	0000	4
		_I2C1_DO_RESET 		CODE           	C15A	0000	16
		_I2C1_Poller   		CODE           	C2BA	0000	30
		_I2C1_DO_RX_ACK		CODE           	C0C0	0000	8
		_I2C1_DO_TX_ACK		CODE           	C0B8	0000	8
		_I2C1_MasterWaitForEvent		CODE           	C9E4	0000	92
		_I2C1_MasterSendNack		CODE           	C09E	0000	6
		_I2C1_DO_RX_NACK_RESTART		CODE           	C0C8	0000	8
		_I2C1_MasterDisableIrq		CODE           	C29C	0000	30
		_I2C1_ClearInterruptFlags		CODE           	C838	0000	82
		_I2C1_MasterOperation		CODE           	C88A	0000	82
		_I2C1_MasterClearStopFlag		CODE           	C080	0000	6
		_I2C1_SetCallback		CODE           	CE9E	0000	126
		_I2C1_MasterEnableRestart		CODE           	C08C	0000	6
		_I2C1_MasterGetCounter		CODE           	C0AA	0000	6
		_I2C1_MasterSetCounter		CODE           	C0EA	0000	10
		_I2C1_Open     		CODE           	CF1C	0000	144
		_I2C1_DO_ADDRESS_NACK		CODE           	CAA6	0000	104
		_I2C1_MasterDisableRestart		CODE           	C086	0000	6
		_I2C1_MasterClearCountFlag		CODE           	C074	0000	6
		_I2C1_SetBuffer		CODE           	C2FA	0000	36
		_I2C1_DO_SEND_RESTART_WRITE		CODE           	C06C	0000	4
		_I2C1_MasterIsTxBufEmpty		CODE           	C1F8	0000	22
		_I2C1_MasterClose		CODE           	C126	0000	12
		_I2C1_MasterWrite		CODE           	C0D8	0000	8
		_I2C1_Initialize		CODE           	C2D8	0000	34
		_I2C1_Close    		CODE           	C394	0000	44
		_I2C1_MasterIsRxBufFull		CODE           	C1CC	0000	22
		_I2C1_MasterIsNack		CODE           	C1E2	0000	22
		_I2C1_DO_SEND_ADR_WRITE		CODE           	C20E	0000	22
		_I2C1_MasterClearIrq		CODE           	C0B0	0000	8
		_I2C1_SetDataCompleteCallback		CODE           	C23A	0000	24
		_I2C1_DO_SEND_STOP		CODE           	C342	0000	40
		_I2C1_DO_BUS_COLLISION		CODE           	CBE0	0000	112
		_I2C1_DO_BUS_ERROR		CODE           	C16A	0000	16
		_I2C1_MasterSendAck		CODE           	C098	0000	6
		_I2C1_MasterFsm		CODE           	CDA8	0000	122
		_I2C1_MasterGetRxData		CODE           	C092	0000	6
		_I2C1_MasterResetBus		CODE           	C0E0	0000	10
		_I2C1_MasterIsCountFlagSet		CODE           	C18A	0000	22
		_I2C1_DO_SEND_ADR_READ		CODE           	C49C	0000	46
		_I2C1_DO_RX_NACK_STOP		CODE           	C14C	0000	14

mcc_generated_files/i2c1_master.c estimated size: 2344

C:\Program Files\Microchip\xc8\v2.45\pic\sources\c99\common\memcpy.c
		_memcpy        		CODE           	C98A	0000	90

C:\Program Files\Microchip\xc8\v2.45\pic\sources\c99\common\memcpy.c estimated size: 90

C:\Program Files\Microchip\xc8\v2.45\pic\sources\c99\common\flneg.c
		___flneg       		CODE           	C55E	0000	56

C:\Program Files\Microchip\xc8\v2.45\pic\sources\c99\common\flneg.c estimated size: 56

mcc_generated_files/pin_manager.c
		_PIN_MANAGER_Initialize		CODE           	D22C	0000	170

mcc_generated_files/pin_manager.c estimated size: 170

C:\Program Files\Microchip\xc8\v2.45\pic\sources\c99\common\sprcmul.c
		___flmul       		CODE           	EBC4	0000	1102

C:\Program Files\Microchip\xc8\v2.45\pic\sources\c99\common\sprcmul.c estimated size: 1102

C:\Program Files\Microchip\xc8\v2.45\pic\sources\c99\common\labs.c
		_labs          		CODE           	C8DC	0000	86

C:\Program Files\Microchip\xc8\v2.45\pic\sources\c99\common\labs.c estimated size: 86

C:\Program Files\Microchip\xc8\v2.45\pic\sources\c99\common\nf_fputs.c
		_fputs         		CODE           	C60E	0000	64

C:\Program Files\Microchip\xc8\v2.45\pic\sources\c99\common\nf_fputs.c estimated size: 64

C:\Program Files\Microchip\xc8\v2.45\pic\sources\c99\common\sprcdiv.c
		___fldiv       		CODE           	E43A	0000	922

C:\Program Files\Microchip\xc8\v2.45\pic\sources\c99\common\sprcdiv.c estimated size: 922

C:\Program Files\Microchip\xc8\v2.45\pic\sources\c99\common\floorf.c
		_floorf        		CODE           	DCDC	0000	530

C:\Program Files\Microchip\xc8\v2.45\pic\sources\c99\common\floorf.c estimated size: 530

C:\Program Files\Microchip\xc8\v2.45\pic\sources\c99\common\nf_sprintf.c
		_sprintf       		CODE           	C718	0000	68

C:\Program Files\Microchip\xc8\v2.45\pic\sources\c99\common\nf_sprintf.c estimated size: 68

mcc_generated_files/uart1.c
		_UART1_Write   		CODE           	C282	0000	26
		_putch         		CODE           	C11C	0000	10
		_UART1_SetFramingErrorHandler		CODE           	C108	0000	10
		_UART1_SetOverrunErrorHandler		CODE           	C112	0000	10
		_UART1_Initialize		CODE           	CB0E	0000	104
		_UART1_SetErrorHandler		CODE           	C0FE	0000	10
		_UART1_Read    		CODE           	CFAC	0000	156
		_UART1_DefaultFramingErrorHandler		CODE           	C060	0000	2
		_UART1_DefaultErrorHandler		CODE           	C05E	0000	2
		_UART1_DefaultOverrunErrorHandler		CODE           	C062	0000	2

mcc_generated_files/uart1.c estimated size: 332

C:\Program Files\Microchip\xc8\v2.45\pic\sources\c99\common\flge.c
		___flge        		CODE           	D6EC	0000	260

C:\Program Files\Microchip\xc8\v2.45\pic\sources\c99\common\flge.c estimated size: 260

shared
		__initialization		CODE           	C470	0000	38
		_i2c1_fsmStateTable		MEDIUMCONST    	FEC7	0000	38

shared estimated size: 76

C:\Program Files\Microchip\xc8\v2.45\pic\sources\c99\common\xxtofl.c
		___xxtofl      		CODE           	DB28	0000	436

C:\Program Files\Microchip\xc8\v2.45\pic\sources\c99\common\xxtofl.c estimated size: 436

C:\Program Files\Microchip\xc8\v2.45\pic\sources\c99\common\almod.c
		___almod       		CODE           	D502	0000	236

C:\Program Files\Microchip\xc8\v2.45\pic\sources\c99\common\almod.c estimated size: 236

mcc_generated_files/mcc.c
		_PMD_Initialize		CODE           	C31E	0000	36
		_OSCILLATOR_Initialize		CODE           	C26A	0000	24
		_SYSTEM_Initialize		CODE           	C224	0000	22

mcc_generated_files/mcc.c estimated size: 82

C:\Program Files\Microchip\xc8\v2.45\pic\sources\c99\common\__fpclassifyf.c
		___fpclassifyf 		CODE           	D5EE	0000	254

C:\Program Files\Microchip\xc8\v2.45\pic\sources\c99\common\__fpclassifyf.c estimated size: 254

C:\Program Files\Microchip\xc8\v2.45\pic\sources\c99\common\__lldiv.c
		___lldiv       		CODE           	D188	0000	164

C:\Program Files\Microchip\xc8\v2.45\pic\sources\c99\common\__lldiv.c estimated size: 164

C:\Program Files\Microchip\xc8\v2.45\pic\sources\c99\common\strcpy.c
		_strcpy        		CODE           	C6D4	0000	68

C:\Program Files\Microchip\xc8\v2.45\pic\sources\c99\common\strcpy.c estimated size: 68

C:\Program Files\Microchip\xc8\v2.45\pic\sources\c99\common\sprcadd.c
		___flsub       		CODE           	C75C	0000	70
		___fladd       		CODE           	F012	0000	1216

C:\Program Files\Microchip\xc8\v2.45\pic\sources\c99\common\sprcadd.c estimated size: 1286

main.c
		_UART_SendString		CODE           	CCC0	0000	114
		_custom_delay_ms		CODE           	C596	0000	58
		_main          		CODE           	E7D4	0000	1008
		_EEPROM_ReadBlock		CODE           	C64E	0000	66
		_EEPROM_WriteByte		CODE           	C4F8	0000	48
		_EEPROM_WriteBlock		CODE           	C5D0	0000	62
		_MPU6050_Init  		CODE           	C17A	0000	16
		_UART_ReceiveString		CODE           	CC50	0000	112
		_EEPROM_ReadByte		CODE           	C528	0000	54
		_MPU6050_ReadSensorData		CODE           	E16A	0000	720

main.c estimated size: 2258

C:\Program Files\Microchip\xc8\v2.45\pic\sources\c99\common\nf_fputc.c
		_fputc         		CODE           	D43E	0000	196

C:\Program Files\Microchip\xc8\v2.45\pic\sources\c99\common\nf_fputc.c estimated size: 196

C:\Program Files\Microchip\xc8\v2.45\pic\sources\c99\common\doprnt.c
		_read_prec_or_width		CODE           	D380	0000	190
		_vfpfcnvrt     		CODE           	DEEE	0000	636
		_efgtoa        		CODE           	F4D2	0000	2548
		_pad           		CODE           	CA40	0000	102
		_vfprintf      		CODE           	C7EC	0000	76

C:\Program Files\Microchip\xc8\v2.45\pic\sources\c99\common\doprnt.c estimated size: 3552

C:\Program Files\Microchip\xc8\v2.45\pic\sources\c99\common\fltol.c
		___fltol       		CODE           	D7F0	0000	262

C:\Program Files\Microchip\xc8\v2.45\pic\sources\c99\common\fltol.c estimated size: 262

