Microchip MPLAB XC8 Compiler V2.45

Linker command line:

-W-3 \
  --edf=C:\Program Files\Microchip\xc8\v2.45\pic\dat\20230818022343_en.msgs \
  -cn -h+dist/default/production\Practica3.X.production.sym \
  --cmf=dist/default/production\Practica3.X.production.cmf -z -Q18F46K42 \
  -oC:\Users\mesas\AppData\Local\Temp\xcAsiuc.\driver_tmp_3.o \
  --defsym=__MPLAB_BUILD=1 --fixupoverflow=error \
  -Mdist/default/production/Practica3.X.production.map \
  --md=C:\Users\mesas\AppData\Local\Temp\xcAsiuc.\driver_tmp_0.dat -E1 \
  -ver=XC8 Compiler --acfsm=1493 -ACODE=00h-0FFFFh -ACONST=00h-0FFFFh \
  -ASMALLCONST=01000h-010FFhx240 -AMEDIUMCONST=01000h-0FFFFh \
  -ACOMRAM=01h-05Fh -AABS1=00h-0FFFh -ABIGRAM=01h-0FFFh \
  -ARAM=060h-0FFh,0100h-01FFhx15 -ABANK0=060h-0FFh -ABANK1=0100h-01FFh \
  -ABANK2=0200h-02FFh -ABANK3=0300h-03FFh -ABANK4=0400h-04FFh \
  -ABANK5=0500h-05FFh -ABANK6=0600h-06FFh -ABANK7=0700h-07FFh \
  -ABANK8=0800h-08FFh -ABANK9=0900h-09FFh -ABANK10=0A00h-0AFFh \
  -ABANK11=0B00h-0BFFh -ABANK12=0C00h-0CFFh -ABANK13=0D00h-0DFFh \
  -ABANK14=0E00h-0EFFh -ABANK15=0F00h-0FFFh \
  -ASFR=03800h-038FFhx7,03F00h-03F5Fh,03F60h-03FFFh -ABIGSFR=03800h-03FFFh \
  -ACONFIG=0300000h-0300009h -AIDLOC=0200000h-020000Fh \
  -AEEDATA=0310000h-03103FFh -peeprom_data=EEDATA -preset_vec=00h \
  -ppowerup=CODE,init -pramtop=01000h -psmallconst=SMALLCONST \
  -pmediumconst=MEDIUMCONST -pconst=CONST -AFARRAM=00h-00h \
  -prdata=COMRAM,nvrram=COMRAM,nvbit=COMRAM,rbss=COMRAM,rbit=COMRAM \
  -pfarbss=FARRAM,fardata=FARRAM,nvFARRAM=FARRAM \
  -pintsave_regs=BIGRAM,bigbss=BIGRAM,bigdata=BIGRAM -pbss=RAM \
  -pidata=CODE,irdata=CODE,ibigdata=CODE,ifardata=CODE -prparam=COMRAM \
  C:\Users\mesas\AppData\Local\Temp\xcAsiuc.\driver_tmp_19.o \
  dist/default/production\Practica3.X.production.o 

Object code version is 3.11

Machine type is 18F46K42



                Name                               Link     Load   Length Selector   Space Scale
C:\Users\mesas\AppData\Local\Temp\xcAsiuc.\driver_tmp_19.o
                config                           300000   300000        A        0       4
                init                               FFFC     FFFC        4     7FFE       0
                reset_vec                             0        0        4        0       0
dist/default/production\Practica3.X.production.o
                config                           300000   300000        A        0       4
                mediumconst                        FDFE     FDFE      1FE     7EFF       0
                text131                            A954     A954        8     54AA       0
                text130                            A9CA     A9CA        C     54E5       0
                text129                            AB40     AB40       1E     55A0       0
                text128                            AC38     AC38       2C     561C       0
                text127                            A912     A912        6     5489       0
                text126                            A918     A918        6     548C       0
                text125                            A91E     A91E        6     548F       0
                text124                            AA2E     AA2E       16     5517       0
                text123                            AA44     AA44       16     5522       0
                text122                            AA5A     AA5A       16     552D       0
                text121                            B15A     B15A       52     58AD       0
                text120                            AB9E     AB9E       24     55CF       0
                text119                            B824     B824       7E     5C12       0
                text118                            AADE     AADE       18     556F       0
                text117                            AC64     AC64       2C     5632       0
                text116                            AC90     AC90       2C     5648       0
                text115                            ACBC     ACBC       2C     565E       0
                text114                            ACE8     ACE8       2C     5674       0
                text113                            B0C4     B0C4       4A     5862       0
                text112                            A902     A902        4     5481       0
                text111                            A906     A906        4     5483       0
                text110                            A984     A984        A     54C2       0
                text109                            A924     A924        6     5492       0
                text108                            A92A     A92A        6     5495       0
                text107                            A98E     A98E        A     54C7       0
                text106                            A998     A998        A     54CC       0
                text105                            A930     A930        6     5498       0
                text104                            AA70     AA70       16     5538       0
                text103                            A936     A936        6     549B       0
                text102                            A93C     A93C        6     549E       0
                text101                            A942     A942        6     54A1       0
                text100                            A948     A948        6     54A4       0
                text99                             AA86     AA86       16     5543       0
                text98                             AA9C     AA9C       16     554E       0
                text97                             A95C     A95C        8     54AE       0
                text96                             A9D6     A9D6        C     54EB       0
                text95                             AD14     AD14       2E     568A       0
                text94                             AAB2     AAB2       16     5559       0
                text93                             C914     C914      122     648A       0
                text92                             B9CE     B9CE       9E     5CE7       0
                text91                             B7A8     B7A8       7C     5BD4       0
                text90                             BBA8     BBA8       A2     5DD4       0
                text89                             A9E2     A9E2        E     54F1       0
                text88                             A90A     A90A        4     5485       0
                text87                             A90E     A90E        4     5487       0
                text86                             ABE6     ABE6       28     55F3       0
                text85                             A964     A964        8     54B2       0
                text84                             A9F0     A9F0        E     54F8       0
                text83                             A96C     A96C        8     54B6       0
                text82                             A9FE     A9FE       10     54FF       0
                text81                             B3C8     B3C8       68     59E4       0
                text80                             B5D6     B5D6       70     5AEB       0
                text79                             AA0E     AA0E       10     5507       0
                text78                             B72E     B72E       7A     5B97       0
                text77                             B306     B306       5C     5983       0
                text76                             AB5E     AB5E       1E     55AF       0
                text75                             B1AC     B1AC       52     58D6       0
                text74                             A974     A974        8     54BA       0
                text73                             AD42     AD42       2E     56A1       0
                text72                             B8A2     B8A2       90     5C51       0
                text71                             AAF6     AAF6       18     557B       0
                text70                             B498     B498       6A     5A4C       0
                text69                             AA1E     AA1E       10     550F       0
                text68                             AB26     AB26       1A     5593       0
                text67                             B646     B646       72     5B23       0
                text66                             BC4A     BC4A       A4     5E25       0
                text65                             BA6C     BA6C       9E     5D36       0
                text64                             E8BC     E8BC      58C     745E       0
                text63                             A94E     A94E        6     54A7       0
                text62                             C808     C808      10C     6404       0
                text61                             BB0A     BB0A       9E     5D85       0
                text60                             B502     B502       6A     5A81       0
                text59                             CFEE     CFEE      22C     67F7       0
                text58                             C300     C300       F6     6180       0
                text57                             DBB8     DBB8      3F6     6DDC       0
                text56                             C06C     C06C       C8     6036       0
                text55                             AEE8     AEE8       42     5774       0
                text54                             C20E     C20E       F2     6107       0
                text53                             AB7C     AB7C       22     55BE       0
                text52                             AB0E     AB0E       18     5587       0
                text51                             BD96     BD96       AA     5ECB       0
                text50                             ABC2     ABC2       24     55E1       0
                text49                             A9A2     A9A2        A     54D1       0
                text48                             A9AC     A9AC        A     54D6       0
                text47                             A9B6     A9B6        A     54DB       0
                text46                             B430     B430       68     5A18       0
                text45                             AAC8     AAC8       16     5564       0
                text44                             B254     B254       58     592A       0
                text43                             AD9E     AD9E       30     56CF       0
                text42                             AF2A     AF2A       42     5795       0
                text41                             B6B8     B6B8       76     5B5C       0
                text40                             D81E     D81E      39A     6C0F       0
                text39                             CA36     CA36      1B4     651B       0
                text38                             D21A     D21A      2D0     690D       0
                text37                             A97C     A97C        8     54BE       0
                text36                             AF6C     AF6C       44     57B6       0
                text35                             AE00     AE00       36     5700       0
                text34                             B038     B038       46     581C       0
                text33                             BE40     BE40       AA     5F20       0
                text32                             C4F4     C4F4      104     627A       0
                text31                             DFAE     DFAE      44E     6FD7       0
                text30                             AE36     AE36       38     571B       0
                text29                             E3FC     E3FC      4C0     71FE       0
                text28                             B07E     B07E       46     583F       0
                text27                             C5F8     C5F8      106     62FC       0
                text26                             C3F6     C3F6       FE     61FB       0
                text25                             CDDC     CDDC      212     66EE       0
                text24                             B1FE     B1FE       56     58FF       0
                text23                             B2AC     B2AC       5A     5956       0
                text22                             A9C0     A9C0        A     54E0       0
                text21                             BFA8     BFA8       C4     5FD4       0
                text20                             AEA8     AEA8       40     5754       0
                text19                             B362     B362       66     59B1       0
                text18                             AFB0     AFB0       44     57D8       0
                text17                             F40C     F40C      9F2     7A06       0
                text16                             AC0E     AC0E       2A     5607       0
                text15                             BEEA     BEEA       BE     5F75       0
                text14                             C6FE     C6FE      10A     637F       0
                text13                             D4EA     D4EA      334     6A75       0
                text12                             B10E     B10E       4C     5887       0
                text11                             AFF4     AFF4       44     57FA       0
                text10                             CBEA     CBEA      1F2     65F5       0
                text9                              B56C     B56C       6A     5AB6       0
                text8                              AE6E     AE6E       3A     5737       0
                text7                              EE48     EE48      5C4     7724       0
                text6                              A8FC     A8FC        2     547E       0
                text5                              A8FE     A8FE        2     547F       0
                text4                              A900     A900        2     5480       0
                text3                              B932     B932       9C     5C99       0
                text2                              BCEE     BCEE       A8     5E77       0
                text1                              ADCE     ADCE       32     56E7       0
                text0                              C134     C134       DA     609A       0
                cstackCOMRAM                          1        1       5D        1       1
                cstackBANK0                          60       60       6F       60       1
                cstackBANK1                         100      100      100      100       1
                cstackBANK2                         200      200       E8      200       1
                bssBANK3                            300      300       AC      300       1
                bssBANK2                            2E8      2E8       18      200       1
                bssBANK0                             CF       CF       26       60       1
                bssCOMRAM                            5E       5E        2        1       1
                cinit                              AD70     AD70       2E     56B8       0
                nvBANK0                              F5       F5        6       60       1

TOTAL           Name                               Link     Load   Length     Space
        CLASS   CODE           
                init                               FFFC     FFFC        4         0
                reset_vec                             0        0        4         0
                text131                            A954     A954        8         0
                text130                            A9CA     A9CA        C         0
                text129                            AB40     AB40       1E         0
                text128                            AC38     AC38       2C         0
                text127                            A912     A912        6         0
                text126                            A918     A918        6         0
                text125                            A91E     A91E        6         0
                text124                            AA2E     AA2E       16         0
                text123                            AA44     AA44       16         0
                text122                            AA5A     AA5A       16         0
                text121                            B15A     B15A       52         0
                text120                            AB9E     AB9E       24         0
                text119                            B824     B824       7E         0
                text118                            AADE     AADE       18         0
                text117                            AC64     AC64       2C         0
                text116                            AC90     AC90       2C         0
                text115                            ACBC     ACBC       2C         0
                text114                            ACE8     ACE8       2C         0
                text113                            B0C4     B0C4       4A         0
                text112                            A902     A902        4         0
                text111                            A906     A906        4         0
                text110                            A984     A984        A         0
                text109                            A924     A924        6         0
                text108                            A92A     A92A        6         0
                text107                            A98E     A98E        A         0
                text106                            A998     A998        A         0
                text105                            A930     A930        6         0
                text104                            AA70     AA70       16         0
                text103                            A936     A936        6         0
                text102                            A93C     A93C        6         0
                text101                            A942     A942        6         0
                text100                            A948     A948        6         0
                text99                             AA86     AA86       16         0
                text98                             AA9C     AA9C       16         0
                text97                             A95C     A95C        8         0
                text96                             A9D6     A9D6        C         0
                text95                             AD14     AD14       2E         0
                text94                             AAB2     AAB2       16         0
                text93                             C914     C914      122         0
                text92                             B9CE     B9CE       9E         0
                text91                             B7A8     B7A8       7C         0
                text90                             BBA8     BBA8       A2         0
                text89                             A9E2     A9E2        E         0
                text88                             A90A     A90A        4         0
                text87                             A90E     A90E        4         0
                text86                             ABE6     ABE6       28         0
                text85                             A964     A964        8         0
                text84                             A9F0     A9F0        E         0
                text83                             A96C     A96C        8         0
                text82                             A9FE     A9FE       10         0
                text81                             B3C8     B3C8       68         0
                text80                             B5D6     B5D6       70         0
                text79                             AA0E     AA0E       10         0
                text78                             B72E     B72E       7A         0
                text77                             B306     B306       5C         0
                text76                             AB5E     AB5E       1E         0
                text75                             B1AC     B1AC       52         0
                text74                             A974     A974        8         0
                text73                             AD42     AD42       2E         0
                text72                             B8A2     B8A2       90         0
                text71                             AAF6     AAF6       18         0
                text70                             B498     B498       6A         0
                text69                             AA1E     AA1E       10         0
                text68                             AB26     AB26       1A         0
                text67                             B646     B646       72         0
                text66                             BC4A     BC4A       A4         0
                text65                             BA6C     BA6C       9E         0
                text64                             E8BC     E8BC      58C         0
                text63                             A94E     A94E        6         0
                text62                             C808     C808      10C         0
                text61                             BB0A     BB0A       9E         0
                text60                             B502     B502       6A         0
                text59                             CFEE     CFEE      22C         0
                text58                             C300     C300       F6         0
                text57                             DBB8     DBB8      3F6         0
                text56                             C06C     C06C       C8         0
                text55                             AEE8     AEE8       42         0
                text54                             C20E     C20E       F2         0
                text53                             AB7C     AB7C       22         0
                text52                             AB0E     AB0E       18         0
                text51                             BD96     BD96       AA         0
                text50                             ABC2     ABC2       24         0
                text49                             A9A2     A9A2        A         0
                text48                             A9AC     A9AC        A         0
                text47                             A9B6     A9B6        A         0
                text46                             B430     B430       68         0
                text45                             AAC8     AAC8       16         0
                text44                             B254     B254       58         0
                text43                             AD9E     AD9E       30         0
                text42                             AF2A     AF2A       42         0
                text41                             B6B8     B6B8       76         0
                text40                             D81E     D81E      39A         0
                text39                             CA36     CA36      1B4         0
                text38                             D21A     D21A      2D0         0
                text37                             A97C     A97C        8         0
                text36                             AF6C     AF6C       44         0
                text35                             AE00     AE00       36         0
                text34                             B038     B038       46         0
                text33                             BE40     BE40       AA         0
                text32                             C4F4     C4F4      104         0
                text31                             DFAE     DFAE      44E         0
                text30                             AE36     AE36       38         0
                text29                             E3FC     E3FC      4C0         0
                text28                             B07E     B07E       46         0
                text27                             C5F8     C5F8      106         0
                text26                             C3F6     C3F6       FE         0
                text25                             CDDC     CDDC      212         0
                text24                             B1FE     B1FE       56         0
                text23                             B2AC     B2AC       5A         0
                text22                             A9C0     A9C0        A         0
                text21                             BFA8     BFA8       C4         0
                text20                             AEA8     AEA8       40         0
                text19                             B362     B362       66         0
                text18                             AFB0     AFB0       44         0
                text17                             F40C     F40C      9F2         0
                text16                             AC0E     AC0E       2A         0
                text15                             BEEA     BEEA       BE         0
                text14                             C6FE     C6FE      10A         0
                text13                             D4EA     D4EA      334         0
                text12                             B10E     B10E       4C         0
                text11                             AFF4     AFF4       44         0
                text10                             CBEA     CBEA      1F2         0
                text9                              B56C     B56C       6A         0
                text8                              AE6E     AE6E       3A         0
                text7                              EE48     EE48      5C4         0
                text6                              A8FC     A8FC        2         0
                text5                              A8FE     A8FE        2         0
                text4                              A900     A900        2         0
                text3                              B932     B932       9C         0
                text2                              BCEE     BCEE       A8         0
                text1                              ADCE     ADCE       32         0
                text0                              C134     C134       DA         0
                cinit                              AD70     AD70       2E         0

        CLASS   CONST          

        CLASS   SMALLCONST     

        CLASS   MEDIUMCONST    
                mediumconst                        FDFE     FDFE      1FE         0

        CLASS   COMRAM         
                cstackCOMRAM                          1        1       5D         1
                bssCOMRAM                            5E       5E        2         1

        CLASS   ABS1           

        CLASS   BIGRAM         

        CLASS   RAM            

        CLASS   BANK0          
                cstackBANK0                          60       60       6F         1
                bssBANK0                             CF       CF       26         1
                nvBANK0                              F5       F5        6         1

        CLASS   BANK1          
                cstackBANK1                         100      100      100         1

        CLASS   BANK2          
                cstackBANK2                         200      200       E8         1
                bssBANK2                            2E8      2E8       18         1

        CLASS   BANK3          
                bssBANK3                            300      300       AC         1

        CLASS   BANK4          

        CLASS   BANK5          

        CLASS   BANK6          

        CLASS   BANK7          

        CLASS   BANK8          

        CLASS   BANK9          

        CLASS   BANK10         

        CLASS   BANK11         

        CLASS   BANK12         

        CLASS   BANK13         

        CLASS   BANK14         

        CLASS   BANK15         

        CLASS   SFR            

        CLASS   BIGSFR         

        CLASS   CONFIG         
                config                           300000   300000        A         4

        CLASS   IDLOC          

        CLASS   EEDATA         

        CLASS   FARRAM         

        CLASS   HEAP           

        CLASS   STACK          



SEGMENTS        Name                           Load    Length   Top    Selector   Space  Class

                reset_vec                      000000  000004  000004         0       0  CODE    
                cstackCOMRAM                   000001  00005F  000060         1       1  COMRAM  
                cstackBANK0                    000060  00009B  0000FB        60       1  BANK0   
                cstackBANK1                    000100  000100  000200       100       1  BANK1   
                cstackBANK2                    000200  000100  000300       200       1  BANK2   
                bssBANK3                       000300  0000AC  0003AC       300       1  BANK3   
                text6                          00A8FC  000002  00A8FE      547E       0  CODE    
                text5                          00A8FE  000002  00A900      547F       0  CODE    
                text4                          00A900  000002  00A902      5480       0  CODE    
                text112                        00A902  000004  00A906      5481       0  CODE    
                text111                        00A906  000004  00A90A      5483       0  CODE    
                text88                         00A90A  000004  00A90E      5485       0  CODE    
                text87                         00A90E  000004  00A912      5487       0  CODE    
                text127                        00A912  000006  00A918      5489       0  CODE    
                text126                        00A918  000006  00A91E      548C       0  CODE    
                text125                        00A91E  000006  00A924      548F       0  CODE    
                text109                        00A924  000006  00A92A      5492       0  CODE    
                text108                        00A92A  000006  00A930      5495       0  CODE    
                text105                        00A930  000006  00A936      5498       0  CODE    
                text103                        00A936  000006  00A93C      549B       0  CODE    
                text102                        00A93C  000006  00A942      549E       0  CODE    
                text101                        00A942  000006  00A948      54A1       0  CODE    
                text100                        00A948  000006  00A94E      54A4       0  CODE    
                text63                         00A94E  000006  00A954      54A7       0  CODE    
                text131                        00A954  000008  00A95C      54AA       0  CODE    
                text97                         00A95C  000008  00A964      54AE       0  CODE    
                text85                         00A964  000008  00A96C      54B2       0  CODE    
                text83                         00A96C  000008  00A974      54B6       0  CODE    
                text74                         00A974  000008  00A97C      54BA       0  CODE    
                text37                         00A97C  000008  00A984      54BE       0  CODE    
                text110                        00A984  00000A  00A98E      54C2       0  CODE    
                text107                        00A98E  00000A  00A998      54C7       0  CODE    
                text106                        00A998  00000A  00A9A2      54CC       0  CODE    
                text49                         00A9A2  00000A  00A9AC      54D1       0  CODE    
                text48                         00A9AC  00000A  00A9B6      54D6       0  CODE    
                text47                         00A9B6  00000A  00A9C0      54DB       0  CODE    
                text22                         00A9C0  00000A  00A9CA      54E0       0  CODE    
                text130                        00A9CA  00000C  00A9D6      54E5       0  CODE    
                text96                         00A9D6  00000C  00A9E2      54EB       0  CODE    
                text89                         00A9E2  00000E  00A9F0      54F1       0  CODE    
                text84                         00A9F0  00000E  00A9FE      54F8       0  CODE    
                text82                         00A9FE  000010  00AA0E      54FF       0  CODE    
                text79                         00AA0E  000010  00AA1E      5507       0  CODE    
                text69                         00AA1E  000010  00AA2E      550F       0  CODE    
                text124                        00AA2E  000016  00AA44      5517       0  CODE    
                text123                        00AA44  000016  00AA5A      5522       0  CODE    
                text122                        00AA5A  000016  00AA70      552D       0  CODE    
                text104                        00AA70  000016  00AA86      5538       0  CODE    
                text99                         00AA86  000016  00AA9C      5543       0  CODE    
                text98                         00AA9C  000016  00AAB2      554E       0  CODE    
                text94                         00AAB2  000016  00AAC8      5559       0  CODE    
                text45                         00AAC8  000016  00AADE      5564       0  CODE    
                text118                        00AADE  000018  00AAF6      556F       0  CODE    
                text71                         00AAF6  000018  00AB0E      557B       0  CODE    
                text52                         00AB0E  000018  00AB26      5587       0  CODE    
                text68                         00AB26  00001A  00AB40      5593       0  CODE    
                text129                        00AB40  00001E  00AB5E      55A0       0  CODE    
                text76                         00AB5E  00001E  00AB7C      55AF       0  CODE    
                text53                         00AB7C  000022  00AB9E      55BE       0  CODE    
                text120                        00AB9E  000024  00ABC2      55CF       0  CODE    
                text50                         00ABC2  000024  00ABE6      55E1       0  CODE    
                text86                         00ABE6  000028  00AC0E      55F3       0  CODE    
                text16                         00AC0E  00002A  00AC38      5607       0  CODE    
                text128                        00AC38  00002C  00AC64      561C       0  CODE    
                text117                        00AC64  00002C  00AC90      5632       0  CODE    
                text116                        00AC90  00002C  00ACBC      5648       0  CODE    
                text115                        00ACBC  00002C  00ACE8      565E       0  CODE    
                text114                        00ACE8  00002C  00AD14      5674       0  CODE    
                text95                         00AD14  00002E  00AD42      568A       0  CODE    
                text73                         00AD42  00002E  00AD70      56A1       0  CODE    
                cinit                          00AD70  00002E  00AD9E      56B8       0  CODE    
                text43                         00AD9E  000030  00ADCE      56CF       0  CODE    
                text1                          00ADCE  000032  00AE00      56E7       0  CODE    
                text35                         00AE00  000036  00AE36      5700       0  CODE    
                text30                         00AE36  000038  00AE6E      571B       0  CODE    
                text8                          00AE6E  00003A  00AEA8      5737       0  CODE    
                text20                         00AEA8  000040  00AEE8      5754       0  CODE    
                text55                         00AEE8  000042  00AF2A      5774       0  CODE    
                text42                         00AF2A  000042  00AF6C      5795       0  CODE    
                text36                         00AF6C  000044  00AFB0      57B6       0  CODE    
                text18                         00AFB0  000044  00AFF4      57D8       0  CODE    
                text11                         00AFF4  000044  00B038      57FA       0  CODE    
                text34                         00B038  000046  00B07E      581C       0  CODE    
                text28                         00B07E  000046  00B0C4      583F       0  CODE    
                text113                        00B0C4  00004A  00B10E      5862       0  CODE    
                text12                         00B10E  00004C  00B15A      5887       0  CODE    
                text121                        00B15A  000052  00B1AC      58AD       0  CODE    
                text75                         00B1AC  000052  00B1FE      58D6       0  CODE    
                text24                         00B1FE  000056  00B254      58FF       0  CODE    
                text44                         00B254  000058  00B2AC      592A       0  CODE    
                text23                         00B2AC  00005A  00B306      5956       0  CODE    
                text77                         00B306  00005C  00B362      5983       0  CODE    
                text19                         00B362  000066  00B3C8      59B1       0  CODE    
                text81                         00B3C8  000068  00B430      59E4       0  CODE    
                text46                         00B430  000068  00B498      5A18       0  CODE    
                text70                         00B498  00006A  00B502      5A4C       0  CODE    
                text60                         00B502  00006A  00B56C      5A81       0  CODE    
                text9                          00B56C  00006A  00B5D6      5AB6       0  CODE    
                text80                         00B5D6  000070  00B646      5AEB       0  CODE    
                text67                         00B646  000072  00B6B8      5B23       0  CODE    
                text41                         00B6B8  000076  00B72E      5B5C       0  CODE    
                text78                         00B72E  00007A  00B7A8      5B97       0  CODE    
                text91                         00B7A8  00007C  00B824      5BD4       0  CODE    
                text119                        00B824  00007E  00B8A2      5C12       0  CODE    
                text72                         00B8A2  000090  00B932      5C51       0  CODE    
                text3                          00B932  00009C  00B9CE      5C99       0  CODE    
                text92                         00B9CE  00009E  00BA6C      5CE7       0  CODE    
                text65                         00BA6C  00009E  00BB0A      5D36       0  CODE    
                text61                         00BB0A  00009E  00BBA8      5D85       0  CODE    
                text90                         00BBA8  0000A2  00BC4A      5DD4       0  CODE    
                text66                         00BC4A  0000A4  00BCEE      5E25       0  CODE    
                text2                          00BCEE  0000A8  00BD96      5E77       0  CODE    
                text51                         00BD96  0000AA  00BE40      5ECB       0  CODE    
                text33                         00BE40  0000AA  00BEEA      5F20       0  CODE    
                text15                         00BEEA  0000BE  00BFA8      5F75       0  CODE    
                text21                         00BFA8  0000C4  00C06C      5FD4       0  CODE    
                text56                         00C06C  0000C8  00C134      6036       0  CODE    
                text0                          00C134  0000DA  00C20E      609A       0  CODE    
                text54                         00C20E  0000F2  00C300      6107       0  CODE    
                text58                         00C300  0000F6  00C3F6      6180       0  CODE    
                text26                         00C3F6  0000FE  00C4F4      61FB       0  CODE    
                text32                         00C4F4  000104  00C5F8      627A       0  CODE    
                text27                         00C5F8  000106  00C6FE      62FC       0  CODE    
                text14                         00C6FE  00010A  00C808      637F       0  CODE    
                text62                         00C808  00010C  00C914      6404       0  CODE    
                text93                         00C914  000122  00CA36      648A       0  CODE    
                text39                         00CA36  0001B4  00CBEA      651B       0  CODE    
                text10                         00CBEA  0001F2  00CDDC      65F5       0  CODE    
                text25                         00CDDC  000212  00CFEE      66EE       0  CODE    
                text59                         00CFEE  00022C  00D21A      67F7       0  CODE    
                text38                         00D21A  0002D0  00D4EA      690D       0  CODE    
                text13                         00D4EA  000334  00D81E      6A75       0  CODE    
                text40                         00D81E  00039A  00DBB8      6C0F       0  CODE    
                text57                         00DBB8  0003F6  00DFAE      6DDC       0  CODE    
                text31                         00DFAE  00044E  00E3FC      6FD7       0  CODE    
                text29                         00E3FC  0004C0  00E8BC      71FE       0  CODE    
                text64                         00E8BC  00058C  00EE48      745E       0  CODE    
                text7                          00EE48  0005C4  00F40C      7724       0  CODE    
                text17                         00F40C  0009F2  00FDFE      7A06       0  CODE    
                mediumconst                    00FDFE  0001FE  00FFFC      7EFF       0  MEDIUMCO
                init                           00FFFC  000004  010000      7FFE       0  CODE    


UNUSED ADDRESS RANGES

        Name                Unused          Largest block    Delta
        BANK0            0000FB-0000FF                5
        BANK10           000A00-000AFF              100
        BANK11           000B00-000BFF              100
        BANK12           000C00-000CFF              100
        BANK13           000D00-000DFF              100
        BANK14           000E00-000EFF              100
        BANK15           000F00-000FFF              100
        BANK3            0003AC-0003FF               54
        BANK4            000400-0004FF              100
        BANK5            000500-0005FF              100
        BANK6            000600-0006FF              100
        BANK7            000700-0007FF              100
        BANK8            000800-0008FF              100
        BANK9            000900-0009FF              100
        BIGRAM           0000FB-0000FF                5
                         0003AC-000FFF              C54
        BIGSFR           003800-003FFF              800
        CODE             000004-00A8FB             A8F8
        CONST            000004-00A8FB             A8F8
        EEDATA           310000-3103FF              400
        IDLOC            200000-20000F               10
        MEDIUMCONST      001000-00A8FB             98FC
        RAM              0000FB-0000FF                5
                         0003AC-000FFF              100
        SFR              003800-003FFF              100
        SMALLCONST       001000-00A8FB              100

                                  Symbol Table

?___fladd                                     cstackCOMRAM 000001
?___fldiv                                     cstackCOMRAM 00000F
?___flmul                                     cstackCOMRAM 000001
?___flneg                                     cstackCOMRAM 000001
?___flsub                                     cstackCOMRAM 00001A
?___fltol                                     cstackCOMRAM 000001
?___fpclassifyf                               cstackCOMRAM 000001
?___lldiv                                     cstackCOMRAM 000001
?___lmul                                      cstackCOMRAM 000001
?___omul                                      cstackCOMRAM 000001
?___strtoxll                                  cstackCOMRAM 000019
?___wmul                                      cstackCOMRAM 000001
?___xxtofl                                    cstackCOMRAM 000001
?_atou                                        cstackCOMRAM 000049
?_fgetc                                       cstackCOMRAM 000003
?_floorf                                      cstackCOMRAM 000028
?_getch                                       cstackCOMRAM 000001
?_labs                                        cstackCOMRAM 000001
?_read_prec_or_width                          cstackCOMRAM 000007
?_sprintf                                     cstackBANK0  000093
?_sscanf                                      cstackBANK0  00007A
?_strncmp                                     cstackCOMRAM 000001
?_vfprintf                                    cstackBANK0  00008F
?_vfscanf                                     cstackBANK0  000070
?_vfsfcnvrt                                   cstackCOMRAM 00005B
EEPROM_ReadBlock@data                         cstackCOMRAM 000023
EEPROM_ReadBlock@deviceAddress                cstackCOMRAM 000027
EEPROM_ReadBlock@i                            cstackCOMRAM 000028
EEPROM_ReadBlock@memoryAddress                cstackCOMRAM 000021
EEPROM_ReadBlock@size                         cstackCOMRAM 000025
EEPROM_ReadByte@addressBuffer                 cstackCOMRAM 00001D
EEPROM_ReadByte@data                          cstackCOMRAM 000020
EEPROM_ReadByte@deviceAddress                 cstackCOMRAM 00001F
EEPROM_ReadByte@memoryAddress                 cstackCOMRAM 00001B
EEPROM_WriteBlock@data                        cstackCOMRAM 000025
EEPROM_WriteBlock@deviceAddress               cstackCOMRAM 000028
EEPROM_WriteBlock@i                           cstackCOMRAM 000029
EEPROM_WriteBlock@memoryAddress               cstackCOMRAM 000023
EEPROM_WriteBlock@size                        cstackCOMRAM 000027
EEPROM_WriteByte@buffer                       cstackCOMRAM 000020
EEPROM_WriteByte@data                         cstackCOMRAM 00001D
EEPROM_WriteByte@deviceAddress                cstackCOMRAM 00001F
EEPROM_WriteByte@memoryAddress                cstackCOMRAM 00001B
I2C1_CallbackReturnReset@funPtr               cstackCOMRAM 00000A
I2C1_Close@returnValue                        cstackCOMRAM 000001
I2C1_DO_RX@retFsmState                        cstackCOMRAM 000011
I2C1_DO_TX@dataTx                             cstackCOMRAM 000011
I2C1_DO_TX@retFsmState                        cstackCOMRAM 000012
I2C1_MasterOperation@read                     cstackCOMRAM 000015
I2C1_MasterOperation@returnValue              cstackCOMRAM 000016
I2C1_MasterSendTxData@data                    cstackCOMRAM 000001
I2C1_MasterSetCounter@counter                 cstackCOMRAM 000001
I2C1_Open@address                             cstackCOMRAM 000001
I2C1_Open@returnValue                         cstackCOMRAM 000002
I2C1_ReadDataBlock@address                    cstackCOMRAM 00001B
I2C1_ReadDataBlock@bufferBlock                cstackCOMRAM 00001C
I2C1_ReadDataBlock@data                       cstackCOMRAM 000018
I2C1_ReadDataBlock@len                        cstackCOMRAM 000019
I2C1_ReadDataBlock@reg                        cstackCOMRAM 000017
I2C1_ReadNBytes@address                       cstackCOMRAM 00001A
I2C1_ReadNBytes@data                          cstackCOMRAM 000017
I2C1_ReadNBytes@len                           cstackCOMRAM 000018
I2C1_SetAddressNackCallback@cb                cstackCOMRAM 000006
I2C1_SetAddressNackCallback@ptr               cstackCOMRAM 000008
I2C1_SetBuffer@buffer                         cstackCOMRAM 000001
I2C1_SetBuffer@bufferSize                     cstackCOMRAM 000003
I2C1_SetCallback@cb                           cstackCOMRAM 000001
I2C1_SetCallback@idx                          cstackCOMRAM 000005
I2C1_SetCallback@ptr                          cstackCOMRAM 000003
I2C1_SetDataCompleteCallback@cb               cstackCOMRAM 000006
I2C1_SetDataCompleteCallback@ptr              cstackCOMRAM 000008
I2C1_Write1ByteRegister@address               cstackCOMRAM 000019
I2C1_Write1ByteRegister@data                  cstackCOMRAM 000018
I2C1_Write1ByteRegister@reg                   cstackCOMRAM 000017
I2C1_WriteNBytes@address                      cstackCOMRAM 00001A
I2C1_WriteNBytes@data                         cstackCOMRAM 000017
I2C1_WriteNBytes@len                          cstackCOMRAM 000018
MPU6050_ReadSensorData@ax                     cstackCOMRAM 000028
MPU6050_ReadSensorData@ax_raw                 cstackCOMRAM 000040
MPU6050_ReadSensorData@ay                     cstackCOMRAM 00002A
MPU6050_ReadSensorData@ay_raw                 cstackCOMRAM 000042
MPU6050_ReadSensorData@az                     cstackCOMRAM 00002C
MPU6050_ReadSensorData@az_raw                 cstackCOMRAM 000044
MPU6050_ReadSensorData@buffer                 cstackCOMRAM 000034
MPU6050_ReadSensorData@gx                     cstackCOMRAM 00002E
MPU6050_ReadSensorData@gx_raw                 cstackCOMRAM 000046
MPU6050_ReadSensorData@gy                     cstackCOMRAM 000030
MPU6050_ReadSensorData@gy_raw                 cstackCOMRAM 000048
MPU6050_ReadSensorData@gz                     cstackCOMRAM 000031
MPU6050_ReadSensorData@gz_raw                 cstackCOMRAM 00004A
ParseUserInput@Ndat                           cstackBANK0  000092
ParseUserInput@Tm                             cstackBANK0  000091
ParseUserInput@frequencyHz                    cstackBANK0  000094
ParseUserInput@input                          cstackBANK0  000090
ReadAndSendEEPROMData@Ndat                    cstackBANK0  0000AF
ReadAndSendEEPROMData@ax_read                 cstackBANK1  0001E4
ReadAndSendEEPROMData@ay_read                 cstackBANK1  0001E8
ReadAndSendEEPROMData@az_read                 cstackBANK1  0001EC
ReadAndSendEEPROMData@buffer                  cstackBANK1  000100
ReadAndSendEEPROMData@eepromReadBuffer        cstackBANK1  0001C8
ReadAndSendEEPROMData@gx_read                 cstackBANK1  0001F0
ReadAndSendEEPROMData@gy_read                 cstackBANK1  0001F4
ReadAndSendEEPROMData@gz_read                 cstackBANK1  0001F8
ReadAndSendEEPROMData@i                       cstackBANK1  0001E0
ReadAndSendEEPROMData@readBlockEEPROM1        cstackBANK1  0001FC
ReadAndSendEEPROMData@readBlockEEPROM2        cstackBANK1  0001FE
ReadAndSendEEPROMData@startAddressEEPROM1     cstackBANK0  0000B3
ReadAndSendEEPROMData@startAddressEEPROM2     cstackBANK0  0000B5
StartLogging@buffer                           cstackBANK2  000200
StartLogging@i                                cstackBANK2  0002D0
StartLogging@loggedDataCount                  cstackBANK2  0002DC
StartLogging@startReadAddressEEPROM1          cstackBANK2  0002E0
StartLogging@startReadAddressEEPROM2          cstackBANK2  0002E4
UART1_SetErrorHandler@interruptHandler        cstackCOMRAM 000001
UART1_SetFramingErrorHandler@interruptHandler cstackCOMRAM 000001
UART1_SetOverrunErrorHandler@interruptHandler cstackCOMRAM 000001
UART1_Write@txData                            cstackCOMRAM 000001
UART_ReceiveString@data                       cstackCOMRAM 000008
UART_ReceiveString@index                      cstackCOMRAM 000009
UART_ReceiveString@maxLength                  cstackCOMRAM 000002
UART_ReceiveString@receivedString             cstackCOMRAM 000001
UART_SendString@str                           cstackCOMRAM 000002
_ANSELA                                       (abs)        003A40
_ANSELB                                       (abs)        003A50
_ANSELC                                       (abs)        003A60
_ANSELD                                       (abs)        003A70
_ANSELE                                       (abs)        003A80
_EEPROM_ReadBlock                             text34       00B038
_EEPROM_ReadByte                              text35       00AE00
_EEPROM_WriteBlock                            text42       00AF2A
_EEPROM_WriteByte                             text43       00AD9E
_I2C1CLK                                      (abs)        003D7B
_I2C1CNT                                      (abs)        003D6C
_I2C1CON0                                     (abs)        003D73
_I2C1CON0bits                                 (abs)        003D73
_I2C1CON1                                     (abs)        003D74
_I2C1CON1bits                                 (abs)        003D74
_I2C1CON2                                     (abs)        003D75
_I2C1ERR                                      (abs)        003D76
_I2C1ERRbits                                  (abs)        003D76
_I2C1PIE                                      (abs)        003D7A
_I2C1PIEbits                                  (abs)        003D7A
_I2C1PIR                                      (abs)        003D79
_I2C1PIRbits                                  (abs)        003D79
_I2C1RXB                                      (abs)        003D6A
_I2C1SCLPPS                                   (abs)        003AE1
_I2C1SDAPPS                                   (abs)        003AE2
_I2C1STAT1bits                                (abs)        003D78
_I2C1TXB                                      (abs)        003D6B
_I2C1_CallbackReturnReset                     text111      00A906
_I2C1_CallbackReturnStop                      text112      00A902
_I2C1_ClearInterruptFlags                     text121      00B15A
_I2C1_Close                                   text128      00AC38
_I2C1_DO_ADDRESS_NACK                         text81       00B3C8
_I2C1_DO_BUS_COLLISION                        text80       00B5D6
_I2C1_DO_BUS_ERROR                            text79       00AA0E
_I2C1_DO_IDLE                                 text96       00A9D6
_I2C1_DO_RESET                                text82       00A9FE
_I2C1_DO_RX                                   text92       00B9CE
_I2C1_DO_RX_ACK                               text85       00A964
_I2C1_DO_RX_EMPTY                             text90       00BBA8
_I2C1_DO_RX_NACK_RESTART                      text83       00A96C
_I2C1_DO_RX_NACK_STOP                         text84       00A9F0
_I2C1_DO_SEND_ADR_READ                        text95       00AD14
_I2C1_DO_SEND_ADR_WRITE                       text94       00AAB2
_I2C1_DO_SEND_RESTART                         text87       00A90E
_I2C1_DO_SEND_RESTART_READ                    text89       00A9E2
_I2C1_DO_SEND_RESTART_WRITE                   text88       00A90A
_I2C1_DO_SEND_STOP                            text86       00ABE6
_I2C1_DO_TX                                   text93       00C914
_I2C1_DO_TX$1073                              cstackCOMRAM 00000F
_I2C1_DO_TX_ACK                               text97       00A95C
_I2C1_DO_TX_EMPTY                             text91       00B7A8
_I2C1_Initialize                              text53       00AB7C
_I2C1_MasterClearCountFlag                    text127      00A912
_I2C1_MasterClearIrq                          text131      00A954
_I2C1_MasterClearNackFlag                     text126      00A918
_I2C1_MasterClearStopFlag                     text125      00A91E
_I2C1_MasterClose                             text130      00A9CA
_I2C1_MasterDisableIrq                        text129      00AB40
_I2C1_MasterDisableRestart                    text109      00A924
_I2C1_MasterEnableRestart                     text108      00A92A
_I2C1_MasterFsm                               text78       00B72E
_I2C1_MasterGetCounter                        text100      00A948
_I2C1_MasterGetRxData                         text105      00A930
_I2C1_MasterIsCountFlagSet                    text124      00AA2E
_I2C1_MasterIsNack                            text99       00AA86
_I2C1_MasterIsNackFlagSet                     text123      00AA44
_I2C1_MasterIsRxBufFull                       text104      00AA70
_I2C1_MasterIsStopFlagSet                     text122      00AA5A
_I2C1_MasterIsTxBufEmpty                      text98       00AA9C
_I2C1_MasterOpen                              text73       00AD42
_I2C1_MasterOperation                         text75       00B1AC
_I2C1_MasterRead                              text37       00A97C
_I2C1_MasterResetBus                          text110      00A984
_I2C1_MasterSendAck                           text103      00A936
_I2C1_MasterSendNack                          text102      00A93C
_I2C1_MasterSendTxData                        text106      00A998
_I2C1_MasterSetCounter                        text107      00A98E
_I2C1_MasterStop                              text101      00A942
_I2C1_MasterWaitForEvent                      text77       00B306
_I2C1_MasterWrite                             text74       00A974
_I2C1_Open                                    text72       00B8A2
_I2C1_Poller                                  text76       00AB5E
_I2C1_ReadDataBlock                           text41       00B6B8
_I2C1_ReadNBytes                              text36       00AF6C
_I2C1_SetAddressNackCallback                  text71       00AAF6
_I2C1_SetBuffer                               text120      00AB9E
_I2C1_SetCallback                             text119      00B824
_I2C1_SetDataCompleteCallback                 text118      00AADE
_I2C1_Status                                  bssBANK3     000300
_I2C1_Write1ByteRegister                      text70       00B498
_I2C1_WriteNBytes                             text44       00B254
_INLVLA                                       (abs)        003A44
_INLVLB                                       (abs)        003A54
_INLVLC                                       (abs)        003A64
_INLVLD                                       (abs)        003A74
_INLVLE                                       (abs)        003A84
_LATA                                         (abs)        003FBA
_LATB                                         (abs)        003FBB
_LATC                                         (abs)        003FBC
_LATD                                         (abs)        003FBD
_LATE                                         (abs)        003FBE
_MPU6050_Init                                 text69       00AA1E
_MPU6050_ReadSensorData                       text38       00D21A
_Ndat                                         bssBANK2     0002FC
_ODCONA                                       (abs)        003A42
_ODCONB                                       (abs)        003A52
_ODCONC                                       (abs)        003A62
_ODCOND                                       (abs)        003A72
_ODCONE                                       (abs)        003A82
_OSCCON1                                      (abs)        0039D9
_OSCCON3                                      (abs)        0039DB
_OSCEN                                        (abs)        0039DD
_OSCFRQ                                       (abs)        0039DF
_OSCILLATOR_Initialize                        text52       00AB0E
_OSCTUNE                                      (abs)        0039DE
_PIE2bits                                     (abs)        003992
_PIE3bits                                     (abs)        003993
_PIN_MANAGER_Initialize                       text51       00BD96
_PIR2bits                                     (abs)        0039A2
_PIR3bits                                     (abs)        0039A3
_PMD0                                         (abs)        0039C0
_PMD1                                         (abs)        0039C1
_PMD2                                         (abs)        0039C2
_PMD3                                         (abs)        0039C3
_PMD4                                         (abs)        0039C4
_PMD5                                         (abs)        0039C5
_PMD6                                         (abs)        0039C6
_PMD7                                         (abs)        0039C7
_PMD_Initialize                               text50       00ABC2
_ParseUserInput                               text54       00C20E
_RB1I2C                                       (abs)        003A5A
_RB1PPS                                       (abs)        003A09
_RB2I2C                                       (abs)        003A5B
_RB2PPS                                       (abs)        003A0A
_RC3I2C                                       (abs)        003A6A
_RC4I2C                                       (abs)        003A6B
_RC6PPS                                       (abs)        003A16
_RD0I2C                                       (abs)        003A7A
_RD1I2C                                       (abs)        003A7B
_ReadAndSendEEPROMData                        text10       00CBEA
_SLRCONA                                      (abs)        003A43
_SLRCONB                                      (abs)        003A53
_SLRCONC                                      (abs)        003A63
_SLRCOND                                      (abs)        003A73
_SLRCONE                                      (abs)        003A83
_SYSTEM_Initialize                            text45       00AAC8
_StartLogging                                 text7        00EE48
_StartLogging$1442                            cstackBANK2  0002C8
_StartLogging$1444                            cstackBANK2  0002CC
_StartLogging$1452                            cstackBANK2  0002D4
_StartLogging$1453                            cstackBANK2  0002D8
_TRISA                                        (abs)        003FC2
_TRISB                                        (abs)        003FC3
_TRISC                                        (abs)        003FC4
_TRISD                                        (abs)        003FC5
_TRISE                                        (abs)        003FC6
_Tm                                           bssBANK0     0000F1
_U1BRGH                                       (abs)        003DF6
_U1BRGL                                       (abs)        003DF5
_U1CON0                                       (abs)        003DF2
_U1CON0bits                                   (abs)        003DF2
_U1CON1                                       (abs)        003DF3
_U1CON2                                       (abs)        003DF4
_U1ERRIE                                      (abs)        003DFA
_U1ERRIR                                      (abs)        003DF9
_U1ERRIRbits                                  (abs)        003DF9
_U1FIFO                                       (abs)        003DF7
_U1P1H                                        (abs)        003DED
_U1P1L                                        (abs)        003DEC
_U1P2H                                        (abs)        003DEF
_U1P2L                                        (abs)        003DEE
_U1P3H                                        (abs)        003DF1
_U1P3L                                        (abs)        003DF0
_U1RXB                                        (abs)        003DE8
_U1RXPPS                                      (abs)        003AE5
_U1TXB                                        (abs)        003DEA
_U1UIR                                        (abs)        003DF8
_UART1_DefaultErrorHandler                    text6        00A8FC
_UART1_DefaultFramingErrorHandler             text5        00A8FE
_UART1_DefaultOverrunErrorHandler             text4        00A900
_UART1_ErrorHandler                           nvBANK0      0000F5
_UART1_FramingErrorHandler                    nvBANK0      0000F9
_UART1_Initialize                             text46       00B430
_UART1_OverrunErrorHandler                    nvBANK0      0000F7
_UART1_Read                                   text3        00B932
_UART1_SetErrorHandler                        text49       00A9A2
_UART1_SetFramingErrorHandler                 text48       00A9AC
_UART1_SetOverrunErrorHandler                 text47       00A9B6
_UART1_Write                                  text68       00AB26
_UART_ReceiveString                           text2        00BCEE
_UART_SendString                              text67       00B646
_WPUA                                         (abs)        003A41
_WPUB                                         (abs)        003A51
_WPUC                                         (abs)        003A61
_WPUD                                         (abs)        003A71
_WPUE                                         (abs)        003A81
__HRAM                                        (abs)        000000
__H__absolute__                               __absolute__ 000000
__Habs1                                       abs1         000000
__Hbank0                                      bank0        000000
__Hbank1                                      bank1        000000
__Hbank10                                     bank10       000000
__Hbank11                                     bank11       000000
__Hbank12                                     bank12       000000
__Hbank13                                     bank13       000000
__Hbank14                                     bank14       000000
__Hbank15                                     bank15       000000
__Hbank2                                      bank2        000000
__Hbank3                                      bank3        000000
__Hbank4                                      bank4        000000
__Hbank5                                      bank5        000000
__Hbank6                                      bank6        000000
__Hbank7                                      bank7        000000
__Hbank8                                      bank8        000000
__Hbank9                                      bank9        000000
__Hbigbss                                     bigbss       000000
__Hbigdata                                    bigdata      000000
__Hbigram                                     bigram       000000
__Hbigsfr                                     bigsfr       000000
__Hbss                                        bss          000000
__HbssBANK0                                   bssBANK0     000000
__HbssBANK2                                   bssBANK2     000000
__HbssBANK3                                   bssBANK3     000000
__HbssCOMRAM                                  bssCOMRAM    000000
__Hcinit                                      cinit        000000
__Hclrtext                                    clrtext      000000
__Hcomram                                     comram       000000
__Hconfig                                     config       30000A
__Hconst                                      const        000000
__HcstackBANK0                                cstackBANK0  000000
__HcstackBANK1                                cstackBANK1  000000
__HcstackBANK2                                cstackBANK2  000000
__HcstackCOMRAM                               cstackCOMRAM 000000
__Hdata                                       data         000000
__Heeprom_data                                eeprom_data  000000
__Hfarbss                                     farbss       000000
__Hfardata                                    fardata      000000
__Hheap                                       heap         000000
__Hibigdata                                   ibigdata     000000
__Hidata                                      idata        000000
__Hidloc                                      idloc        000000
__Hifardata                                   ifardata     000000
__Hinit                                       init         010000
__Hintsave_regs                               intsave_regs 000000
__Hirdata                                     irdata       000000
__Hmediumconst                                mediumconst  00FFFC
__HnvBANK0                                    nvBANK0      000000
__HnvFARRAM                                   nvFARRAM     000000
__Hnvbit                                      nvbit        000000
__Hnvrram                                     nvrram       000000
__Hparam                                      rparam       000000
__Hpowerup                                    powerup      000000
__Hram                                        ram          000000
__Hramtop                                     ramtop       001000
__Hrbit                                       rbit         000000
__Hrbss                                       rbss         000000
__Hrdata                                      rdata        000000
__Hreset_vec                                  reset_vec    000004
__Hrparam                                     rparam       000000
__Hsfr                                        sfr          000000
__Hsmallconst                                 smallconst   000000
__Hspace_0                                    (abs)        010000
__Hspace_1                                    (abs)        0003AC
__Hspace_2                                    (abs)        000000
__Hspace_4                                    (abs)        60000A
__Hstack                                      stack        000000
__Hstruct                                     struct       000000
__Htemp                                       temp         000000
__Htext                                       text         000000
__Htext0                                      text0        000000
__Htext1                                      text1        000000
__Htext10                                     text10       000000
__Htext100                                    text100      000000
__Htext101                                    text101      000000
__Htext102                                    text102      000000
__Htext103                                    text103      000000
__Htext104                                    text104      000000
__Htext105                                    text105      000000
__Htext106                                    text106      000000
__Htext107                                    text107      000000
__Htext108                                    text108      000000
__Htext109                                    text109      000000
__Htext11                                     text11       000000
__Htext110                                    text110      000000
__Htext111                                    text111      000000
__Htext112                                    text112      000000
__Htext113                                    text113      000000
__Htext114                                    text114      000000
__Htext115                                    text115      000000
__Htext116                                    text116      000000
__Htext117                                    text117      000000
__Htext118                                    text118      000000
__Htext119                                    text119      000000
__Htext12                                     text12       000000
__Htext120                                    text120      000000
__Htext121                                    text121      000000
__Htext122                                    text122      000000
__Htext123                                    text123      000000
__Htext124                                    text124      000000
__Htext125                                    text125      000000
__Htext126                                    text126      000000
__Htext127                                    text127      000000
__Htext128                                    text128      000000
__Htext129                                    text129      000000
__Htext13                                     text13       000000
__Htext130                                    text130      000000
__Htext131                                    text131      000000
__Htext132                                    text132      000000
__Htext14                                     text14       000000
__Htext15                                     text15       000000
__Htext16                                     text16       000000
__Htext17                                     text17       000000
__Htext18                                     text18       000000
__Htext19                                     text19       000000
__Htext2                                      text2        000000
__Htext20                                     text20       000000
__Htext21                                     text21       000000
__Htext22                                     text22       000000
__Htext23                                     text23       000000
__Htext24                                     text24       000000
__Htext25                                     text25       000000
__Htext26                                     text26       000000
__Htext27                                     text27       000000
__Htext28                                     text28       000000
__Htext29                                     text29       000000
__Htext3                                      text3        000000
__Htext30                                     text30       000000
__Htext31                                     text31       000000
__Htext32                                     text32       000000
__Htext33                                     text33       000000
__Htext34                                     text34       000000
__Htext35                                     text35       000000
__Htext36                                     text36       000000
__Htext37                                     text37       000000
__Htext38                                     text38       000000
__Htext39                                     text39       000000
__Htext4                                      text4        000000
__Htext40                                     text40       000000
__Htext41                                     text41       000000
__Htext42                                     text42       000000
__Htext43                                     text43       000000
__Htext44                                     text44       000000
__Htext45                                     text45       000000
__Htext46                                     text46       000000
__Htext47                                     text47       000000
__Htext48                                     text48       000000
__Htext49                                     text49       000000
__Htext5                                      text5        000000
__Htext50                                     text50       000000
__Htext51                                     text51       000000
__Htext52                                     text52       000000
__Htext53                                     text53       000000
__Htext54                                     text54       000000
__Htext55                                     text55       000000
__Htext56                                     text56       000000
__Htext57                                     text57       000000
__Htext58                                     text58       000000
__Htext59                                     text59       000000
__Htext6                                      text6        000000
__Htext60                                     text60       000000
__Htext61                                     text61       000000
__Htext62                                     text62       000000
__Htext63                                     text63       000000
__Htext64                                     text64       000000
__Htext65                                     text65       000000
__Htext66                                     text66       000000
__Htext67                                     text67       000000
__Htext68                                     text68       000000
__Htext69                                     text69       000000
__Htext7                                      text7        000000
__Htext70                                     text70       000000
__Htext71                                     text71       000000
__Htext72                                     text72       000000
__Htext73                                     text73       000000
__Htext74                                     text74       000000
__Htext75                                     text75       000000
__Htext76                                     text76       000000
__Htext77                                     text77       000000
__Htext78                                     text78       000000
__Htext79                                     text79       000000
__Htext8                                      text8        000000
__Htext80                                     text80       000000
__Htext81                                     text81       000000
__Htext82                                     text82       000000
__Htext83                                     text83       000000
__Htext84                                     text84       000000
__Htext85                                     text85       000000
__Htext86                                     text86       000000
__Htext87                                     text87       000000
__Htext88                                     text88       000000
__Htext89                                     text89       000000
__Htext9                                      text9        000000
__Htext90                                     text90       000000
__Htext91                                     text91       000000
__Htext92                                     text92       000000
__Htext93                                     text93       000000
__Htext94                                     text94       000000
__Htext95                                     text95       000000
__Htext96                                     text96       000000
__Htext97                                     text97       000000
__Htext98                                     text98       000000
__Htext99                                     text99       000000
__LRAM                                        (abs)        000001
__L__absolute__                               __absolute__ 000000
__Labs1                                       abs1         000000
__Lbank0                                      bank0        000000
__Lbank1                                      bank1        000000
__Lbank10                                     bank10       000000
__Lbank11                                     bank11       000000
__Lbank12                                     bank12       000000
__Lbank13                                     bank13       000000
__Lbank14                                     bank14       000000
__Lbank15                                     bank15       000000
__Lbank2                                      bank2        000000
__Lbank3                                      bank3        000000
__Lbank4                                      bank4        000000
__Lbank5                                      bank5        000000
__Lbank6                                      bank6        000000
[...]
custom_delay_ms@milliseconds                  cstackCOMRAM 000001
efgtoa@c                                      cstackCOMRAM 000041
efgtoa@d                                      cstackBANK0  00006B
efgtoa@e                                      cstackBANK0  00006F
efgtoa@f                                      cstackCOMRAM 00003D
efgtoa@fp                                     cstackCOMRAM 00003C
efgtoa@g                                      cstackBANK0  000082
efgtoa@h                                      cstackBANK0  000079
efgtoa@i                                      cstackBANK0  000077
efgtoa@l                                      cstackBANK0  00007D
efgtoa@m                                      cstackBANK0  00006D
efgtoa@mode                                   cstackBANK0  000069
efgtoa@n                                      cstackBANK0  000086
efgtoa@ne                                     cstackBANK0  000060
efgtoa@nmode                                  cstackBANK0  00006A
efgtoa@ou                                     cstackBANK0  000073
efgtoa@p                                      cstackBANK0  000062
efgtoa@pp                                     cstackBANK0  000068
efgtoa@sign                                   cstackBANK0  000081
efgtoa@t                                      cstackBANK0  000064
efgtoa@u                                      cstackBANK0  000088
efgtoa@w                                      cstackBANK0  000071
end_of_initialization                         cinit        00AD98
fgetc@c                                       cstackCOMRAM 00000A
fgetc@fp                                      cstackCOMRAM 000003
floorf@F521                                   bssBANK0     0000CF
floorf@e                                      cstackCOMRAM 000036
floorf@m                                      cstackCOMRAM 000032
floorf@u                                      cstackCOMRAM 000038
floorf@x                                      cstackCOMRAM 000028
fputc@c                                       cstackCOMRAM 000003
fputc@fp                                      cstackCOMRAM 000005
fputs@c                                       cstackCOMRAM 00000E
fputs@fp                                      cstackCOMRAM 00000D
fputs@i                                       cstackCOMRAM 00000F
fputs@s                                       cstackCOMRAM 00000B
intlevel0                                     text         000000
intlevel1                                     text         000000
intlevel2                                     text         000000
intlevel3                                     text         000000
isa$std                                       (abs)        000001
isa$xinst                                     (abs)        000000
labs@a                                        cstackCOMRAM 000001
main@userInput                                cstackBANK0  0000BB
memcpy@d                                      cstackCOMRAM 000007
memcpy@d1                                     cstackCOMRAM 000001
memcpy@n                                      cstackCOMRAM 000005
memcpy@s                                      cstackCOMRAM 000009
memcpy@s1                                     cstackCOMRAM 000003
memcpy@tmp                                    cstackCOMRAM 00000B
memset@c                                      cstackCOMRAM 000002
memset@dest                                   cstackCOMRAM 000001
memset@n                                      cstackCOMRAM 000004
memset@p                                      cstackCOMRAM 000006
pad@buf                                       cstackCOMRAM 000012
pad@fp                                        cstackCOMRAM 000011
pad@i                                         cstackCOMRAM 000017
pad@p                                         cstackCOMRAM 000014
putch@txData                                  cstackCOMRAM 000002
rd1RegCompleteHandler@ptr                     cstackCOMRAM 00000A
rd2RegCompleteHandler@ptr                     cstackCOMRAM 00000A
rdBlkRegCompleteHandler@ptr                   cstackCOMRAM 00000A
read_prec_or_width@ap                         cstackCOMRAM 000008
read_prec_or_width@c                          cstackCOMRAM 000009
read_prec_or_width@fmt                        cstackCOMRAM 000007
read_prec_or_width@n                          cstackCOMRAM 00000A
skipws@c                                      cstackCOMRAM 00000E
skipws@fp                                     cstackCOMRAM 00000C
sprintf@ap                                    cstackCOMRAM 00004F
sprintf@f                                     cstackCOMRAM 000050
sprintf@fmt                                   cstackBANK0  000095
sprintf@s                                     cstackBANK0  000093
sscanf@ap                                     cstackBANK0  000083
sscanf@f                                      cstackBANK0  000084
sscanf@fmt                                    cstackBANK0  00007B
sscanf@ret                                    cstackBANK0  000081
sscanf@s                                      cstackBANK0  00007A
stackhi                                       (abs)        000000
stacklo                                       (abs)        000000
start                                         init         00FFFC
start_initialization                          cinit        00AD70
strcpy@d                                      cstackCOMRAM 000005
strcpy@dest                                   cstackCOMRAM 000001
strcpy@src                                    cstackCOMRAM 000003
strncmp@l                                     cstackCOMRAM 000001
strncmp@n                                     cstackCOMRAM 000005
strncmp@r                                     cstackCOMRAM 000003
ungetc@c                                      cstackCOMRAM 000001
ungetc@fp                                     cstackCOMRAM 000003
vfpfcnvrt@ap                                  cstackBANK0  00008E
vfpfcnvrt@c                                   cstackCOMRAM 00004A
vfpfcnvrt@convarg                             cstackCOMRAM 000046
vfpfcnvrt@cp                                  cstackCOMRAM 00004B
vfpfcnvrt@fmt                                 cstackBANK0  00008D
vfpfcnvrt@fp                                  cstackBANK0  00008C
vfprintf@ap                                   cstackBANK0  000092
vfprintf@cfmt                                 cstackCOMRAM 00004D
vfprintf@fmt                                  cstackBANK0  000090
vfprintf@fp                                   cstackBANK0  00008F
vfscanf@ap                                    cstackBANK0  000073
vfscanf@cfmt                                  cstackBANK0  000078
vfscanf@fmt                                   cstackBANK0  000071
vfscanf@fp                                    cstackBANK0  000070
vfscanf@n                                     cstackBANK0  000076
vfscanf@saved_errno                           cstackBANK0  000074
vfsfcnvrt@ap                                  cstackCOMRAM 00005D
vfsfcnvrt@c                                   cstackBANK0  00006E
vfsfcnvrt@fmt                                 cstackCOMRAM 00005C
vfsfcnvrt@fp                                  cstackCOMRAM 00005B
vfsfcnvrt@i                                   cstackBANK0  00006C
vfsfcnvrt@llu                                 cstackBANK0  000064
vfsfcnvrt@vp                                  cstackBANK0  000062
wr1RegCompleteHandler@ptr                     cstackCOMRAM 00000A
wr2RegCompleteHandler@ptr                     cstackCOMRAM 00000A
xtoa@c                                        cstackCOMRAM 000023
xtoa@d                                        cstackCOMRAM 00001A
xtoa@fp                                       cstackCOMRAM 000019
xtoa@i                                        cstackCOMRAM 000024
xtoa@p                                        cstackCOMRAM 000021
xtoa@w                                        cstackCOMRAM 00001F


MODULE INFORMATION

Module		Function		Class		Link	Load	Size
C:\Program Files\Microchip\xc8\v2.45\pic\sources\c99\common\Umul64.c
		___omul        		CODE           	BA6C	0000	158

C:\Program Files\Microchip\xc8\v2.45\pic\sources\c99\common\Umul64.c estimated size: 158

C:\Program Files\Microchip\xc8\v2.45\pic\sources\c99\common\Umul16.c
		___wmul        		CODE           	AC0E	0000	42

C:\Program Files\Microchip\xc8\v2.45\pic\sources\c99\common\Umul16.c estimated size: 42

mcc_generated_files/examples/i2c1_master_example.c
		_wr1RegCompleteHandler		CODE           	ACE8	0000	44
		_wr2RegCompleteHandler		CODE           	AC64	0000	44
		_I2C1_ReadDataBlock		CODE           	B6B8	0000	118
		_I2C1_Write1ByteRegister		CODE           	B498	0000	106
		_I2C1_ReadNBytes		CODE           	AF6C	0000	68
		_rdBlkRegCompleteHandler		CODE           	B0C4	0000	74
		_rd1RegCompleteHandler		CODE           	AC90	0000	44
		_rd2RegCompleteHandler		CODE           	ACBC	0000	44
		_I2C1_WriteNBytes		CODE           	B254	0000	88

mcc_generated_files/examples/i2c1_master_example.c estimated size: 630

C:\Program Files\Microchip\xc8\v2.45\pic\sources\c99\common\fleq.c
		___fleq        		CODE           	BE40	0000	170

C:\Program Files\Microchip\xc8\v2.45\pic\sources\c99\common\fleq.c estimated size: 170

mcc_generated_files/i2c1_master.c
		_I2C1_DO_SEND_RESTART		CODE           	A90E	0000	4
		_I2C1_MasterIsNackFlagSet		CODE           	AA44	0000	22
		_I2C1_DO_RX_EMPTY		CODE           	BBA8	0000	162
		_I2C1_DO_TX_EMPTY		CODE           	B7A8	0000	124
		_I2C1_DO_SEND_RESTART_READ		CODE           	A9E2	0000	14
		_I2C1_MasterClearNackFlag		CODE           	A918	0000	6
		_I2C1_CallbackReturnStop		CODE           	A902	0000	4
		_I2C1_MasterRead		CODE           	A97C	0000	8
		_I2C1_DO_RX    		CODE           	B9CE	0000	158
		_I2C1_DO_TX    		CODE           	C914	0000	290
		_I2C1_SetAddressNackCallback		CODE           	AAF6	0000	24
		_I2C1_DO_IDLE  		CODE           	A9D6	0000	12
		_I2C1_MasterOpen		CODE           	AD42	0000	46
		_I2C1_MasterSendTxData		CODE           	A998	0000	10
		_I2C1_MasterStop		CODE           	A942	0000	6
		_I2C1_MasterIsStopFlagSet		CODE           	AA5A	0000	22
		_I2C1_CallbackReturnReset		CODE           	A906	0000	4
		_I2C1_DO_RESET 		CODE           	A9FE	0000	16
		_I2C1_Poller   		CODE           	AB5E	0000	30
		_I2C1_DO_RX_ACK		CODE           	A964	0000	8
		_I2C1_DO_TX_ACK		CODE           	A95C	0000	8
		_I2C1_MasterWaitForEvent		CODE           	B306	0000	92
		_I2C1_MasterSendNack		CODE           	A93C	0000	6
		_I2C1_DO_RX_NACK_RESTART		CODE           	A96C	0000	8
		_I2C1_MasterDisableIrq		CODE           	AB40	0000	30
		_I2C1_ClearInterruptFlags		CODE           	B15A	0000	82
		_I2C1_MasterOperation		CODE           	B1AC	0000	82
		_I2C1_MasterClearStopFlag		CODE           	A91E	0000	6
		_I2C1_SetCallback		CODE           	B824	0000	126
		_I2C1_MasterEnableRestart		CODE           	A92A	0000	6
		_I2C1_MasterGetCounter		CODE           	A948	0000	6
		_I2C1_MasterSetCounter		CODE           	A98E	0000	10
		_I2C1_Open     		CODE           	B8A2	0000	144
		_I2C1_DO_ADDRESS_NACK		CODE           	B3C8	0000	104
		_I2C1_MasterDisableRestart		CODE           	A924	0000	6
		_I2C1_MasterClearCountFlag		CODE           	A912	0000	6
		_I2C1_SetBuffer		CODE           	AB9E	0000	36
		_I2C1_DO_SEND_RESTART_WRITE		CODE           	A90A	0000	4
		_I2C1_MasterIsTxBufEmpty		CODE           	AA9C	0000	22
		_I2C1_MasterClose		CODE           	A9CA	0000	12
		_I2C1_MasterWrite		CODE           	A974	0000	8
		_I2C1_Initialize		CODE           	AB7C	0000	34
		_I2C1_Close    		CODE           	AC38	0000	44
		_I2C1_MasterIsRxBufFull		CODE           	AA70	0000	22
		_I2C1_MasterIsNack		CODE           	AA86	0000	22
		_I2C1_DO_SEND_ADR_WRITE		CODE           	AAB2	0000	22
		_I2C1_MasterClearIrq		CODE           	A954	0000	8
		_I2C1_SetDataCompleteCallback		CODE           	AADE	0000	24
		_I2C1_DO_SEND_STOP		CODE           	ABE6	0000	40
		_I2C1_DO_BUS_COLLISION		CODE           	B5D6	0000	112
		_I2C1_DO_BUS_ERROR		CODE           	AA0E	0000	16
		_I2C1_MasterSendAck		CODE           	A936	0000	6
		_I2C1_MasterFsm		CODE           	B72E	0000	122
		_I2C1_MasterGetRxData		CODE           	A930	0000	6
		_I2C1_MasterResetBus		CODE           	A984	0000	10
		_I2C1_MasterIsCountFlagSet		CODE           	AA2E	0000	22
		_I2C1_DO_SEND_ADR_READ		CODE           	AD14	0000	46
		_I2C1_DO_RX_NACK_STOP		CODE           	A9F0	0000	14

mcc_generated_files/i2c1_master.c estimated size: 2344

C:\Program Files\Microchip\xc8\v2.45\pic\sources\c99\common\memcpy.c
		_memcpy        		CODE           	B2AC	0000	90

C:\Program Files\Microchip\xc8\v2.45\pic\sources\c99\common\memcpy.c estimated size: 90

C:\Program Files\Microchip\xc8\v2.45\pic\sources\c99\common\doscan.c
		_vfsfcnvrt     		CODE           	DBB8	0000	1014
		_atou          		CODE           	CFEE	0000	556
		_vfscanf       		CODE           	C06C	0000	200
		_skipws        		CODE           	B502	0000	106

C:\Program Files\Microchip\xc8\v2.45\pic\sources\c99\common\doscan.c estimated size: 1876

C:\Program Files\Microchip\xc8\v2.45\pic\sources\c99\common\flneg.c
		___flneg       		CODE           	AE36	0000	56

C:\Program Files\Microchip\xc8\v2.45\pic\sources\c99\common\flneg.c estimated size: 56

C:\Program Files\Microchip\xc8\v2.45\pic\sources\c99\common\Umul32.c
		___lmul        		CODE           	B56C	0000	106

C:\Program Files\Microchip\xc8\v2.45\pic\sources\c99\common\Umul32.c estimated size: 106

C:\Program Files\Microchip\xc8\v2.45\pic\sources\c99\common\__strtoxll.c
		___strtoxll    		CODE           	E8BC	0000	1420

C:\Program Files\Microchip\xc8\v2.45\pic\sources\c99\common\__strtoxll.c estimated size: 1420

mcc_generated_files/pin_manager.c
		_PIN_MANAGER_Initialize		CODE           	BD96	0000	170

mcc_generated_files/pin_manager.c estimated size: 170

C:\Program Files\Microchip\xc8\v2.45\pic\sources\c99\common\strncmp.c
		_strncmp       		CODE           	C300	0000	246

C:\Program Files\Microchip\xc8\v2.45\pic\sources\c99\common\strncmp.c estimated size: 246

C:\Program Files\Microchip\xc8\v2.45\pic\sources\c99\common\sprcmul.c
		___flmul       		CODE           	DFAE	0000	1102

C:\Program Files\Microchip\xc8\v2.45\pic\sources\c99\common\sprcmul.c estimated size: 1102

C:\Program Files\Microchip\xc8\v2.45\pic\sources\c99\common\labs.c
		_labs          		CODE           	B1FE	0000	86

C:\Program Files\Microchip\xc8\v2.45\pic\sources\c99\common\labs.c estimated size: 86

C:\Program Files\Microchip\xc8\v2.45\pic\sources\c99\common\nf_fputs.c
		_fputs         		CODE           	AEA8	0000	64

C:\Program Files\Microchip\xc8\v2.45\pic\sources\c99\common\nf_fputs.c estimated size: 64

C:\Program Files\Microchip\xc8\v2.45\pic\sources\c99\common\sprcdiv.c
		___fldiv       		CODE           	D81E	0000	922

C:\Program Files\Microchip\xc8\v2.45\pic\sources\c99\common\sprcdiv.c estimated size: 922

C:\Program Files\Microchip\xc8\v2.45\pic\sources\c99\common\floorf.c
		_floorf        		CODE           	CDDC	0000	530

C:\Program Files\Microchip\xc8\v2.45\pic\sources\c99\common\floorf.c estimated size: 530

C:\Program Files\Microchip\xc8\v2.45\pic\sources\c99\common\nf_sprintf.c
		_sprintf       		CODE           	AFF4	0000	68

C:\Program Files\Microchip\xc8\v2.45\pic\sources\c99\common\nf_sprintf.c estimated size: 68

mcc_generated_files/uart1.c
		_UART1_Write   		CODE           	AB26	0000	26
		_putch         		CODE           	A9C0	0000	10
		_UART1_SetFramingErrorHandler		CODE           	A9AC	0000	10
		_UART1_SetOverrunErrorHandler		CODE           	A9B6	0000	10
		_UART1_Initialize		CODE           	B430	0000	104
		_UART1_SetErrorHandler		CODE           	A9A2	0000	10
		_UART1_Read    		CODE           	B932	0000	156
		_UART1_DefaultFramingErrorHandler		CODE           	A8FE	0000	2
		_UART1_DefaultErrorHandler		CODE           	A8FC	0000	2
		_UART1_DefaultOverrunErrorHandler		CODE           	A900	0000	2

mcc_generated_files/uart1.c estimated size: 332

C:\Program Files\Microchip\xc8\v2.45\pic\sources\c99\common\flge.c
		___flge        		CODE           	C4F4	0000	260

C:\Program Files\Microchip\xc8\v2.45\pic\sources\c99\common\flge.c estimated size: 260

shared
		__initialization		CODE           	AD70	0000	40
		_i2c1_fsmStateTable		MEDIUMCONST    	FDFF	0000	38

shared estimated size: 78

C:\Program Files\Microchip\xc8\v2.45\pic\sources\c99\common\xxtofl.c
		___xxtofl      		CODE           	CA36	0000	436

C:\Program Files\Microchip\xc8\v2.45\pic\sources\c99\common\xxtofl.c estimated size: 436

mcc_generated_files/mcc.c
		_PMD_Initialize		CODE           	ABC2	0000	36
		_OSCILLATOR_Initialize		CODE           	AB0E	0000	24
		_SYSTEM_Initialize		CODE           	AAC8	0000	22

mcc_generated_files/mcc.c estimated size: 82

C:\Program Files\Microchip\xc8\v2.45\pic\sources\c99\common\__fpclassifyf.c
		___fpclassifyf 		CODE           	C3F6	0000	254

C:\Program Files\Microchip\xc8\v2.45\pic\sources\c99\common\__fpclassifyf.c estimated size: 254

C:\Program Files\Microchip\xc8\v2.45\pic\sources\c99\common\__lldiv.c
		___lldiv       		CODE           	BC4A	0000	164

C:\Program Files\Microchip\xc8\v2.45\pic\sources\c99\common\__lldiv.c estimated size: 164

C:\Program Files\Microchip\xc8\v2.45\pic\sources\c99\common\strcpy.c
		_strcpy        		CODE           	AFB0	0000	68

C:\Program Files\Microchip\xc8\v2.45\pic\sources\c99\common\strcpy.c estimated size: 68

C:\Program Files\Microchip\xc8\v2.45\pic\sources\c99\common\memset.c
		_memset        		CODE           	ADCE	0000	50

C:\Program Files\Microchip\xc8\v2.45\pic\sources\c99\common\memset.c estimated size: 50

C:\Program Files\Microchip\xc8\v2.45\pic\sources\c99\common\sprcadd.c
		___flsub       		CODE           	B07E	0000	70
		___fladd       		CODE           	E3FC	0000	1216

C:\Program Files\Microchip\xc8\v2.45\pic\sources\c99\common\sprcadd.c estimated size: 1286

C:\Program Files\Microchip\xc8\v2.45\pic\sources\c99\common\nf_sscanf.c
		_sscanf        		CODE           	AEE8	0000	66

C:\Program Files\Microchip\xc8\v2.45\pic\sources\c99\common\nf_sscanf.c estimated size: 66

main.c
		_UART_SendString		CODE           	B646	0000	114
		_custom_delay_ms		CODE           	AE6E	0000	58
		_main          		CODE           	C134	0000	218
		_EEPROM_ReadBlock		CODE           	B038	0000	70
		_EEPROM_WriteByte		CODE           	AD9E	0000	48
		_EEPROM_WriteBlock		CODE           	AF2A	0000	66
		_MPU6050_Init  		CODE           	AA1E	0000	16
		_ReadAndSendEEPROMData		CODE           	CBEA	0000	498
		_UART_ReceiveString		CODE           	BCEE	0000	168
		_EEPROM_ReadByte		CODE           	AE00	0000	54
		_MPU6050_ReadSensorData		CODE           	D21A	0000	720
		_ParseUserInput		CODE           	C20E	0000	242
		_StartLogging  		CODE           	EE48	0000	1476

main.c estimated size: 3748

C:\Program Files\Microchip\xc8\v2.45\pic\sources\c99\common\nf_fputc.c
		_fputc         		CODE           	BFA8	0000	196

C:\Program Files\Microchip\xc8\v2.45\pic\sources\c99\common\nf_fputc.c estimated size: 196

C:\Program Files\Microchip\xc8\v2.45\pic\sources\c99\common\doprnt.c
		_read_prec_or_width		CODE           	BEEA	0000	190
		_vfpfcnvrt     		CODE           	D4EA	0000	820
		_efgtoa        		CODE           	F40C	0000	2546
		_pad           		CODE           	B362	0000	102
		_vfprintf      		CODE           	B10E	0000	76
		_xtoa          		CODE           	C6FE	0000	266

C:\Program Files\Microchip\xc8\v2.45\pic\sources\c99\common\doprnt.c estimated size: 4000

C:\Program Files\Microchip\xc8\v2.45\pic\sources\c99\common\getch.c
		_getch         		CODE           	A94E	0000	6

C:\Program Files\Microchip\xc8\v2.45\pic\sources\c99\common\getch.c estimated size: 6

C:\Program Files\Microchip\xc8\v2.45\pic\sources\c99\common\fltol.c
		___fltol       		CODE           	C5F8	0000	262

C:\Program Files\Microchip\xc8\v2.45\pic\sources\c99\common\fltol.c estimated size: 262

C:\Program Files\Microchip\xc8\v2.45\pic\sources\c99\common\nf_getc.c
		_fgetc         		CODE           	C808	0000	268
		_ungetc        		CODE           	BB0A	0000	158

C:\Program Files\Microchip\xc8\v2.45\pic\sources\c99\common\nf_getc.c estimated size: 426

