Microchip MPLAB XC8 Compiler V2.45

Linker command line:

-W-3 \
  --edf=C:\Program Files\Microchip\xc8\v2.45\pic\dat\20230818022343_en.msgs \
  -cn -h+dist/default/production\Practica3.X.production.sym \
  --cmf=dist/default/production\Practica3.X.production.cmf -z -Q18F46K42 \
  -oC:\Users\mesas\AppData\Local\Temp\xcAs8qs.\driver_tmp_3.o \
  --defsym=__MPLAB_BUILD=1 --fixupoverflow=error \
  -Mdist/default/production/Practica3.X.production.map \
  --md=C:\Users\mesas\AppData\Local\Temp\xcAs8qs.\driver_tmp_0.dat -E1 \
  -ver=XC8 Compiler --acfsm=1493 -ACODE=00h-0FFFFh -ACONST=00h-0FFFFh \
  -ASMALLCONST=01000h-010FFhx240 -AMEDIUMCONST=01000h-0FFFFh \
  -ACOMRAM=01h-05Fh -AABS1=00h-0FFFh -ABIGRAM=01h-0FFFh \
  -ARAM=060h-0FFh,0100h-01FFhx15 -ABANK0=060h-0FFh -ABANK1=0100h-01FFh \
  -ABANK2=0200h-02FFh -ABANK3=0300h-03FFh -ABANK4=0400h-04FFh \
  -ABANK5=0500h-05FFh -ABANK6=0600h-06FFh -ABANK7=0700h-07FFh \
  -ABANK8=0800h-08FFh -ABANK9=0900h-09FFh -ABANK10=0A00h-0AFFh \
  -ABANK11=0B00h-0BFFh -ABANK12=0C00h-0CFFh -ABANK13=0D00h-0DFFh \
  -ABANK14=0E00h-0EFFh -ABANK15=0F00h-0FFFh \
  -ASFR=03800h-038FFhx7,03F00h-03F5Fh,03F60h-03FFFh -ABIGSFR=03800h-03FFFh \
  -ACONFIG=0300000h-0300009h -AIDLOC=0200000h-020000Fh \
  -AEEDATA=0310000h-03103FFh -peeprom_data=EEDATA -preset_vec=00h \
  -ppowerup=CODE,init -pramtop=01000h -psmallconst=SMALLCONST \
  -pmediumconst=MEDIUMCONST -pconst=CONST -AFARRAM=00h-00h \
  -prdata=COMRAM,nvrram=COMRAM,nvbit=COMRAM,rbss=COMRAM,rbit=COMRAM \
  -pfarbss=FARRAM,fardata=FARRAM,nvFARRAM=FARRAM \
  -pintsave_regs=BIGRAM,bigbss=BIGRAM,bigdata=BIGRAM -pbss=RAM \
  -pidata=CODE,irdata=CODE,ibigdata=CODE,ifardata=CODE -prparam=COMRAM \
  C:\Users\mesas\AppData\Local\Temp\xcAs8qs.\driver_tmp_14.o \
  dist/default/production\Practica3.X.production.o 

Object code version is 3.11

Machine type is 18F46K42



                Name                               Link     Load   Length Selector   Space Scale
C:\Users\mesas\AppData\Local\Temp\xcAs8qs.\driver_tmp_14.o
                config                           300000   300000        A        0       4
                init                               FFFC     FFFC        4     7FFE       0
                reset_vec                             0        0        4        0       0
dist/default/production\Practica3.X.production.o
                config                           300000   300000        A        0       4
                smallconst                         1000     1000       FE      800       0
                text82                             21BC     21BC        8      87F       0
                text81                             2138     2138        C      87F       0
                text80                             1FB8     1FB8       1E      87F       0
                text79                             1EE0     1EE0       2A      87F       0
                text78                             21FA     21FA        6      87F       0
                text77                             21F4     21F4        6      87F       0
                text76                             21EE     21EE        6      87F       0
                text75                             20D8     20D8       16      87F       0
                text74                             20C2     20C2       16      87F       0
                text73                             20AC     20AC       16      87F       0
                text72                             1BD0     1BD0       52      87F       0
                text71                             1F78     1F78       22      87F       0
                text70                             19E0     19E0       6E      87F       0
                text69                             203C     203C       18      87F       0
                text68                             1E8A     1E8A       2C      87F       0
                text67                             1E5E     1E5E       2C      87F       0
                text66                             1E32     1E32       2C      87F       0
                text65                             1E06     1E06       2C      87F       0
                text64                             1C6E     1C6E       4A      87F       0
                text63                             220C     220C        4      87F       0
                text62                             2208     2208        4      87F       0
                text61                             218A     218A        A      87F       0
                text60                             21E8     21E8        6      87F       0
                text59                             21E2     21E2        6      87F       0
                text58                             2180     2180        A      87F       0
                text57                             2176     2176        A      87F       0
                text56                             21DC     21DC        6      87F       0
                text55                             2096     2096       16      87F       0
                text54                             21D6     21D6        6      87F       0
                text53                             21D0     21D0        6      87F       0
                text52                             21CA     21CA        6      87F       0
                text51                             21C4     21C4        6      87F       0
                text50                             2080     2080       16      87F       0
                text49                             206A     206A       16      87F       0
                text48                             21B4     21B4        8      87F       0
                text47                             216C     216C        A      87F       0
                text46                             1EB6     1EB6       2A      87F       0
                text45                             20EE     20EE       14      87F       0
                text44                             13E0     13E0      11E      87F       0
                text43                             16F0     16F0       98      87F       0
                text42                             1816     1816       78      87F       0
                text41                             1654     1654       9C      87F       0
                text40                             212C     212C        C      87F       0
                text39                             2204     2204        4      87F       0
                text38                             2200     2200        4      87F       0
                text37                             1F0A     1F0A       28      87F       0
                text36                             21AC     21AC        8      87F       0
                text35                             211E     211E        E      87F       0
                text34                             21A4     21A4        8      87F       0
                text33                             2110     2110        E      87F       0
                text32                             1AB6     1AB6       66      87F       0
                text31                             1972     1972       6E      87F       0
                text30                             2102     2102        E      87F       0
                text29                             1900     1900       72      87F       0
                text28                             1B1C     1B1C       5C      87F       0
                text27                             1FD6     1FD6       1C      87F       0
                text26                             1C22     1C22       4C      87F       0
                text25                             219C     219C        8      87F       0
                text24                             1DD8     1DD8       2E      87F       0
                text23                             1788     1788       8E      87F       0
                text22                             1CB8     1CB8       44      87F       0
                text21                             2194     2194        8      87F       0
                text20                             2024     2024       18      87F       0
                text19                             1B78     1B78       58      87F       0
                text18                             1D3E     1D3E       36      87F       0
                text17                             1DA8     1DA8       30      87F       0
                text16                             1F56     1F56       22      87F       0
                text15                             200C     200C       18      87F       0
                text14                             15AA     15AA       AA      87F       0
                text13                             1F32     1F32       24      87F       0
                text12                             2162     2162        A      87F       0
                text11                             2158     2158        A      87F       0
                text10                             214E     214E        A      87F       0
                text9                              1A4E     1A4E       68      87F       0
                text8                              2054     2054       16      87F       0
                text7                              1FF2     1FF2       1A      87F       0
                text6                              188E     188E       72      87F       0
                text5                              2144     2144        A      87F       0
                text4                              14FE     14FE       AC      87F       0
                text3                              10FE     10FE      196      87F       0
                text2                              1CFC     1CFC       42      87F       0
                text1                              1D74     1D74       34      87F       0
                text0                              1294     1294      14C      87F       0
                cstackCOMRAM                          1        1       2D        1       1
                cstackBANK0                          60       60       66       60       1
                bssBANK0                             C6       C6       20       60       1
                bssCOMRAM                            2E       2E       2A        1       1
                cinit                              1F9A     1F9A       1E      87F       0
                nvCOMRAM                             58       58        6        1       1

TOTAL           Name                               Link     Load   Length     Space
        CLASS   CODE           
                init                               FFFC     FFFC        4         0
                reset_vec                             0        0        4         0
                text82                             21BC     21BC        8         0
                text81                             2138     2138        C         0
                text80                             1FB8     1FB8       1E         0
                text79                             1EE0     1EE0       2A         0
                text78                             21FA     21FA        6         0
                text77                             21F4     21F4        6         0
                text76                             21EE     21EE        6         0
                text75                             20D8     20D8       16         0
                text74                             20C2     20C2       16         0
                text73                             20AC     20AC       16         0
                text72                             1BD0     1BD0       52         0
                text71                             1F78     1F78       22         0
                text70                             19E0     19E0       6E         0
                text69                             203C     203C       18         0
                text68                             1E8A     1E8A       2C         0
                text67                             1E5E     1E5E       2C         0
                text66                             1E32     1E32       2C         0
                text65                             1E06     1E06       2C         0
                text64                             1C6E     1C6E       4A         0
                text63                             220C     220C        4         0
                text62                             2208     2208        4         0
                text61                             218A     218A        A         0
                text60                             21E8     21E8        6         0
                text59                             21E2     21E2        6         0
                text58                             2180     2180        A         0
                text57                             2176     2176        A         0
                text56                             21DC     21DC        6         0
                text55                             2096     2096       16         0
                text54                             21D6     21D6        6         0
                text53                             21D0     21D0        6         0
                text52                             21CA     21CA        6         0
                text51                             21C4     21C4        6         0
                text50                             2080     2080       16         0
                text49                             206A     206A       16         0
                text48                             21B4     21B4        8         0
                text47                             216C     216C        A         0
                text46                             1EB6     1EB6       2A         0
                text45                             20EE     20EE       14         0
                text44                             13E0     13E0      11E         0
                text43                             16F0     16F0       98         0
                text42                             1816     1816       78         0
                text41                             1654     1654       9C         0
                text40                             212C     212C        C         0
                text39                             2204     2204        4         0
                text38                             2200     2200        4         0
                text37                             1F0A     1F0A       28         0
                text36                             21AC     21AC        8         0
                text35                             211E     211E        E         0
                text34                             21A4     21A4        8         0
                text33                             2110     2110        E         0
                text32                             1AB6     1AB6       66         0
                text31                             1972     1972       6E         0
                text30                             2102     2102        E         0
                text29                             1900     1900       72         0
                text28                             1B1C     1B1C       5C         0
                text27                             1FD6     1FD6       1C         0
                text26                             1C22     1C22       4C         0
                text25                             219C     219C        8         0
                text24                             1DD8     1DD8       2E         0
                text23                             1788     1788       8E         0
                text22                             1CB8     1CB8       44         0
                text21                             2194     2194        8         0
                text20                             2024     2024       18         0
                text19                             1B78     1B78       58         0
                text18                             1D3E     1D3E       36         0
                text17                             1DA8     1DA8       30         0
                text16                             1F56     1F56       22         0
                text15                             200C     200C       18         0
                text14                             15AA     15AA       AA         0
                text13                             1F32     1F32       24         0
                text12                             2162     2162        A         0
                text11                             2158     2158        A         0
                text10                             214E     214E        A         0
                text9                              1A4E     1A4E       68         0
                text8                              2054     2054       16         0
                text7                              1FF2     1FF2       1A         0
                text6                              188E     188E       72         0
                text5                              2144     2144        A         0
                text4                              14FE     14FE       AC         0
                text3                              10FE     10FE      196         0
                text2                              1CFC     1CFC       42         0
                text1                              1D74     1D74       34         0
                text0                              1294     1294      14C         0
                cinit                              1F9A     1F9A       1E         0

        CLASS   CONST          

        CLASS   SMALLCONST     
                smallconst                         1000     1000       FE         0

        CLASS   MEDIUMCONST    

        CLASS   COMRAM         
                cstackCOMRAM                          1        1       2D         1
                bssCOMRAM                            2E       2E       2A         1
                nvCOMRAM                             58       58        6         1

        CLASS   ABS1           

        CLASS   BIGRAM         

        CLASS   RAM            

        CLASS   BANK0          
                cstackBANK0                          60       60       66         1
                bssBANK0                             C6       C6       20         1

        CLASS   BANK1          

        CLASS   BANK2          

        CLASS   BANK3          

        CLASS   BANK4          

        CLASS   BANK5          

        CLASS   BANK6          

        CLASS   BANK7          

        CLASS   BANK8          

        CLASS   BANK9          

        CLASS   BANK10         

        CLASS   BANK11         

        CLASS   BANK12         

        CLASS   BANK13         

        CLASS   BANK14         

        CLASS   BANK15         

        CLASS   SFR            

        CLASS   BIGSFR         

        CLASS   CONFIG         
                config                           300000   300000        A         4

        CLASS   IDLOC          

        CLASS   EEDATA         

        CLASS   FARRAM         

        CLASS   HEAP           

        CLASS   STACK          



SEGMENTS        Name                           Load    Length   Top    Selector   Space  Class

                reset_vec                      000000  000004  000004         0       0  CODE    
                cstackCOMRAM                   000001  00005D  00005E         1       1  COMRAM  
                cstackBANK0                    000060  000086  0000E6        60       1  BANK0   
                smallconst                     001000  0000FE  0010FE       800       0  SMALLCON
                text3                          0010FE  001112  002210       87F       0  CODE    
                init                           00FFFC  000004  010000      7FFE       0  CODE    


UNUSED ADDRESS RANGES

        Name                Unused          Largest block    Delta
        BANK0            0000E6-0000FF               1A
        BANK1            000100-0001FF              100
        BANK10           000A00-000AFF              100
        BANK11           000B00-000BFF              100
        BANK12           000C00-000CFF              100
        BANK13           000D00-000DFF              100
        BANK14           000E00-000EFF              100
        BANK15           000F00-000FFF              100
        BANK2            000200-0002FF              100
        BANK3            000300-0003FF              100
        BANK4            000400-0004FF              100
        BANK5            000500-0005FF              100
        BANK6            000600-0006FF              100
        BANK7            000700-0007FF              100
        BANK8            000800-0008FF              100
        BANK9            000900-0009FF              100
        BIGRAM           00005E-00005F                2
                         0000E6-000FFF              F1A
        BIGSFR           003800-003FFF              800
        CODE             000004-000FFF              FFC
                         002210-00FFFB             DDEC
        COMRAM           00005E-00005F                2
        CONST            000004-000FFF              FFC
                         002210-00FFFB             DDEC
        EEDATA           310000-3103FF              400
        IDLOC            200000-20000F               10
        MEDIUMCONST      002210-00FFFB             DDEC
        RAM              0000E6-000FFF              100
        SFR              003800-003FFF              100
        SMALLCONST       002210-00FFFB              100

                                  Symbol Table

?_sprintf                                     cstackCOMRAM 00001B
?_vfprintf                                    cstackCOMRAM 000017
EEPROM_ReadByte@addressBuffer                 cstackCOMRAM 00001E
EEPROM_ReadByte@data                          cstackCOMRAM 000021
EEPROM_ReadByte@deviceAddress                 cstackCOMRAM 000020
EEPROM_ReadByte@memoryAddress                 cstackCOMRAM 00001C
EEPROM_WriteByte@buffer                       cstackCOMRAM 000021
EEPROM_WriteByte@data                         cstackCOMRAM 00001E
EEPROM_WriteByte@deviceAddress                cstackCOMRAM 000020
EEPROM_WriteByte@memoryAddress                cstackCOMRAM 00001C
I2C1_CallbackReturnReset@funPtr               cstackCOMRAM 00000A
I2C1_Close@returnValue                        cstackCOMRAM 000001
I2C1_DO_RX@retFsmState                        cstackCOMRAM 000011
I2C1_DO_TX@dataTx                             cstackCOMRAM 000011
I2C1_DO_TX@retFsmState                        cstackCOMRAM 000012
I2C1_MasterOperation@read                     cstackCOMRAM 000016
I2C1_MasterOperation@returnValue              cstackCOMRAM 000017
I2C1_MasterSendTxData@data                    cstackCOMRAM 000001
I2C1_MasterSetCounter@counter                 cstackCOMRAM 000001
I2C1_Open@address                             cstackCOMRAM 000001
I2C1_Open@returnValue                         cstackCOMRAM 000002
I2C1_ReadNBytes@address                       cstackCOMRAM 00001B
I2C1_ReadNBytes@data                          cstackCOMRAM 000018
I2C1_ReadNBytes@len                           cstackCOMRAM 000019
I2C1_SetAddressNackCallback@cb                cstackCOMRAM 000006
I2C1_SetAddressNackCallback@ptr               cstackCOMRAM 000008
I2C1_SetBuffer@buffer                         cstackCOMRAM 000001
I2C1_SetBuffer@bufferSize                     cstackCOMRAM 000003
I2C1_SetCallback@cb                           cstackCOMRAM 000001
I2C1_SetCallback@idx                          cstackCOMRAM 000005
I2C1_SetCallback@ptr                          cstackCOMRAM 000003
I2C1_SetDataCompleteCallback@cb               cstackCOMRAM 000006
I2C1_SetDataCompleteCallback@ptr              cstackCOMRAM 000008
I2C1_WriteNBytes@address                      cstackCOMRAM 00001B
I2C1_WriteNBytes@data                         cstackCOMRAM 000018
I2C1_WriteNBytes@len                          cstackCOMRAM 000019
UART1_SetErrorHandler@interruptHandler        cstackCOMRAM 000001
UART1_SetFramingErrorHandler@interruptHandler cstackCOMRAM 000001
UART1_SetOverrunErrorHandler@interruptHandler cstackCOMRAM 000001
UART1_Write@txData                            cstackCOMRAM 000001
UART_SendString@str                           cstackCOMRAM 000002
_ANSELA                                       (abs)        003A40
_ANSELB                                       (abs)        003A50
_ANSELC                                       (abs)        003A60
_ANSELD                                       (abs)        003A70
_ANSELE                                       (abs)        003A80
_EEPROM_ReadByte                              text18       001D3E
_EEPROM_WriteByte                             text17       001DA8
_I2C1CLK                                      (abs)        003D7B
_I2C1CNT                                      (abs)        003D6C
_I2C1CON0                                     (abs)        003D73
_I2C1CON0bits                                 (abs)        003D73
_I2C1CON1                                     (abs)        003D74
_I2C1CON1bits                                 (abs)        003D74
_I2C1CON2                                     (abs)        003D75
_I2C1ERR                                      (abs)        003D76
_I2C1ERRbits                                  (abs)        003D76
_I2C1PIE                                      (abs)        003D7A
_I2C1PIEbits                                  (abs)        003D7A
_I2C1PIR                                      (abs)        003D79
_I2C1PIRbits                                  (abs)        003D79
_I2C1RXB                                      (abs)        003D6A
_I2C1SCLPPS                                   (abs)        003AE1
_I2C1SDAPPS                                   (abs)        003AE2
_I2C1STAT1bits                                (abs)        003D78
_I2C1TXB                                      (abs)        003D6B
_I2C1_CallbackReturnReset                     text62       002208
_I2C1_CallbackReturnStop                      text63       00220C
_I2C1_ClearInterruptFlags                     text72       001BD0
_I2C1_Close                                   text79       001EE0
_I2C1_DO_ADDRESS_NACK                         text32       001AB6
_I2C1_DO_BUS_COLLISION                        text31       001972
_I2C1_DO_BUS_ERROR                            text30       002102
_I2C1_DO_IDLE                                 text47       00216C
_I2C1_DO_RESET                                text33       002110
_I2C1_DO_RX                                   text43       0016F0
_I2C1_DO_RX_ACK                               text36       0021AC
_I2C1_DO_RX_EMPTY                             text41       001654
_I2C1_DO_RX_NACK_RESTART                      text34       0021A4
_I2C1_DO_RX_NACK_STOP                         text35       00211E
_I2C1_DO_SEND_ADR_READ                        text46       001EB6
_I2C1_DO_SEND_ADR_WRITE                       text45       0020EE
_I2C1_DO_SEND_RESTART                         text38       002200
_I2C1_DO_SEND_RESTART_READ                    text40       00212C
_I2C1_DO_SEND_RESTART_WRITE                   text39       002204
_I2C1_DO_SEND_STOP                            text37       001F0A
_I2C1_DO_TX                                   text44       0013E0
_I2C1_DO_TX$1073                              cstackCOMRAM 00000F
_I2C1_DO_TX_ACK                               text48       0021B4
_I2C1_DO_TX_EMPTY                             text42       001816
_I2C1_Initialize                              text16       001F56
_I2C1_MasterClearCountFlag                    text78       0021FA
_I2C1_MasterClearIrq                          text82       0021BC
_I2C1_MasterClearNackFlag                     text77       0021F4
_I2C1_MasterClearStopFlag                     text76       0021EE
_I2C1_MasterClose                             text81       002138
_I2C1_MasterDisableIrq                        text80       001FB8
_I2C1_MasterDisableRestart                    text60       0021E8
_I2C1_MasterEnableRestart                     text59       0021E2
_I2C1_MasterFsm                               text29       001900
_I2C1_MasterGetCounter                        text51       0021C4
_I2C1_MasterGetRxData                         text56       0021DC
_I2C1_MasterIsCountFlagSet                    text75       0020D8
_I2C1_MasterIsNack                            text50       002080
_I2C1_MasterIsNackFlagSet                     text74       0020C2
_I2C1_MasterIsRxBufFull                       text55       002096
_I2C1_MasterIsStopFlagSet                     text73       0020AC
_I2C1_MasterIsTxBufEmpty                      text49       00206A
_I2C1_MasterOpen                              text24       001DD8
_I2C1_MasterOperation                         text26       001C22
_I2C1_MasterRead                              text25       00219C
_I2C1_MasterResetBus                          text61       00218A
_I2C1_MasterSendAck                           text54       0021D6
_I2C1_MasterSendNack                          text53       0021D0
_I2C1_MasterSendTxData                        text57       002176
_I2C1_MasterSetCounter                        text58       002180
_I2C1_MasterStop                              text52       0021CA
_I2C1_MasterWaitForEvent                      text28       001B1C
_I2C1_MasterWrite                             text21       002194
_I2C1_Open                                    text23       001788
_I2C1_Poller                                  text27       001FD6
_I2C1_ReadNBytes                              text22       001CB8
_I2C1_SetAddressNackCallback                  text20       002024
_I2C1_SetBuffer                               text71       001F78
_I2C1_SetCallback                             text70       0019E0
_I2C1_SetDataCompleteCallback                 text69       00203C
_I2C1_Status                                  bssCOMRAM    00002E
_I2C1_WriteNBytes                             text19       001B78
_INLVLA                                       (abs)        003A44
_INLVLB                                       (abs)        003A54
_INLVLC                                       (abs)        003A64
_INLVLD                                       (abs)        003A74
_INLVLE                                       (abs)        003A84
_LATA                                         (abs)        003FBA
_LATB                                         (abs)        003FBB
_LATC                                         (abs)        003FBC
_LATD                                         (abs)        003FBD
_LATE                                         (abs)        003FBE
_ODCONA                                       (abs)        003A42
_ODCONB                                       (abs)        003A52
_ODCONC                                       (abs)        003A62
_ODCOND                                       (abs)        003A72
_ODCONE                                       (abs)        003A82
_OSCCON1                                      (abs)        0039D9
_OSCCON3                                      (abs)        0039DB
_OSCEN                                        (abs)        0039DD
_OSCFRQ                                       (abs)        0039DF
_OSCILLATOR_Initialize                        text15       00200C
_OSCTUNE                                      (abs)        0039DE
_PIE2bits                                     (abs)        003992
_PIE3bits                                     (abs)        003993
_PIN_MANAGER_Initialize                       text14       0015AA
_PIR2bits                                     (abs)        0039A2
_PIR3bits                                     (abs)        0039A3
_PMD0                                         (abs)        0039C0
_PMD1                                         (abs)        0039C1
_PMD2                                         (abs)        0039C2
_PMD3                                         (abs)        0039C3
_PMD4                                         (abs)        0039C4
_PMD5                                         (abs)        0039C5
_PMD6                                         (abs)        0039C6
_PMD7                                         (abs)        0039C7
_PMD_Initialize                               text13       001F32
_RB1I2C                                       (abs)        003A5A
_RB1PPS                                       (abs)        003A09
_RB2I2C                                       (abs)        003A5B
_RB2PPS                                       (abs)        003A0A
_RC3I2C                                       (abs)        003A6A
_RC4I2C                                       (abs)        003A6B
_RC6PPS                                       (abs)        003A16
_RD0I2C                                       (abs)        003A7A
_RD1I2C                                       (abs)        003A7B
_SLRCONA                                      (abs)        003A43
_SLRCONB                                      (abs)        003A53
_SLRCONC                                      (abs)        003A63
_SLRCOND                                      (abs)        003A73
_SLRCONE                                      (abs)        003A83
_SYSTEM_Initialize                            text8        002054
_TRISA                                        (abs)        003FC2
_TRISB                                        (abs)        003FC3
_TRISC                                        (abs)        003FC4
_TRISD                                        (abs)        003FC5
_TRISE                                        (abs)        003FC6
_U1BRGH                                       (abs)        003DF6
_U1BRGL                                       (abs)        003DF5
_U1CON0                                       (abs)        003DF2
_U1CON0bits                                   (abs)        003DF2
_U1CON1                                       (abs)        003DF3
_U1CON2                                       (abs)        003DF4
_U1ERRIE                                      (abs)        003DFA
_U1ERRIR                                      (abs)        003DF9
_U1ERRIRbits                                  (abs)        003DF9
_U1FIFO                                       (abs)        003DF7
_U1P1H                                        (abs)        003DED
_U1P1L                                        (abs)        003DEC
_U1P2H                                        (abs)        003DEF
_U1P2L                                        (abs)        003DEE
_U1P3H                                        (abs)        003DF1
_U1P3L                                        (abs)        003DF0
_U1RXB                                        (abs)        003DE8
_U1RXPPS                                      (abs)        003AE5
_U1TXB                                        (abs)        003DEA
_U1UIR                                        (abs)        003DF8
_UART1_DefaultErrorHandler                    (abs)        000000
_UART1_DefaultFramingErrorHandler             (abs)        000000
_UART1_DefaultOverrunErrorHandler             (abs)        000000
_UART1_ErrorHandler                           nvCOMRAM     000058
_UART1_FramingErrorHandler                    nvCOMRAM     00005C
_UART1_Initialize                             text9        001A4E
_UART1_OverrunErrorHandler                    nvCOMRAM     00005A
_UART1_SetErrorHandler                        text12       002162
_UART1_SetFramingErrorHandler                 text11       002158
_UART1_SetOverrunErrorHandler                 text10       00214E
_UART1_Write                                  text7        001FF2
_UART_SendString                              text6        00188E
_WPUA                                         (abs)        003A41
_WPUB                                         (abs)        003A51
_WPUC                                         (abs)        003A61
_WPUD                                         (abs)        003A71
_WPUE                                         (abs)        003A81
__HRAM                                        (abs)        000000
__H__absolute__                               __absolute__ 000000
__Habs1                                       abs1         000000
__Hbank0                                      bank0        000000
__Hbank1                                      bank1        000000
__Hbank10                                     bank10       000000
__Hbank11                                     bank11       000000
__Hbank12                                     bank12       000000
__Hbank13                                     bank13       000000
__Hbank14                                     bank14       000000
__Hbank15                                     bank15       000000
__Hbank2                                      bank2        000000
__Hbank3                                      bank3        000000
__Hbank4                                      bank4        000000
__Hbank5                                      bank5        000000
__Hbank6                                      bank6        000000
__Hbank7                                      bank7        000000
__Hbank8                                      bank8        000000
__Hbank9                                      bank9        000000
__Hbigbss                                     bigbss       000000
__Hbigdata                                    bigdata      000000
__Hbigram                                     bigram       000000
__Hbigsfr                                     bigsfr       000000
__Hbss                                        bss          000000
__HbssBANK0                                   bssBANK0     000000
__HbssCOMRAM                                  bssCOMRAM    000000
__Hcinit                                      cinit        000000
__Hclrtext                                    clrtext      000000
__Hcomram                                     comram       000000
__Hconfig                                     config       30000A
__Hconst                                      const        000000
__HcstackBANK0                                cstackBANK0  000000
__HcstackCOMRAM                               cstackCOMRAM 000000
__Hdata                                       data         000000
__Heeprom_data                                eeprom_data  000000
__Hfarbss                                     farbss       000000
__Hfardata                                    fardata      000000
__Hheap                                       heap         000000
__Hibigdata                                   ibigdata     000000
__Hidata                                      idata        000000
__Hidloc                                      idloc        000000
__Hifardata                                   ifardata     000000
__Hinit                                       init         010000
__Hintsave_regs                               intsave_regs 000000
__Hirdata                                     irdata       000000
__Hmediumconst                                mediumconst  000000
__HnvCOMRAM                                   nvCOMRAM     000000
__HnvFARRAM                                   nvFARRAM     000000
__Hnvbit                                      nvbit        000000
__Hnvrram                                     nvrram       000000
__Hparam                                      rparam       000000
__Hpowerup                                    powerup      000000
__Hram                                        ram          000000
__Hramtop                                     ramtop       001000
__Hrbit                                       rbit         000000
__Hrbss                                       rbss         000000
__Hrdata                                      rdata        000000
__Hreset_vec                                  reset_vec    000004
__Hrparam                                     rparam       000000
__Hsfr                                        sfr          000000
__Hsmallconst                                 smallconst   0010FE
__Hspace_0                                    (abs)        010000
__Hspace_1                                    (abs)        0000E6
__Hspace_2                                    (abs)        000000
__Hspace_4                                    (abs)        60000A
__Hstack                                      stack        000000
__Hstruct                                     struct       000000
__Htemp                                       temp         000000
__Htext                                       text         000000
__Htext0                                      text0        000000
__Htext1                                      text1        000000
__Htext10                                     text10       000000
__Htext11                                     text11       000000
__Htext12                                     text12       000000
__Htext13                                     text13       000000
__Htext14                                     text14       000000
__Htext15                                     text15       000000
__Htext16                                     text16       000000
__Htext17                                     text17       000000
__Htext18                                     text18       000000
__Htext19                                     text19       000000
__Htext2                                      text2        000000
__Htext20                                     text20       000000
__Htext21                                     text21       000000
__Htext22                                     text22       000000
__Htext23                                     text23       000000
__Htext24                                     text24       000000
__Htext25                                     text25       000000
__Htext26                                     text26       000000
__Htext27                                     text27       000000
__Htext28                                     text28       000000
__Htext29                                     text29       000000
__Htext3                                      text3        000000
__Htext30                                     text30       000000
__Htext31                                     text31       000000
__Htext32                                     text32       000000
__Htext33                                     text33       000000
__Htext34                                     text34       000000
__Htext35                                     text35       000000
__Htext36                                     text36       000000
__Htext37                                     text37       000000
__Htext38                                     text38       000000
__Htext39                                     text39       000000
__Htext4                                      text4        000000
__Htext40                                     text40       000000
__Htext41                                     text41       000000
__Htext42                                     text42       000000
__Htext43                                     text43       000000
__Htext44                                     text44       000000
__Htext45                                     text45       000000
__Htext46                                     text46       000000
__Htext47                                     text47       000000
__Htext48                                     text48       000000
__Htext49                                     text49       000000
__Htext5                                      text5        000000
__Htext50                                     text50       000000
__Htext51                                     text51       000000
__Htext52                                     text52       000000
__Htext53                                     text53       000000
__Htext54                                     text54       000000
__Htext55                                     text55       000000
__Htext56                                     text56       000000
__Htext57                                     text57       000000
__Htext58                                     text58       000000
__Htext59                                     text59       000000
__Htext6                                      text6        000000
__Htext60                                     text60       000000
__Htext61                                     text61       000000
__Htext62                                     text62       000000
__Htext63                                     text63       000000
__Htext64                                     text64       000000
__Htext65                                     text65       000000
__Htext66                                     text66       000000
__Htext67                                     text67       000000
__Htext68                                     text68       000000
__Htext69                                     text69       000000
__Htext7                                      text7        000000
__Htext70                                     text70       000000
__Htext71                                     text71       000000
__Htext72                                     text72       000000
__Htext73                                     text73       000000
__Htext74                                     text74       000000
__Htext75                                     text75       000000
__Htext76                                     text76       000000
__Htext77                                     text77       000000
__Htext78                                     text78       000000
__Htext79                                     text79       000000
__Htext8                                      text8        000000
__Htext80                                     text80       000000
__Htext81                                     text81       000000
__Htext82                                     text82       000000
__Htext83                                     text83       000000
__Htext9                                      text9        000000
__LRAM                                        (abs)        000001
__L__absolute__                               __absolute__ 000000
__Labs1                                       abs1         000000
__Lbank0                                      bank0        000000
__Lbank1                                      bank1        000000
__Lbank10                                     bank10       000000
__Lbank11                                     bank11       000000
__Lbank12                                     bank12       000000
__Lbank13                                     bank13       000000
__Lbank14                                     bank14       000000
__Lbank15                                     bank15       000000
__Lbank2                                      bank2        000000
__Lbank3                                      bank3        000000
__Lbank4                                      bank4        000000
__Lbank5                                      bank5        000000
__Lbank6                                      bank6        000000
__Lbank7                                      bank7        000000
__Lbank8                                      bank8        000000
__Lbank9                                      bank9        000000
__Lbigbss                                     bigbss       000000
__Lbigdata                                    bigdata      000000
__Lbigram                                     bigram       000000
__Lbigsfr                                     bigsfr       000000
__Lbss                                        bss          000000
__LbssBANK0                                   bssBANK0     000000
__LbssCOMRAM                                  bssCOMRAM    000000
__Lcinit                                      cinit        000000
__Lclrtext                                    clrtext      000000
__Lcomram                                     comram       000000
__Lconfig                                     config       000000
__Lconst                                      const        000000
__LcstackBANK0                                cstackBANK0  000000
__LcstackCOMRAM                               cstackCOMRAM 000000
__Ldata                                       data         000000
__Leeprom_data                                eeprom_data  000000
__Lfarbss                                     farbss       000000
__Lfardata                                    fardata      000000
__Lheap                                       heap         000000
__Libigdata                                   ibigdata     000000
__Lidata                                      idata        000000
__Lidloc                                      idloc        000000
__Lifardata                                   ifardata     000000
__Linit                                       init         00FFFC
__Lintsave_regs                               intsave_regs 000000
__Lirdata                                     irdata       000000
__Lmediumconst                                mediumconst  000000
__LnvCOMRAM                                   nvCOMRAM     000000
__LnvFARRAM                                   nvFARRAM     000000
__Lnvbit                                      nvbit        000000
__Lnvrram                                     nvrram       000000
__Lparam                                      rparam       000000
__Lpowerup                                    powerup      000000
__Lram                                        ram          000000
__Lramtop                                     ramtop       001000
__Lrbit                                       rbit         000000
__Lrbss                                       rbss         000000
__Lrdata                                      rdata        000000
__Lreset_vec                                  reset_vec    000000
__Lrparam                                     rparam       000000
__Lsfr                                        sfr          000000
__Lsmallconst                                 smallconst   001000
__Lspace_0                                    (abs)        000000
__Lspace_1                                    (abs)        000000
__Lspace_2                                    (abs)        000000
__Lspace_4                                    (abs)        000000
__Lstack                                      stack        000000
__Lstruct                                     struct       000000
__Ltemp                                       temp         000000
__Ltext                                       text         000000
__Ltext0                                      text0        000000
__Ltext1                                      text1        000000
__Ltext10                                     text10       000000
__Ltext11                                     text11       000000
__Ltext12                                     text12       000000
__Ltext13                                     text13       000000
__Ltext14                                     text14       000000
__Ltext15                                     text15       000000
__Ltext16                                     text16       000000
__Ltext17                                     text17       000000
__Ltext18                                     text18       000000
__Ltext19                                     text19       000000
__Ltext2                                      text2        000000
__Ltext20                                     text20       000000
__Ltext21                                     text21       000000
__Ltext22                                     text22       000000
__Ltext23                                     text23       000000
__Ltext24                                     text24       000000
__Ltext25                                     text25       000000
__Ltext26                                     text26       000000
__Ltext27                                     text27       000000
__Ltext28                                     text28       000000
__Ltext29                                     text29       000000
__Ltext3                                      text3        000000
__Ltext30                                     text30       000000
__Ltext31                                     text31       000000
__Ltext32                                     text32       000000
__Ltext33                                     text33       000000
__Ltext34                                     text34       000000
__Ltext35                                     text35       000000
__Ltext36                                     text36       000000
__Ltext37                                     text37       000000
__Ltext38                                     text38       000000
__Ltext39                                     text39       000000
__Ltext4                                      text4        000000
__Ltext40                                     text40       000000
__Ltext41                                     text41       000000
__Ltext42                                     text42       000000
__Ltext43                                     text43       000000
__Ltext44                                     text44       000000
__Ltext45                                     text45       000000
__Ltext46                                     text46       000000
__Ltext47                                     text47       000000
__Ltext48                                     text48       000000
__Ltext49                                     text49       000000
__Ltext5                                      text5        000000
__Ltext50                                     text50       000000
__Ltext51                                     text51       000000
__Ltext52                                     text52       000000
__Ltext53                                     text53       000000
__Ltext54                                     text54       000000
__Ltext55                                     text55       000000
__Ltext56                                     text56       000000
__Ltext57                                     text57       000000
__Ltext58                                     text58       000000
__Ltext59                                     text59       000000
__Ltext6                                      text6        000000
__Ltext60                                     text60       000000
__Ltext61                                     text61       000000
__Ltext62                                     text62       000000
__Ltext63                                     text63       000000
__Ltext64                                     text64       000000
__Ltext65                                     text65       000000
__Ltext66                                     text66       000000
__Ltext67                                     text67       000000
__Ltext68                                     text68       000000
__Ltext69                                     text69       000000
__Ltext7                                      text7        000000
__Ltext70                                     text70       000000
__Ltext71                                     text71       000000
__Ltext72                                     text72       000000
__Ltext73                                     text73       000000
__Ltext74                                     text74       000000
__Ltext75                                     text75       000000
__Ltext76                                     text76       000000
__Ltext77                                     text77       000000
__Ltext78                                     text78       000000
__Ltext79                                     text79       000000
__Ltext8                                      text8        000000
__Ltext80                                     text80       000000
__Ltext81                                     text81       000000
__Ltext82                                     text82       000000
__Ltext83                                     text83       000000
__Ltext9                                      text9        000000
__S0                                          (abs)        010000
__S1                                          (abs)        0000E6
__S4                                          (abs)        000000
__S5                                          (abs)        000000
___heap_hi                                    (abs)        000000
___heap_lo                                    (abs)        000000
___inthi_sp                                   stack        000000
___inthi_stack_hi                             stack        000000
___inthi_stack_lo                             stack        000000
___intlo_sp                                   stack        000000
___intlo_stack_hi                             stack        000000
___intlo_stack_lo                             stack        000000
___param_bank                                 (abs)        000000
___rparam_used                                (abs)        000001
___sp                                         stack        000000
___stack_hi                                   stack        000000
___stack_lo                                   stack        000000
__accesstop                                   (abs)        000060
__activetblptr                                (abs)        000003
__end_of_EEPROM_ReadByte                      text18       001D74
__end_of_EEPROM_WriteByte                     text17       001DD8
__end_of_I2C1_CallbackReturnReset             text62       00220C
__end_of_I2C1_CallbackReturnStop              text63       002210
__end_of_I2C1_ClearInterruptFlags             text72       001C22
__end_of_I2C1_Close                           text79       001F0A
__end_of_I2C1_DO_ADDRESS_NACK                 text32       001B1C
__end_of_I2C1_DO_BUS_COLLISION                text31       0019E0
__end_of_I2C1_DO_BUS_ERROR                    text30       002110
__end_of_I2C1_DO_IDLE                         text47       002176
__end_of_I2C1_DO_RESET                        text33       00211E
__end_of_I2C1_DO_RX                           text43       001788
__end_of_I2C1_DO_RX_ACK                       text36       0021B4
__end_of_I2C1_DO_RX_EMPTY                     text41       0016F0
__end_of_I2C1_DO_RX_NACK_RESTART              text34       0021AC
__end_of_I2C1_DO_RX_NACK_STOP                 text35       00212C
__end_of_I2C1_DO_SEND_ADR_READ                text46       001EE0
__end_of_I2C1_DO_SEND_ADR_WRITE               text45       002102
__end_of_I2C1_DO_SEND_RESTART                 text38       002204
__end_of_I2C1_DO_SEND_RESTART_READ            text40       002138
__end_of_I2C1_DO_SEND_RESTART_WRITE           text39       002208
__end_of_I2C1_DO_SEND_STOP                    text37       001F32
__end_of_I2C1_DO_TX                           text44       0014FE
__end_of_I2C1_DO_TX_ACK                       text48       0021BC
__end_of_I2C1_DO_TX_EMPTY                     text42       00188E
__end_of_I2C1_Initialize                      text16       001F78
__end_of_I2C1_MasterClearCountFlag            text78       002200
__end_of_I2C1_MasterClearIrq                  text82       0021C4
__end_of_I2C1_MasterClearNackFlag             text77       0021FA
__end_of_I2C1_MasterClearStopFlag             text76       0021F4
__end_of_I2C1_MasterClose                     text81       002144
__end_of_I2C1_MasterDisableIrq                text80       001FD6
__end_of_I2C1_MasterDisableRestart            text60       0021EE
__end_of_I2C1_MasterEnableRestart             text59       0021E8
__end_of_I2C1_MasterFsm                       text29       001972
__end_of_I2C1_MasterGetCounter                text51       0021CA
__end_of_I2C1_MasterGetRxData                 text56       0021E2
__end_of_I2C1_MasterIsCountFlagSet            text75       0020EE
__end_of_I2C1_MasterIsNack                    text50       002096
__end_of_I2C1_MasterIsNackFlagSet             text74       0020D8
__end_of_I2C1_MasterIsRxBufFull               text55       0020AC
__end_of_I2C1_MasterIsStopFlagSet             text73       0020C2
__end_of_I2C1_MasterIsTxBufEmpty              text49       002080
__end_of_I2C1_MasterOpen                      text24       001E06
__end_of_I2C1_MasterOperation                 text26       001C6E
__end_of_I2C1_MasterRead                      text25       0021A4
__end_of_I2C1_MasterResetBus                  text61       002194
__end_of_I2C1_MasterSendAck                   text54       0021DC
__end_of_I2C1_MasterSendNack                  text53       0021D6
__end_of_I2C1_MasterSendTxData                text57       002180
__end_of_I2C1_MasterSetCounter                text58       00218A
__end_of_I2C1_MasterStop                      text52       0021D0
__end_of_I2C1_MasterWaitForEvent              text28       001B78
__end_of_I2C1_MasterWrite                     text21       00219C
__end_of_I2C1_Open                            text23       001816
__end_of_I2C1_Poller                          text27       001FF2
__end_of_I2C1_ReadNBytes                      text22       001CFC
__end_of_I2C1_SetAddressNackCallback          text20       00203C
__end_of_I2C1_SetBuffer                       text71       001F9A
__end_of_I2C1_SetCallback                     text70       001A4E
__end_of_I2C1_SetDataCompleteCallback         text69       002054
__end_of_I2C1_WriteNBytes                     text19       001BD0
__end_of_OSCILLATOR_Initialize                text15       002024
__end_of_PIN_MANAGER_Initialize               text14       001654
__end_of_PMD_Initialize                       text13       001F56
__end_of_SYSTEM_Initialize                    text8        00206A
__end_of_UART1_Initialize                     text9        001AB6
__end_of_UART1_SetErrorHandler                text12       00216C
__end_of_UART1_SetFramingErrorHandler         text11       002162
__end_of_UART1_SetOverrunErrorHandler         text10       002158
__end_of_UART1_Write                          text7        00200C
__end_of_UART_SendString                      text6        001900
__end_of__initialization                      cinit        001FB2
__end_of_fputc                                text4        0015AA
__end_of_i2c1_fsmStateTable                   smallconst   001027
__end_of_main                                 text0        0013E0
__end_of_putch                                text5        00214E
__end_of_rd1RegCompleteHandler                text67       001E8A
__end_of_rd2RegCompleteHandler                text66       001E5E
__end_of_rdBlkRegCompleteHandler              text64       001CB8
__end_of_sprintf                              text1        001DA8
__end_of_vfpfcnvrt                            text3        001294
__end_of_vfprintf                             text2        001D3E
__end_of_wr1RegCompleteHandler                text65       001E32
__end_of_wr2RegCompleteHandler                text68       001EB6
__initialization                              cinit        001F9A
__mediumconst                                 mediumconst  000000
__pbssBANK0                                   bssBANK0     0000C6
__pbssCOMRAM                                  bssCOMRAM    00002E
__pcinit                                      cinit        001F9A
__pcstackBANK0                                cstackBANK0  000060
__pcstackCOMRAM                               cstackCOMRAM 000001
__pnvCOMRAM                                   nvCOMRAM     000058
__psmallconst                                 smallconst   001000
__ptext0                                      text0        001294
__ptext1                                      text1        001D74
__ptext10                                     text10       00214E
__ptext11                                     text11       002158
__ptext12                                     text12       002162
__ptext13                                     text13       001F32
__ptext14                                     text14       0015AA
__ptext15                                     text15       00200C
__ptext16                                     text16       001F56
__ptext17                                     text17       001DA8
__ptext18                                     text18       001D3E
__ptext19                                     text19       001B78
__ptext2                                      text2        001CFC
__ptext20                                     text20       002024
__ptext21                                     text21       002194
__ptext22                                     text22       001CB8
__ptext23                                     text23       001788
__ptext24                                     text24       001DD8
__ptext25                                     text25       00219C
__ptext26                                     text26       001C22
__ptext27                                     text27       001FD6
__ptext28                                     text28       001B1C
__ptext29                                     text29       001900
__ptext3                                      text3        0010FE
__ptext30                                     text30       002102
__ptext31                                     text31       001972
__ptext32                                     text32       001AB6
__ptext33                                     text33       002110
__ptext34                                     text34       0021A4
__ptext35                                     text35       00211E
__ptext36                                     text36       0021AC
__ptext37                                     text37       001F0A
__ptext38                                     text38       002200
__ptext39                                     text39       002204
__ptext4                                      text4        0014FE
__ptext40                                     text40       00212C
__ptext41                                     text41       001654
__ptext42                                     text42       001816
__ptext43                                     text43       0016F0
__ptext44                                     text44       0013E0
__ptext45                                     text45       0020EE
__ptext46                                     text46       001EB6
__ptext47                                     text47       00216C
__ptext48                                     text48       0021B4
__ptext49                                     text49       00206A
__ptext5                                      text5        002144
__ptext50                                     text50       002080
__ptext51                                     text51       0021C4
__ptext52                                     text52       0021CA
__ptext53                                     text53       0021D0
__ptext54                                     text54       0021D6
__ptext55                                     text55       002096
__ptext56                                     text56       0021DC
__ptext57                                     text57       002176
__ptext58                                     text58       002180
__ptext59                                     text59       0021E2
__ptext6                                      text6        00188E
__ptext60                                     text60       0021E8
__ptext61                                     text61       00218A
__ptext62                                     text62       002208
__ptext63                                     text63       00220C
__ptext64                                     text64       001C6E
__ptext65                                     text65       001E06
__ptext66                                     text66       001E32
__ptext67                                     text67       001E5E
__ptext68                                     text68       001E8A
__ptext69                                     text69       00203C
__ptext7                                      text7        001FF2
__ptext70                                     text70       0019E0
__ptext71                                     text71       001F78
__ptext72                                     text72       001BD0
__ptext73                                     text73       0020AC
__ptext74                                     text74       0020C2
__ptext75                                     text75       0020D8
__ptext76                                     text76       0021EE
__ptext77                                     text77       0021F4
__ptext78                                     text78       0021FA
__ptext79                                     text79       001EE0
__ptext8                                      text8        002054
__ptext80                                     text80       001FB8
__ptext81                                     text81       002138
__ptext82                                     text82       0021BC
__ptext83                                     text83       000000
__ptext9                                      text9        001A4E
__ramtop                                      ramtop       001000
__smallconst                                  smallconst   001000
_dbuf                                         bssBANK0     0000C6
_flags                                        bssCOMRAM    000056
_fputc                                        text4        0014FE
_i2c1_fsmStateTable                           smallconst   001001
_main                                         text0        001294
_prec                                         bssCOMRAM    000054
_putch                                        text5        002144
_rd1RegCompleteHandler                        text67       001E5E
_rd2RegCompleteHandler                        text66       001E32
_rdBlkRegCompleteHandler                      text64       001C6E
_sprintf                                      text1        001D74
_uart1RxLastError                             bssCOMRAM    000057
_vfpfcnvrt                                    text3        0010FE
_vfprintf                                     text2        001CFC
_width                                        bssCOMRAM    000052
_wr1RegCompleteHandler                        text65       001E06
_wr2RegCompleteHandler                        text68       001E8A
end_of_initialization                         cinit        001FB2
fputc@c                                       cstackCOMRAM 000003
fputc@fp                                      cstackCOMRAM 000005
intlevel0                                     text         000000
intlevel1                                     text         000000
intlevel2                                     text         000000
intlevel3                                     text         000000
isa$std                                       (abs)        000001
isa$xinst                                     (abs)        000000
main@buffer                                   cstackBANK0  000060
main@buffer2                                  cstackBANK0  000092
main@readData                                 cstackBANK0  0000C4
main@readData2                                cstackBANK0  0000C5
putch@txData                                  cstackCOMRAM 000002
rd1RegCompleteHandler@ptr                     cstackCOMRAM 00000A
rd2RegCompleteHandler@ptr                     cstackCOMRAM 00000A
rdBlkRegCompleteHandler@ptr                   cstackCOMRAM 00000A
sprintf@ap                                    cstackCOMRAM 00001F
sprintf@f                                     cstackCOMRAM 000020
sprintf@fmt                                   cstackCOMRAM 00001C
sprintf@s                                     cstackCOMRAM 00001B
stackhi                                       (abs)        000000
stacklo                                       (abs)        000000
start                                         init         00FFFC
start_initialization                          cinit        001F9A
vfpfcnvrt@ap                                  cstackCOMRAM 00000D
vfpfcnvrt@c                                   cstackCOMRAM 000016
vfpfcnvrt@convarg                             cstackCOMRAM 000010
vfpfcnvrt@cp                                  cstackCOMRAM 000015
vfpfcnvrt@fmt                                 cstackCOMRAM 00000C
vfpfcnvrt@fp                                  cstackCOMRAM 00000B
vfpfcnvrt@x                                   cstackCOMRAM 000014
vfprintf@ap                                   cstackCOMRAM 000019
vfprintf@cfmt                                 cstackCOMRAM 00001A
vfprintf@fmt                                  cstackCOMRAM 000018
vfprintf@fp                                   cstackCOMRAM 000017
wr1RegCompleteHandler@ptr                     cstackCOMRAM 00000A
wr2RegCompleteHandler@ptr                     cstackCOMRAM 00000A


MODULE INFORMATION

Module		Function		Class		Link	Load	Size
mcc_generated_files/examples/i2c1_master_example.c
		_wr1RegCompleteHandler		CODE           	1E06	0000	44
		_wr2RegCompleteHandler		CODE           	1E8A	0000	44
		_I2C1_ReadNBytes		CODE           	1CB8	0000	68
		_rdBlkRegCompleteHandler		CODE           	1C6E	0000	74
		_rd1RegCompleteHandler		CODE           	1E5E	0000	44
		_rd2RegCompleteHandler		CODE           	1E32	0000	44
		_I2C1_WriteNBytes		CODE           	1B78	0000	88

mcc_generated_files/examples/i2c1_master_example.c estimated size: 406

mcc_generated_files/i2c1_master.c
		_I2C1_DO_SEND_RESTART		CODE           	2200	0000	4
		_I2C1_MasterIsNackFlagSet		CODE           	20C2	0000	22
		_I2C1_DO_RX_EMPTY		CODE           	1654	0000	156
		_I2C1_DO_TX_EMPTY		CODE           	1816	0000	120
		_I2C1_DO_SEND_RESTART_READ		CODE           	212C	0000	12
		_I2C1_MasterClearNackFlag		CODE           	21F4	0000	6
		_I2C1_CallbackReturnStop		CODE           	220C	0000	4
		_I2C1_MasterRead		CODE           	219C	0000	8
		_I2C1_DO_RX    		CODE           	16F0	0000	152
		_I2C1_DO_TX    		CODE           	13E0	0000	286
		_I2C1_SetAddressNackCallback		CODE           	2024	0000	24
		_I2C1_DO_IDLE  		CODE           	216C	0000	10
		_I2C1_MasterOpen		CODE           	1DD8	0000	46
		_I2C1_MasterSendTxData		CODE           	2176	0000	10
		_I2C1_MasterStop		CODE           	21CA	0000	6
		_I2C1_MasterIsStopFlagSet		CODE           	20AC	0000	22
		_I2C1_CallbackReturnReset		CODE           	2208	0000	4
		_I2C1_DO_RESET 		CODE           	2110	0000	14
		_I2C1_Poller   		CODE           	1FD6	0000	28
		_I2C1_DO_RX_ACK		CODE           	21AC	0000	8
		_I2C1_DO_TX_ACK		CODE           	21B4	0000	8
		_I2C1_MasterWaitForEvent		CODE           	1B1C	0000	92
		_I2C1_MasterSendNack		CODE           	21D0	0000	6
		_I2C1_DO_RX_NACK_RESTART		CODE           	21A4	0000	8
		_I2C1_MasterDisableIrq		CODE           	1FB8	0000	30
		_I2C1_ClearInterruptFlags		CODE           	1BD0	0000	82
		_I2C1_MasterOperation		CODE           	1C22	0000	76
		_I2C1_MasterClearStopFlag		CODE           	21EE	0000	6
		_I2C1_SetCallback		CODE           	19E0	0000	110
		_I2C1_MasterEnableRestart		CODE           	21E2	0000	6
		_I2C1_MasterGetCounter		CODE           	21C4	0000	6
		_I2C1_MasterSetCounter		CODE           	2180	0000	10
		_I2C1_Open     		CODE           	1788	0000	142
		_I2C1_DO_ADDRESS_NACK		CODE           	1AB6	0000	102
		_I2C1_MasterDisableRestart		CODE           	21E8	0000	6
		_I2C1_MasterClearCountFlag		CODE           	21FA	0000	6
		_I2C1_SetBuffer		CODE           	1F78	0000	34
		_I2C1_DO_SEND_RESTART_WRITE		CODE           	2204	0000	4
		_I2C1_MasterIsTxBufEmpty		CODE           	206A	0000	22
		_I2C1_MasterClose		CODE           	2138	0000	12
		_I2C1_MasterWrite		CODE           	2194	0000	8
		_I2C1_Initialize		CODE           	1F56	0000	34
		_I2C1_Close    		CODE           	1EE0	0000	42
		_I2C1_MasterIsRxBufFull		CODE           	2096	0000	22
		_I2C1_MasterIsNack		CODE           	2080	0000	22
		_I2C1_DO_SEND_ADR_WRITE		CODE           	20EE	0000	20
		_I2C1_MasterClearIrq		CODE           	21BC	0000	8
		_I2C1_SetDataCompleteCallback		CODE           	203C	0000	24
		_I2C1_DO_SEND_STOP		CODE           	1F0A	0000	40
		_I2C1_DO_BUS_COLLISION		CODE           	1972	0000	110
		_I2C1_DO_BUS_ERROR		CODE           	2102	0000	14
		_I2C1_MasterSendAck		CODE           	21D6	0000	6
		_I2C1_MasterFsm		CODE           	1900	0000	114
		_I2C1_MasterGetRxData		CODE           	21DC	0000	6
		_I2C1_MasterResetBus		CODE           	218A	0000	10
		_I2C1_MasterIsCountFlagSet		CODE           	20D8	0000	22
		_I2C1_DO_SEND_ADR_READ		CODE           	1EB6	0000	42
		_I2C1_DO_RX_NACK_STOP		CODE           	211E	0000	14

mcc_generated_files/i2c1_master.c estimated size: 2268

mcc_generated_files/pin_manager.c
		_PIN_MANAGER_Initialize		CODE           	15AA	0000	170

mcc_generated_files/pin_manager.c estimated size: 170

C:\Program Files\Microchip\xc8\v2.45\pic\sources\c99\common\nf_sprintf.c
		_sprintf       		CODE           	1D74	0000	52

C:\Program Files\Microchip\xc8\v2.45\pic\sources\c99\common\nf_sprintf.c estimated size: 52

mcc_generated_files/uart1.c
		_UART1_Write   		CODE           	1FF2	0000	26
		_putch         		CODE           	2144	0000	10
		_UART1_SetFramingErrorHandler		CODE           	2158	0000	10
		_UART1_SetOverrunErrorHandler		CODE           	214E	0000	10
		_UART1_Initialize		CODE           	1A4E	0000	104
		_UART1_SetErrorHandler		CODE           	2162	0000	10

mcc_generated_files/uart1.c estimated size: 170

shared
		__initialization		CODE           	1F9A	0000	24
		_i2c1_fsmStateTable		SMALLCONST     	1001	0000	38

shared estimated size: 62

mcc_generated_files/mcc.c
		_PMD_Initialize		CODE           	1F32	0000	36
		_OSCILLATOR_Initialize		CODE           	200C	0000	24
		_SYSTEM_Initialize		CODE           	2054	0000	22

mcc_generated_files/mcc.c estimated size: 82

main.c
		_UART_SendString		CODE           	188E	0000	114
		_main          		CODE           	1294	0000	332
		_EEPROM_WriteByte		CODE           	1DA8	0000	48
		_EEPROM_ReadByte		CODE           	1D3E	0000	54

main.c estimated size: 548

C:\Program Files\Microchip\xc8\v2.45\pic\sources\c99\common\nf_fputc.c
		_fputc         		CODE           	14FE	0000	172

C:\Program Files\Microchip\xc8\v2.45\pic\sources\c99\common\nf_fputc.c estimated size: 172

C:\Program Files\Microchip\xc8\v2.45\pic\sources\c99\common\doprnt.c
		_vfpfcnvrt     		CODE           	10FE	0000	406
		_vfprintf      		CODE           	1CFC	0000	66

C:\Program Files\Microchip\xc8\v2.45\pic\sources\c99\common\doprnt.c estimated size: 472

