Microchip MPLAB XC8 Compiler V2.45

Linker command line:

-W-3 \
  --edf=C:\Program Files\Microchip\xc8\v2.45\pic\dat\20230818022343_en.msgs \
  -cn -h+dist/default/production\Practica3.X.production.sym \
  --cmf=dist/default/production\Practica3.X.production.cmf -z -Q18F46K42 \
  -oC:\Users\mesas\AppData\Local\Temp\xcAs5c8.\driver_tmp_3.o \
  --defsym=__MPLAB_BUILD=1 --fixupoverflow=error \
  -Mdist/default/production/Practica3.X.production.map \
  --md=C:\Users\mesas\AppData\Local\Temp\xcAs5c8.\driver_tmp_0.dat -E1 \
  -ver=XC8 Compiler --acfsm=1493 -ACODE=00h-0FFFFh -ACONST=00h-0FFFFh \
  -ASMALLCONST=01000h-010FFhx240 -AMEDIUMCONST=01000h-0FFFFh \
  -ACOMRAM=01h-05Fh -AABS1=00h-0FFFh -ABIGRAM=01h-0FFFh \
  -ARAM=060h-0FFh,0100h-01FFhx15 -ABANK0=060h-0FFh -ABANK1=0100h-01FFh \
  -ABANK2=0200h-02FFh -ABANK3=0300h-03FFh -ABANK4=0400h-04FFh \
  -ABANK5=0500h-05FFh -ABANK6=0600h-06FFh -ABANK7=0700h-07FFh \
  -ABANK8=0800h-08FFh -ABANK9=0900h-09FFh -ABANK10=0A00h-0AFFh \
  -ABANK11=0B00h-0BFFh -ABANK12=0C00h-0CFFh -ABANK13=0D00h-0DFFh \
  -ABANK14=0E00h-0EFFh -ABANK15=0F00h-0FFFh \
  -ASFR=03800h-038FFhx7,03F00h-03F5Fh,03F60h-03FFFh -ABIGSFR=03800h-03FFFh \
  -ACONFIG=0300000h-0300009h -AIDLOC=0200000h-020000Fh \
  -AEEDATA=0310000h-03103FFh -peeprom_data=EEDATA -preset_vec=00h \
  -ppowerup=CODE,init -pramtop=01000h -psmallconst=SMALLCONST \
  -pmediumconst=MEDIUMCONST -pconst=CONST -AFARRAM=00h-00h \
  -prdata=COMRAM,nvrram=COMRAM,nvbit=COMRAM,rbss=COMRAM,rbit=COMRAM \
  -pfarbss=FARRAM,fardata=FARRAM,nvFARRAM=FARRAM \
  -pintsave_regs=BIGRAM,bigbss=BIGRAM,bigdata=BIGRAM -pbss=RAM \
  -pidata=CODE,irdata=CODE,ibigdata=CODE,ifardata=CODE -prparam=COMRAM \
  C:\Users\mesas\AppData\Local\Temp\xcAs5c8.\driver_tmp_19.o \
  dist/default/production\Practica3.X.production.o 

Object code version is 3.11

Machine type is 18F46K42



                Name                               Link     Load   Length Selector   Space Scale
C:\Users\mesas\AppData\Local\Temp\xcAs5c8.\driver_tmp_19.o
                config                           300000   300000        A        0       4
                init                               FFFC     FFFC        4     7FFE       0
                reset_vec                             0        0        4        0       0
dist/default/production\Practica3.X.production.o
                config                           300000   300000        A        0       4
                mediumconst                        FE98     FE98      164     7F4C       0
                text130                            AE92     AE92        8     5749       0
                text129                            AF08     AF08        C     5784       0
                text128                            B07E     B07E       1E     583F       0
                text127                            B196     B196       2C     58CB       0
                text126                            AE50     AE50        6     5728       0
                text125                            AE56     AE56        6     572B       0
                text124                            AE5C     AE5C        6     572E       0
                text123                            AF6C     AF6C       16     57B6       0
                text122                            AF82     AF82       16     57C1       0
                text121                            AF98     AF98       16     57CC       0
                text120                            B698     B698       52     5B4C       0
                text119                            B0FC     B0FC       24     587E       0
                text118                            BD64     BD64       7E     5EB2       0
                text117                            B01C     B01C       18     580E       0
                text116                            B1C2     B1C2       2C     58E1       0
                text115                            B1EE     B1EE       2C     58F7       0
                text114                            B21A     B21A       2C     590D       0
                text113                            B246     B246       2C     5923       0
                text112                            B602     B602       4A     5B01       0
                text111                            AE40     AE40        4     5720       0
                text110                            AE44     AE44        4     5722       0
                text109                            AEC2     AEC2        A     5761       0
                text108                            AE62     AE62        6     5731       0
                text107                            AE68     AE68        6     5734       0
                text106                            AECC     AECC        A     5766       0
                text105                            AED6     AED6        A     576B       0
                text104                            AE6E     AE6E        6     5737       0
                text103                            AFAE     AFAE       16     57D7       0
                text102                            AE74     AE74        6     573A       0
                text101                            AE7A     AE7A        6     573D       0
                text100                            AE80     AE80        6     5740       0
                text99                             AE86     AE86        6     5743       0
                text98                             AFC4     AFC4       16     57E2       0
                text97                             AFDA     AFDA       16     57ED       0
                text96                             AE9A     AE9A        8     574D       0
                text95                             AF14     AF14        C     578A       0
                text94                             B272     B272       2E     5939       0
                text93                             AFF0     AFF0       16     57F8       0
                text92                             CD70     CD70      122     66B8       0
                text91                             BE72     BE72       9E     5F39       0
                text90                             BCE8     BCE8       7C     5E74       0
                text89                             BFAE     BFAE       A2     5FD7       0
                text88                             AF20     AF20        E     5790       0
                text87                             AE48     AE48        4     5724       0
                text86                             AE4C     AE4C        4     5726       0
                text85                             B144     B144       28     58A2       0
                text84                             AEA2     AEA2        8     5751       0
                text83                             AF2E     AF2E        E     5797       0
                text82                             AEAA     AEAA        8     5755       0
                text81                             AF3C     AF3C       10     579E       0
                text80                             B906     B906       68     5C83       0
                text79                             BB16     BB16       70     5D8B       0
                text78                             AF4C     AF4C       10     57A6       0
                text77                             BC6E     BC6E       7A     5E37       0
                text76                             B844     B844       5C     5C22       0
                text75                             B09C     B09C       1E     584E       0
                text74                             B6EA     B6EA       52     5B75       0
                text73                             AEB2     AEB2        8     5759       0
                text72                             B2A0     B2A0       2E     5950       0
                text71                             BDE2     BDE2       90     5EF1       0
                text70                             B034     B034       18     581A       0
                text69                             B96E     B96E       6A     5CB7       0
                text68                             AF5C     AF5C       10     57AE       0
                text67                             B064     B064       1A     5832       0
                text66                             BB86     BB86       72     5DC3       0
                text65                             C0F2     C0F2       A4     6079       0
                text64                             BF10     BF10       9E     5F88       0
                text63                             EF1A     EF1A      58C     778D       0
                text62                             AE8C     AE8C        6     5746       0
                text61                             CC60     CC60      110     6630       0
                text60                             C050     C050       A2     6028       0
                text59                             B9D8     B9D8       6A     5CEC       0
                text58                             D44A     D44A      22C     6A25       0
                text57                             C862     C862       F6     6431       0
                text56                             E22E     E22E      3DE     7117       0
                text55                             C5C0     C5C0       CC     62E0       0
                text54                             B466     B466       44     5A33       0
                text53                             C770     C770       F2     63B8       0
                text52                             B0DA     B0DA       22     586D       0
                text51                             B04C     B04C       18     5826       0
                text50                             C23A     C23A       AA     611D       0
                text49                             B120     B120       24     5890       0
                text48                             AEE0     AEE0        A     5770       0
                text47                             AEEA     AEEA        A     5775       0
                text46                             AEF4     AEF4        A     577A       0
                text45                             BA42     BA42       6A     5D21       0
                text44                             B006     B006       16     5803       0
                text43                             B792     B792       58     5BC9       0
                text42                             B2CE     B2CE       30     5967       0
                text41                             B424     B424       42     5A12       0
                text40                             BBF8     BBF8       76     5DFC       0
                text39                             DE94     DE94      39A     6F4A       0
                text38                             CE92     CE92      1B4     6749       0
                text37                             D8F6     D8F6      2CA     6C7B       0
                text36                             AEBA     AEBA        8     575D       0
                text35                             B4AA     B4AA       44     5A55       0
                text34                             B2FE     B2FE       36     597F       0
                text33                             B576     B576       46     5ABB       0
                text32                             C2E4     C2E4       AA     6172       0
                text31                             CA56     CA56      104     652B       0
                text30                             E60C     E60C      44E     7306       0
                text29                             B334     B334       38     599A       0
                text28                             EA5A     EA5A      4C0     752D       0
                text27                             B5BC     B5BC       46     5ADE       0
                text26                             CB5A     CB5A      106     65AD       0
                text25                             C958     C958       FE     64AC       0
                text24                             D238     D238      212     691C       0
                text23                             B73C     B73C       56     5B9E       0
                text22                             B7EA     B7EA       5A     5BF5       0
                text21                             AEFE     AEFE        A     577F       0
                text20                             C4FC     C4FC       C4     627E       0
                text19                             B3E4     B3E4       40     59F2       0
                text18                             B8A0     B8A0       66     5C50       0
                text17                             B4EE     B4EE       44     5A77       0
                text16                             F4A6     F4A6      9F2     7A53       0
                text15                             B16C     B16C       2A     58B6       0
                text14                             C43E     C43E       BE     621F       0
                text13                             D676     D676      280     6B3B       0
                text12                             B64C     B64C       4C     5B26       0
                text11                             B532     B532       44     5A99       0
                text10                             D046     D046      1F2     6823       0
                text9                              BAAC     BAAC       6A     5D56       0
                text8                              B36C     B36C       3A     59B6       0
                text7                              DBC0     DBC0      2D4     6DE0       0
                text6                              AE3A     AE3A        2     571D       0
                text5                              AE3C     AE3C        2     571E       0
                text4                              AE3E     AE3E        2     571F       0
                text3                              C196     C196       A4     60CB       0
                text2                              C38E     C38E       B0     61C7       0
                text1                              B3A6     B3A6       3E     59D3       0
                text0                              C68C     C68C       E4     6346       0
                cstackCOMRAM                          1        1       5D        1       1
                cstackBANK0                          60       60       6D       60       1
                cstackBANK1                         100      100      100      100       1
                cstackBANK2                         2CB      2CB       14      200       1
                bssBANK2                            200      200       CB      200       1
                bssBANK0                             CD       CD       20       60       1
                bssCOMRAM                            5E       5E        1        1       1
                cinit                              B0BA     B0BA       20     585D       0
                nvBANK2                             2DF      2DF        6      200       1

TOTAL           Name                               Link     Load   Length     Space
        CLASS   CODE           
                init                               FFFC     FFFC        4         0
                reset_vec                             0        0        4         0
                text130                            AE92     AE92        8         0
                text129                            AF08     AF08        C         0
                text128                            B07E     B07E       1E         0
                text127                            B196     B196       2C         0
                text126                            AE50     AE50        6         0
                text125                            AE56     AE56        6         0
                text124                            AE5C     AE5C        6         0
                text123                            AF6C     AF6C       16         0
                text122                            AF82     AF82       16         0
                text121                            AF98     AF98       16         0
                text120                            B698     B698       52         0
                text119                            B0FC     B0FC       24         0
                text118                            BD64     BD64       7E         0
                text117                            B01C     B01C       18         0
                text116                            B1C2     B1C2       2C         0
                text115                            B1EE     B1EE       2C         0
                text114                            B21A     B21A       2C         0
                text113                            B246     B246       2C         0
                text112                            B602     B602       4A         0
                text111                            AE40     AE40        4         0
                text110                            AE44     AE44        4         0
                text109                            AEC2     AEC2        A         0
                text108                            AE62     AE62        6         0
                text107                            AE68     AE68        6         0
                text106                            AECC     AECC        A         0
                text105                            AED6     AED6        A         0
                text104                            AE6E     AE6E        6         0
                text103                            AFAE     AFAE       16         0
                text102                            AE74     AE74        6         0
                text101                            AE7A     AE7A        6         0
                text100                            AE80     AE80        6         0
                text99                             AE86     AE86        6         0
                text98                             AFC4     AFC4       16         0
                text97                             AFDA     AFDA       16         0
                text96                             AE9A     AE9A        8         0
                text95                             AF14     AF14        C         0
                text94                             B272     B272       2E         0
                text93                             AFF0     AFF0       16         0
                text92                             CD70     CD70      122         0
                text91                             BE72     BE72       9E         0
                text90                             BCE8     BCE8       7C         0
                text89                             BFAE     BFAE       A2         0
                text88                             AF20     AF20        E         0
                text87                             AE48     AE48        4         0
                text86                             AE4C     AE4C        4         0
                text85                             B144     B144       28         0
                text84                             AEA2     AEA2        8         0
                text83                             AF2E     AF2E        E         0
                text82                             AEAA     AEAA        8         0
                text81                             AF3C     AF3C       10         0
                text80                             B906     B906       68         0
                text79                             BB16     BB16       70         0
                text78                             AF4C     AF4C       10         0
                text77                             BC6E     BC6E       7A         0
                text76                             B844     B844       5C         0
                text75                             B09C     B09C       1E         0
                text74                             B6EA     B6EA       52         0
                text73                             AEB2     AEB2        8         0
                text72                             B2A0     B2A0       2E         0
                text71                             BDE2     BDE2       90         0
                text70                             B034     B034       18         0
                text69                             B96E     B96E       6A         0
                text68                             AF5C     AF5C       10         0
                text67                             B064     B064       1A         0
                text66                             BB86     BB86       72         0
                text65                             C0F2     C0F2       A4         0
                text64                             BF10     BF10       9E         0
                text63                             EF1A     EF1A      58C         0
                text62                             AE8C     AE8C        6         0
                text61                             CC60     CC60      110         0
                text60                             C050     C050       A2         0
                text59                             B9D8     B9D8       6A         0
                text58                             D44A     D44A      22C         0
                text57                             C862     C862       F6         0
                text56                             E22E     E22E      3DE         0
                text55                             C5C0     C5C0       CC         0
                text54                             B466     B466       44         0
                text53                             C770     C770       F2         0
                text52                             B0DA     B0DA       22         0
                text51                             B04C     B04C       18         0
                text50                             C23A     C23A       AA         0
                text49                             B120     B120       24         0
                text48                             AEE0     AEE0        A         0
                text47                             AEEA     AEEA        A         0
                text46                             AEF4     AEF4        A         0
                text45                             BA42     BA42       6A         0
                text44                             B006     B006       16         0
                text43                             B792     B792       58         0
                text42                             B2CE     B2CE       30         0
                text41                             B424     B424       42         0
                text40                             BBF8     BBF8       76         0
                text39                             DE94     DE94      39A         0
                text38                             CE92     CE92      1B4         0
                text37                             D8F6     D8F6      2CA         0
                text36                             AEBA     AEBA        8         0
                text35                             B4AA     B4AA       44         0
                text34                             B2FE     B2FE       36         0
                text33                             B576     B576       46         0
                text32                             C2E4     C2E4       AA         0
                text31                             CA56     CA56      104         0
                text30                             E60C     E60C      44E         0
                text29                             B334     B334       38         0
                text28                             EA5A     EA5A      4C0         0
                text27                             B5BC     B5BC       46         0
                text26                             CB5A     CB5A      106         0
                text25                             C958     C958       FE         0
                text24                             D238     D238      212         0
                text23                             B73C     B73C       56         0
                text22                             B7EA     B7EA       5A         0
                text21                             AEFE     AEFE        A         0
                text20                             C4FC     C4FC       C4         0
                text19                             B3E4     B3E4       40         0
                text18                             B8A0     B8A0       66         0
                text17                             B4EE     B4EE       44         0
                text16                             F4A6     F4A6      9F2         0
                text15                             B16C     B16C       2A         0
                text14                             C43E     C43E       BE         0
                text13                             D676     D676      280         0
                text12                             B64C     B64C       4C         0
                text11                             B532     B532       44         0
                text10                             D046     D046      1F2         0
                text9                              BAAC     BAAC       6A         0
                text8                              B36C     B36C       3A         0
                text7                              DBC0     DBC0      2D4         0
                text6                              AE3A     AE3A        2         0
                text5                              AE3C     AE3C        2         0
                text4                              AE3E     AE3E        2         0
                text3                              C196     C196       A4         0
                text2                              C38E     C38E       B0         0
                text1                              B3A6     B3A6       3E         0
                text0                              C68C     C68C       E4         0
                cinit                              B0BA     B0BA       20         0

        CLASS   CONST          

        CLASS   SMALLCONST     

        CLASS   MEDIUMCONST    
                mediumconst                        FE98     FE98      164         0

        CLASS   COMRAM         
                cstackCOMRAM                          1        1       5D         1
                bssCOMRAM                            5E       5E        1         1

        CLASS   ABS1           

        CLASS   BIGRAM         

        CLASS   RAM            

        CLASS   BANK0          
                cstackBANK0                          60       60       6D         1
                bssBANK0                             CD       CD       20         1

        CLASS   BANK1          
                cstackBANK1                         100      100      100         1

        CLASS   BANK2          
                cstackBANK2                         2CB      2CB       14         1
                bssBANK2                            200      200       CB         1
                nvBANK2                             2DF      2DF        6         1

        CLASS   BANK3          

        CLASS   BANK4          

        CLASS   BANK5          

        CLASS   BANK6          

        CLASS   BANK7          

        CLASS   BANK8          

        CLASS   BANK9          

        CLASS   BANK10         

        CLASS   BANK11         

        CLASS   BANK12         

        CLASS   BANK13         

        CLASS   BANK14         

        CLASS   BANK15         

        CLASS   SFR            

        CLASS   BIGSFR         

        CLASS   CONFIG         
                config                           300000   300000        A         4

        CLASS   IDLOC          

        CLASS   EEDATA         

        CLASS   FARRAM         

        CLASS   HEAP           

        CLASS   STACK          



SEGMENTS        Name                           Load    Length   Top    Selector   Space  Class

                reset_vec                      000000  000004  000004         0       0  CODE    
                cstackCOMRAM                   000001  00005E  00005F         1       1  COMRAM  
                cstackBANK0                    000060  00008D  0000ED        60       1  BANK0   
                cstackBANK1                    000100  000100  000200       100       1  BANK1   
                bssBANK2                       000200  0000E5  0002E5       200       1  BANK2   
                text6                          00AE3A  000002  00AE3C      571D       0  CODE    
                text5                          00AE3C  000002  00AE3E      571E       0  CODE    
                text4                          00AE3E  000002  00AE40      571F       0  CODE    
                text111                        00AE40  000004  00AE44      5720       0  CODE    
                text110                        00AE44  000004  00AE48      5722       0  CODE    
                text87                         00AE48  000004  00AE4C      5724       0  CODE    
                text86                         00AE4C  000004  00AE50      5726       0  CODE    
                text126                        00AE50  000006  00AE56      5728       0  CODE    
                text125                        00AE56  000006  00AE5C      572B       0  CODE    
                text124                        00AE5C  000006  00AE62      572E       0  CODE    
                text108                        00AE62  000006  00AE68      5731       0  CODE    
                text107                        00AE68  000006  00AE6E      5734       0  CODE    
                text104                        00AE6E  000006  00AE74      5737       0  CODE    
                text102                        00AE74  000006  00AE7A      573A       0  CODE    
                text101                        00AE7A  000006  00AE80      573D       0  CODE    
                text100                        00AE80  000006  00AE86      5740       0  CODE    
                text99                         00AE86  000006  00AE8C      5743       0  CODE    
                text62                         00AE8C  000006  00AE92      5746       0  CODE    
                text130                        00AE92  000008  00AE9A      5749       0  CODE    
                text96                         00AE9A  000008  00AEA2      574D       0  CODE    
                text84                         00AEA2  000008  00AEAA      5751       0  CODE    
                text82                         00AEAA  000008  00AEB2      5755       0  CODE    
                text73                         00AEB2  000008  00AEBA      5759       0  CODE    
                text36                         00AEBA  000008  00AEC2      575D       0  CODE    
                text109                        00AEC2  00000A  00AECC      5761       0  CODE    
                text106                        00AECC  00000A  00AED6      5766       0  CODE    
                text105                        00AED6  00000A  00AEE0      576B       0  CODE    
                text48                         00AEE0  00000A  00AEEA      5770       0  CODE    
                text47                         00AEEA  00000A  00AEF4      5775       0  CODE    
                text46                         00AEF4  00000A  00AEFE      577A       0  CODE    
                text21                         00AEFE  00000A  00AF08      577F       0  CODE    
                text129                        00AF08  00000C  00AF14      5784       0  CODE    
                text95                         00AF14  00000C  00AF20      578A       0  CODE    
                text88                         00AF20  00000E  00AF2E      5790       0  CODE    
                text83                         00AF2E  00000E  00AF3C      5797       0  CODE    
                text81                         00AF3C  000010  00AF4C      579E       0  CODE    
                text78                         00AF4C  000010  00AF5C      57A6       0  CODE    
                text68                         00AF5C  000010  00AF6C      57AE       0  CODE    
                text123                        00AF6C  000016  00AF82      57B6       0  CODE    
                text122                        00AF82  000016  00AF98      57C1       0  CODE    
                text121                        00AF98  000016  00AFAE      57CC       0  CODE    
                text103                        00AFAE  000016  00AFC4      57D7       0  CODE    
                text98                         00AFC4  000016  00AFDA      57E2       0  CODE    
                text97                         00AFDA  000016  00AFF0      57ED       0  CODE    
                text93                         00AFF0  000016  00B006      57F8       0  CODE    
                text44                         00B006  000016  00B01C      5803       0  CODE    
                text117                        00B01C  000018  00B034      580E       0  CODE    
                text70                         00B034  000018  00B04C      581A       0  CODE    
                text51                         00B04C  000018  00B064      5826       0  CODE    
                text67                         00B064  00001A  00B07E      5832       0  CODE    
                text128                        00B07E  00001E  00B09C      583F       0  CODE    
                text75                         00B09C  00001E  00B0BA      584E       0  CODE    
                cinit                          00B0BA  000020  00B0DA      585D       0  CODE    
                text52                         00B0DA  000022  00B0FC      586D       0  CODE    
                text119                        00B0FC  000024  00B120      587E       0  CODE    
                text49                         00B120  000024  00B144      5890       0  CODE    
                text85                         00B144  000028  00B16C      58A2       0  CODE    
                text15                         00B16C  00002A  00B196      58B6       0  CODE    
                text127                        00B196  00002C  00B1C2      58CB       0  CODE    
                text116                        00B1C2  00002C  00B1EE      58E1       0  CODE    
                text115                        00B1EE  00002C  00B21A      58F7       0  CODE    
                text114                        00B21A  00002C  00B246      590D       0  CODE    
                text113                        00B246  00002C  00B272      5923       0  CODE    
                text94                         00B272  00002E  00B2A0      5939       0  CODE    
                text72                         00B2A0  00002E  00B2CE      5950       0  CODE    
                text42                         00B2CE  000030  00B2FE      5967       0  CODE    
                text34                         00B2FE  000036  00B334      597F       0  CODE    
                text29                         00B334  000038  00B36C      599A       0  CODE    
                text8                          00B36C  00003A  00B3A6      59B6       0  CODE    
                text1                          00B3A6  00003E  00B3E4      59D3       0  CODE    
                text19                         00B3E4  000040  00B424      59F2       0  CODE    
                text41                         00B424  000042  00B466      5A12       0  CODE    
                text54                         00B466  000044  00B4AA      5A33       0  CODE    
                text35                         00B4AA  000044  00B4EE      5A55       0  CODE    
                text17                         00B4EE  000044  00B532      5A77       0  CODE    
                text11                         00B532  000044  00B576      5A99       0  CODE    
                text33                         00B576  000046  00B5BC      5ABB       0  CODE    
                text27                         00B5BC  000046  00B602      5ADE       0  CODE    
                text112                        00B602  00004A  00B64C      5B01       0  CODE    
                text12                         00B64C  00004C  00B698      5B26       0  CODE    
                text120                        00B698  000052  00B6EA      5B4C       0  CODE    
                text74                         00B6EA  000052  00B73C      5B75       0  CODE    
                text23                         00B73C  000056  00B792      5B9E       0  CODE    
                text43                         00B792  000058  00B7EA      5BC9       0  CODE    
                text22                         00B7EA  00005A  00B844      5BF5       0  CODE    
                text76                         00B844  00005C  00B8A0      5C22       0  CODE    
                text18                         00B8A0  000066  00B906      5C50       0  CODE    
                text80                         00B906  000068  00B96E      5C83       0  CODE    
                text69                         00B96E  00006A  00B9D8      5CB7       0  CODE    
                text59                         00B9D8  00006A  00BA42      5CEC       0  CODE    
                text45                         00BA42  00006A  00BAAC      5D21       0  CODE    
                text9                          00BAAC  00006A  00BB16      5D56       0  CODE    
                text79                         00BB16  000070  00BB86      5D8B       0  CODE    
                text66                         00BB86  000072  00BBF8      5DC3       0  CODE    
                text40                         00BBF8  000076  00BC6E      5DFC       0  CODE    
                text77                         00BC6E  00007A  00BCE8      5E37       0  CODE    
                text90                         00BCE8  00007C  00BD64      5E74       0  CODE    
                text118                        00BD64  00007E  00BDE2      5EB2       0  CODE    
                text71                         00BDE2  000090  00BE72      5EF1       0  CODE    
                text91                         00BE72  00009E  00BF10      5F39       0  CODE    
                text64                         00BF10  00009E  00BFAE      5F88       0  CODE    
                text89                         00BFAE  0000A2  00C050      5FD7       0  CODE    
                text60                         00C050  0000A2  00C0F2      6028       0  CODE    
                text65                         00C0F2  0000A4  00C196      6079       0  CODE    
                text3                          00C196  0000A4  00C23A      60CB       0  CODE    
                text50                         00C23A  0000AA  00C2E4      611D       0  CODE    
                text32                         00C2E4  0000AA  00C38E      6172       0  CODE    
                text2                          00C38E  0000B0  00C43E      61C7       0  CODE    
                text14                         00C43E  0000BE  00C4FC      621F       0  CODE    
                text20                         00C4FC  0000C4  00C5C0      627E       0  CODE    
                text55                         00C5C0  0000CC  00C68C      62E0       0  CODE    
                text0                          00C68C  0000E4  00C770      6346       0  CODE    
                text53                         00C770  0000F2  00C862      63B8       0  CODE    
                text57                         00C862  0000F6  00C958      6431       0  CODE    
                text25                         00C958  0000FE  00CA56      64AC       0  CODE    
                text31                         00CA56  000104  00CB5A      652B       0  CODE    
                text26                         00CB5A  000106  00CC60      65AD       0  CODE    
                text61                         00CC60  000110  00CD70      6630       0  CODE    
                text92                         00CD70  000122  00CE92      66B8       0  CODE    
                text38                         00CE92  0001B4  00D046      6749       0  CODE    
                text10                         00D046  0001F2  00D238      6823       0  CODE    
                text24                         00D238  000212  00D44A      691C       0  CODE    
                text58                         00D44A  00022C  00D676      6A25       0  CODE    
                text13                         00D676  000280  00D8F6      6B3B       0  CODE    
                text37                         00D8F6  0002CA  00DBC0      6C7B       0  CODE    
                text7                          00DBC0  0002D4  00DE94      6DE0       0  CODE    
                text39                         00DE94  00039A  00E22E      6F4A       0  CODE    
                text56                         00E22E  0003DE  00E60C      7117       0  CODE    
                text30                         00E60C  00044E  00EA5A      7306       0  CODE    
                text28                         00EA5A  0004C0  00EF1A      752D       0  CODE    
                text63                         00EF1A  00058C  00F4A6      778D       0  CODE    
                text16                         00F4A6  0009F2  00FE98      7A53       0  CODE    
                mediumconst                    00FE98  000164  00FFFC      7F4C       0  MEDIUMCO
                init                           00FFFC  000004  010000      7FFE       0  CODE    


UNUSED ADDRESS RANGES

        Name                Unused          Largest block    Delta
        BANK0            0000ED-0000FF               13
        BANK10           000A00-000AFF              100
        BANK11           000B00-000BFF              100
        BANK12           000C00-000CFF              100
        BANK13           000D00-000DFF              100
        BANK14           000E00-000EFF              100
        BANK15           000F00-000FFF              100
        BANK2            0002E5-0002FF               1B
        BANK3            000300-0003FF              100
        BANK4            000400-0004FF              100
        BANK5            000500-0005FF              100
        BANK6            000600-0006FF              100
        BANK7            000700-0007FF              100
        BANK8            000800-0008FF              100
        BANK9            000900-0009FF              100
        BIGRAM           00005F-00005F                1
                         0000ED-0000FF               13
                         0002E5-000FFF              D1B
        BIGSFR           003800-003FFF              800
        CODE             000004-00AE39             AE36
        COMRAM           00005F-00005F                1
        CONST            000004-00AE39             AE36
        EEDATA           310000-3103FF              400
        IDLOC            200000-20000F               10
        MEDIUMCONST      001000-00AE39             9E3A
        RAM              0000ED-0000FF               13
                         0002E5-000FFF              100
        SFR              003800-003FFF              100
        SMALLCONST       001000-00AE39              100

                                  Symbol Table

?___fladd                                     cstackCOMRAM 000001
?___fldiv                                     cstackCOMRAM 00000F
?___flmul                                     cstackCOMRAM 000001
?___flneg                                     cstackCOMRAM 000001
?___flsub                                     cstackCOMRAM 00001A
?___fltol                                     cstackCOMRAM 000001
?___fpclassifyf                               cstackCOMRAM 000001
?___lldiv                                     cstackCOMRAM 000001
?___lmul                                      cstackCOMRAM 000001
?___omul                                      cstackCOMRAM 000001
?___strtoxll                                  cstackCOMRAM 000019
?___wmul                                      cstackCOMRAM 000001
?___xxtofl                                    cstackCOMRAM 000001
?_atou                                        cstackCOMRAM 000049
?_fgetc                                       cstackCOMRAM 000003
?_floorf                                      cstackCOMRAM 000028
?_getch                                       cstackCOMRAM 000001
?_labs                                        cstackCOMRAM 000001
?_read_prec_or_width                          cstackCOMRAM 000007
?_sprintf                                     cstackBANK0  000093
?_sscanf                                      cstackBANK0  000079
?_strncmp                                     cstackCOMRAM 000001
?_vfprintf                                    cstackBANK0  00008F
?_vfscanf                                     cstackBANK0  00006F
?_vfsfcnvrt                                   cstackCOMRAM 00005B
EEPROM_ReadBlock@data                         cstackCOMRAM 000023
EEPROM_ReadBlock@deviceAddress                cstackCOMRAM 000027
EEPROM_ReadBlock@i                            cstackCOMRAM 000028
EEPROM_ReadBlock@memoryAddress                cstackCOMRAM 000021
EEPROM_ReadBlock@size                         cstackCOMRAM 000025
EEPROM_ReadByte@addressBuffer                 cstackCOMRAM 00001D
EEPROM_ReadByte@data                          cstackCOMRAM 000020
EEPROM_ReadByte@deviceAddress                 cstackCOMRAM 00001F
EEPROM_ReadByte@memoryAddress                 cstackCOMRAM 00001B
EEPROM_WriteBlock@data                        cstackCOMRAM 000025
EEPROM_WriteBlock@deviceAddress               cstackCOMRAM 000028
EEPROM_WriteBlock@i                           cstackCOMRAM 000029
EEPROM_WriteBlock@memoryAddress               cstackCOMRAM 000023
EEPROM_WriteBlock@size                        cstackCOMRAM 000027
EEPROM_WriteByte@buffer                       cstackCOMRAM 000020
EEPROM_WriteByte@data                         cstackCOMRAM 00001D
EEPROM_WriteByte@deviceAddress                cstackCOMRAM 00001F
EEPROM_WriteByte@memoryAddress                cstackCOMRAM 00001B
I2C1_CallbackReturnReset@funPtr               cstackCOMRAM 00000A
I2C1_Close@returnValue                        cstackCOMRAM 000001
I2C1_DO_RX@retFsmState                        cstackCOMRAM 000011
I2C1_DO_TX@dataTx                             cstackCOMRAM 00000F
I2C1_DO_TX@retFsmState                        cstackCOMRAM 000010
I2C1_MasterOperation@read                     cstackCOMRAM 000015
I2C1_MasterOperation@returnValue              cstackCOMRAM 000016
I2C1_MasterSendTxData@data                    cstackCOMRAM 000001
I2C1_MasterSetCounter@counter                 cstackCOMRAM 000001
I2C1_Open@address                             cstackCOMRAM 000001
I2C1_Open@returnValue                         cstackCOMRAM 000002
I2C1_ReadDataBlock@address                    cstackCOMRAM 00001B
I2C1_ReadDataBlock@bufferBlock                cstackCOMRAM 00001C
I2C1_ReadDataBlock@data                       cstackCOMRAM 000018
I2C1_ReadDataBlock@len                        cstackCOMRAM 000019
I2C1_ReadDataBlock@reg                        cstackCOMRAM 000017
I2C1_ReadNBytes@address                       cstackCOMRAM 00001A
I2C1_ReadNBytes@data                          cstackCOMRAM 000017
I2C1_ReadNBytes@len                           cstackCOMRAM 000018
I2C1_SetAddressNackCallback@cb                cstackCOMRAM 000006
I2C1_SetAddressNackCallback@ptr               cstackCOMRAM 000008
I2C1_SetBuffer@buffer                         cstackCOMRAM 000001
I2C1_SetBuffer@bufferSize                     cstackCOMRAM 000003
I2C1_SetCallback@cb                           cstackCOMRAM 000001
I2C1_SetCallback@idx                          cstackCOMRAM 000005
I2C1_SetCallback@ptr                          cstackCOMRAM 000003
I2C1_SetDataCompleteCallback@cb               cstackCOMRAM 000006
I2C1_SetDataCompleteCallback@ptr              cstackCOMRAM 000008
I2C1_Write1ByteRegister@address               cstackCOMRAM 000019
I2C1_Write1ByteRegister@data                  cstackCOMRAM 000018
I2C1_Write1ByteRegister@reg                   cstackCOMRAM 000017
I2C1_WriteNBytes@address                      cstackCOMRAM 00001A
I2C1_WriteNBytes@data                         cstackCOMRAM 000017
I2C1_WriteNBytes@len                          cstackCOMRAM 000018
MPU6050_ReadSensorData@ax                     cstackCOMRAM 000028
MPU6050_ReadSensorData@ax_raw                 cstackCOMRAM 00003F
MPU6050_ReadSensorData@ay                     cstackCOMRAM 000029
MPU6050_ReadSensorData@ay_raw                 cstackCOMRAM 000041
MPU6050_ReadSensorData@az                     cstackCOMRAM 00002A
MPU6050_ReadSensorData@az_raw                 cstackCOMRAM 000043
MPU6050_ReadSensorData@buffer                 cstackCOMRAM 000033
MPU6050_ReadSensorData@gx                     cstackCOMRAM 00002B
MPU6050_ReadSensorData@gx_raw                 cstackCOMRAM 000045
MPU6050_ReadSensorData@gy                     cstackCOMRAM 00002D
MPU6050_ReadSensorData@gy_raw                 cstackCOMRAM 000047
MPU6050_ReadSensorData@gz                     cstackCOMRAM 00002F
MPU6050_ReadSensorData@gz_raw                 cstackCOMRAM 000049
ParseUserInput@Ndat                           cstackBANK0  000092
ParseUserInput@Tm                             cstackBANK0  000090
ParseUserInput@frequencyHz                    cstackBANK0  000093
ParseUserInput@input                          cstackBANK0  00008E
ReadAndSendEEPROMData@Ndat                    cstackBANK0  0000AF
ReadAndSendEEPROMData@ax_read                 cstackBANK1  0001E4
ReadAndSendEEPROMData@ay_read                 cstackBANK1  0001E8
ReadAndSendEEPROMData@az_read                 cstackBANK1  0001EC
ReadAndSendEEPROMData@buffer                  cstackBANK1  000100
ReadAndSendEEPROMData@eepromReadBuffer        cstackBANK1  0001C8
ReadAndSendEEPROMData@gx_read                 cstackBANK1  0001F0
ReadAndSendEEPROMData@gy_read                 cstackBANK1  0001F4
ReadAndSendEEPROMData@gz_read                 cstackBANK1  0001F8
ReadAndSendEEPROMData@i                       cstackBANK1  0001E0
ReadAndSendEEPROMData@readBlockEEPROM1        cstackBANK1  0001FC
ReadAndSendEEPROMData@readBlockEEPROM2        cstackBANK1  0001FE
ReadAndSendEEPROMData@startAddressEEPROM1     cstackBANK0  0000B3
ReadAndSendEEPROMData@startAddressEEPROM2     cstackBANK0  0000B5
StartLogging@loggedDataCount                  cstackBANK0  0000C9
StartLogging@startReadAddressEEPROM1          cstackBANK0  0000B9
StartLogging@startReadAddressEEPROM2          cstackBANK0  0000BD
UART1_SetErrorHandler@interruptHandler        cstackCOMRAM 000001
UART1_SetFramingErrorHandler@interruptHandler cstackCOMRAM 000001
UART1_SetOverrunErrorHandler@interruptHandler cstackCOMRAM 000001
UART1_Write@txData                            cstackCOMRAM 000001
UART_ReceiveString@data                       cstackCOMRAM 000009
UART_ReceiveString@index                      cstackCOMRAM 00000A
UART_ReceiveString@maxLength                  cstackCOMRAM 000003
UART_ReceiveString@receivedString             cstackCOMRAM 000001
UART_SendString@str                           cstackCOMRAM 000002
_ANSELA                                       (abs)        003A40
_ANSELB                                       (abs)        003A50
_ANSELC                                       (abs)        003A60
_ANSELD                                       (abs)        003A70
_ANSELE                                       (abs)        003A80
_EEPROM_ReadBlock                             text33       00B576
_EEPROM_ReadByte                              text34       00B2FE
_EEPROM_WriteBlock                            text41       00B424
_EEPROM_WriteByte                             text42       00B2CE
_I2C1CLK                                      (abs)        003D7B
_I2C1CNT                                      (abs)        003D6C
_I2C1CON0                                     (abs)        003D73
_I2C1CON0bits                                 (abs)        003D73
_I2C1CON1                                     (abs)        003D74
_I2C1CON1bits                                 (abs)        003D74
_I2C1CON2                                     (abs)        003D75
_I2C1ERR                                      (abs)        003D76
_I2C1ERRbits                                  (abs)        003D76
_I2C1PIE                                      (abs)        003D7A
_I2C1PIEbits                                  (abs)        003D7A
_I2C1PIR                                      (abs)        003D79
_I2C1PIRbits                                  (abs)        003D79
_I2C1RXB                                      (abs)        003D6A
_I2C1SCLPPS                                   (abs)        003AE1
_I2C1SDAPPS                                   (abs)        003AE2
_I2C1STAT1bits                                (abs)        003D78
_I2C1TXB                                      (abs)        003D6B
_I2C1_CallbackReturnReset                     text110      00AE44
_I2C1_CallbackReturnStop                      text111      00AE40
_I2C1_ClearInterruptFlags                     text120      00B698
_I2C1_Close                                   text127      00B196
_I2C1_DO_ADDRESS_NACK                         text80       00B906
_I2C1_DO_BUS_COLLISION                        text79       00BB16
_I2C1_DO_BUS_ERROR                            text78       00AF4C
_I2C1_DO_IDLE                                 text95       00AF14
_I2C1_DO_RESET                                text81       00AF3C
_I2C1_DO_RX                                   text91       00BE72
_I2C1_DO_RX_ACK                               text84       00AEA2
_I2C1_DO_RX_EMPTY                             text89       00BFAE
_I2C1_DO_RX_NACK_RESTART                      text82       00AEAA
_I2C1_DO_RX_NACK_STOP                         text83       00AF2E
_I2C1_DO_SEND_ADR_READ                        text94       00B272
_I2C1_DO_SEND_ADR_WRITE                       text93       00AFF0
_I2C1_DO_SEND_RESTART                         text86       00AE4C
_I2C1_DO_SEND_RESTART_READ                    text88       00AF20
_I2C1_DO_SEND_RESTART_WRITE                   text87       00AE48
_I2C1_DO_SEND_STOP                            text85       00B144
_I2C1_DO_TX                                   text92       00CD70
_I2C1_DO_TX$1073                              cstackCOMRAM 000011
_I2C1_DO_TX_ACK                               text96       00AE9A
_I2C1_DO_TX_EMPTY                             text90       00BCE8
_I2C1_Initialize                              text52       00B0DA
_I2C1_MasterClearCountFlag                    text126      00AE50
_I2C1_MasterClearIrq                          text130      00AE92
_I2C1_MasterClearNackFlag                     text125      00AE56
_I2C1_MasterClearStopFlag                     text124      00AE5C
_I2C1_MasterClose                             text129      00AF08
_I2C1_MasterDisableIrq                        text128      00B07E
_I2C1_MasterDisableRestart                    text108      00AE62
_I2C1_MasterEnableRestart                     text107      00AE68
_I2C1_MasterFsm                               text77       00BC6E
_I2C1_MasterGetCounter                        text99       00AE86
_I2C1_MasterGetRxData                         text104      00AE6E
_I2C1_MasterIsCountFlagSet                    text123      00AF6C
_I2C1_MasterIsNack                            text98       00AFC4
_I2C1_MasterIsNackFlagSet                     text122      00AF82
_I2C1_MasterIsRxBufFull                       text103      00AFAE
_I2C1_MasterIsStopFlagSet                     text121      00AF98
_I2C1_MasterIsTxBufEmpty                      text97       00AFDA
_I2C1_MasterOpen                              text72       00B2A0
_I2C1_MasterOperation                         text74       00B6EA
_I2C1_MasterRead                              text36       00AEBA
_I2C1_MasterResetBus                          text109      00AEC2
_I2C1_MasterSendAck                           text102      00AE74
_I2C1_MasterSendNack                          text101      00AE7A
_I2C1_MasterSendTxData                        text105      00AED6
_I2C1_MasterSetCounter                        text106      00AECC
_I2C1_MasterStop                              text100      00AE80
_I2C1_MasterWaitForEvent                      text76       00B844
_I2C1_MasterWrite                             text73       00AEB2
_I2C1_Open                                    text71       00BDE2
_I2C1_Poller                                  text75       00B09C
_I2C1_ReadDataBlock                           text40       00BBF8
_I2C1_ReadNBytes                              text35       00B4AA
_I2C1_SetAddressNackCallback                  text70       00B034
_I2C1_SetBuffer                               text119      00B0FC
_I2C1_SetCallback                             text118      00BD64
_I2C1_SetDataCompleteCallback                 text117      00B01C
_I2C1_Status                                  bssBANK2     000200
_I2C1_Write1ByteRegister                      text69       00B96E
_I2C1_WriteNBytes                             text43       00B792
_INLVLA                                       (abs)        003A44
_INLVLB                                       (abs)        003A54
_INLVLC                                       (abs)        003A64
_INLVLD                                       (abs)        003A74
_INLVLE                                       (abs)        003A84
_LATA                                         (abs)        003FBA
_LATB                                         (abs)        003FBB
_LATC                                         (abs)        003FBC
_LATD                                         (abs)        003FBD
_LATE                                         (abs)        003FBE
_MPU6050_Init                                 text68       00AF5C
_MPU6050_ReadSensorData                       text37       00D8F6
_Ndat                                         bssBANK0     0000E9
_ODCONA                                       (abs)        003A42
_ODCONB                                       (abs)        003A52
_ODCONC                                       (abs)        003A62
_ODCOND                                       (abs)        003A72
_ODCONE                                       (abs)        003A82
_OSCCON1                                      (abs)        0039D9
_OSCCON3                                      (abs)        0039DB
_OSCEN                                        (abs)        0039DD
_OSCFRQ                                       (abs)        0039DF
_OSCILLATOR_Initialize                        text51       00B04C
_OSCTUNE                                      (abs)        0039DE
_PIE2bits                                     (abs)        003992
_PIE3bits                                     (abs)        003993
_PIN_MANAGER_Initialize                       text50       00C23A
_PIR2bits                                     (abs)        0039A2
_PIR3bits                                     (abs)        0039A3
_PMD0                                         (abs)        0039C0
_PMD1                                         (abs)        0039C1
_PMD2                                         (abs)        0039C2
_PMD3                                         (abs)        0039C3
_PMD4                                         (abs)        0039C4
_PMD5                                         (abs)        0039C5
_PMD6                                         (abs)        0039C6
_PMD7                                         (abs)        0039C7
_PMD_Initialize                               text49       00B120
_ParseUserInput                               text53       00C770
_RB1I2C                                       (abs)        003A5A
_RB1PPS                                       (abs)        003A09
_RB2I2C                                       (abs)        003A5B
_RB2PPS                                       (abs)        003A0A
_RC3I2C                                       (abs)        003A6A
_RC4I2C                                       (abs)        003A6B
_RC6PPS                                       (abs)        003A16
_RD0I2C                                       (abs)        003A7A
_RD1I2C                                       (abs)        003A7B
_ReadAndSendEEPROMData                        text10       00D046
_SLRCONA                                      (abs)        003A43
_SLRCONB                                      (abs)        003A53
_SLRCONC                                      (abs)        003A63
_SLRCOND                                      (abs)        003A73
_SLRCONE                                      (abs)        003A83
_SYSTEM_Initialize                            text44       00B006
_StartLogging                                 text7        00DBC0
_StartLogging$1435                            cstackBANK0  0000C1
_StartLogging$1437                            cstackBANK0  0000C5
_TRISA                                        (abs)        003FC2
_TRISB                                        (abs)        003FC3
_TRISC                                        (abs)        003FC4
_TRISD                                        (abs)        003FC5
_TRISE                                        (abs)        003FC6
_Tm                                           bssBANK2     0002C7
_U1BRGH                                       (abs)        003DF6
_U1BRGL                                       (abs)        003DF5
_U1CON0                                       (abs)        003DF2
_U1CON0bits                                   (abs)        003DF2
_U1CON1                                       (abs)        003DF3
_U1CON2                                       (abs)        003DF4
_U1ERRIE                                      (abs)        003DFA
_U1ERRIR                                      (abs)        003DF9
_U1ERRIRbits                                  (abs)        003DF9
_U1FIFO                                       (abs)        003DF7
_U1P1H                                        (abs)        003DED
_U1P1L                                        (abs)        003DEC
_U1P2H                                        (abs)        003DEF
_U1P2L                                        (abs)        003DEE
_U1P3H                                        (abs)        003DF1
_U1P3L                                        (abs)        003DF0
_U1RXB                                        (abs)        003DE8
_U1RXPPS                                      (abs)        003AE5
_U1TXB                                        (abs)        003DEA
_U1UIR                                        (abs)        003DF8
_UART1_DefaultErrorHandler                    text6        00AE3A
_UART1_DefaultFramingErrorHandler             text5        00AE3C
_UART1_DefaultOverrunErrorHandler             text4        00AE3E
_UART1_ErrorHandler                           nvBANK2      0002DF
_UART1_FramingErrorHandler                    nvBANK2      0002E3
_UART1_Initialize                             text45       00BA42
_UART1_OverrunErrorHandler                    nvBANK2      0002E1
_UART1_Read                                   text3        00C196
_UART1_SetErrorHandler                        text48       00AEE0
_UART1_SetFramingErrorHandler                 text47       00AEEA
_UART1_SetOverrunErrorHandler                 text46       00AEF4
_UART1_Write                                  text67       00B064
_UART_ReceiveString                           text2        00C38E
_UART_SendString                              text66       00BB86
_WPUA                                         (abs)        003A41
_WPUB                                         (abs)        003A51
_WPUC                                         (abs)        003A61
_WPUD                                         (abs)        003A71
_WPUE                                         (abs)        003A81
__HRAM                                        (abs)        000000
__H__absolute__                               __absolute__ 000000
__Habs1                                       abs1         000000
__Hbank0                                      bank0        000000
__Hbank1                                      bank1        000000
__Hbank10                                     bank10       000000
__Hbank11                                     bank11       000000
__Hbank12                                     bank12       000000
__Hbank13                                     bank13       000000
__Hbank14                                     bank14       000000
__Hbank15                                     bank15       000000
__Hbank2                                      bank2        000000
__Hbank3                                      bank3        000000
__Hbank4                                      bank4        000000
__Hbank5                                      bank5        000000
__Hbank6                                      bank6        000000
__Hbank7                                      bank7        000000
__Hbank8                                      bank8        000000
__Hbank9                                      bank9        000000
__Hbigbss                                     bigbss       000000
__Hbigdata                                    bigdata      000000
__Hbigram                                     bigram       000000
__Hbigsfr                                     bigsfr       000000
__Hbss                                        bss          000000
__HbssBANK0                                   bssBANK0     000000
__HbssBANK2                                   bssBANK2     000000
__HbssCOMRAM                                  bssCOMRAM    000000
__Hcinit                                      cinit        000000
__Hclrtext                                    clrtext      000000
__Hcomram                                     comram       000000
__Hconfig                                     config       30000A
__Hconst                                      const        000000
__HcstackBANK0                                cstackBANK0  000000
__HcstackBANK1                                cstackBANK1  000000
__HcstackBANK2                                cstackBANK2  000000
__HcstackCOMRAM                               cstackCOMRAM 000000
__Hdata                                       data         000000
__Heeprom_data                                eeprom_data  000000
__Hfarbss                                     farbss       000000
__Hfardata                                    fardata      000000
__Hheap                                       heap         000000
__Hibigdata                                   ibigdata     000000
__Hidata                                      idata        000000
__Hidloc                                      idloc        000000
__Hifardata                                   ifardata     000000
__Hinit                                       init         010000
__Hintsave_regs                               intsave_regs 000000
__Hirdata                                     irdata       000000
__Hmediumconst                                mediumconst  00FFFC
__HnvBANK2                                    nvBANK2      000000
__HnvFARRAM                                   nvFARRAM     000000
__Hnvbit                                      nvbit        000000
__Hnvrram                                     nvrram       000000
__Hparam                                      rparam       000000
__Hpowerup                                    powerup      000000
__Hram                                        ram          000000
__Hramtop                                     ramtop       001000
__Hrbit                                       rbit         000000
__Hrbss                                       rbss         000000
__Hrdata                                      rdata        000000
__Hreset_vec                                  reset_vec    000004
__Hrparam                                     rparam       000000
__Hsfr                                        sfr          000000
__Hsmallconst                                 smallconst   000000
__Hspace_0                                    (abs)        010000
__Hspace_1                                    (abs)        0002E5
__Hspace_2                                    (abs)        000000
__Hspace_4                                    (abs)        60000A
__Hstack                                      stack        000000
__Hstruct                                     struct       000000
__Htemp                                       temp         000000
__Htext                                       text         000000
__Htext0                                      text0        000000
__Htext1                                      text1        000000
__Htext10                                     text10       000000
__Htext100                                    text100      000000
__Htext101                                    text101      000000
__Htext102                                    text102      000000
__Htext103                                    text103      000000
__Htext104                                    text104      000000
__Htext105                                    text105      000000
__Htext106                                    text106      000000
__Htext107                                    text107      000000
__Htext108                                    text108      000000
__Htext109                                    text109      000000
__Htext11                                     text11       000000
__Htext110                                    text110      000000
__Htext111                                    text111      000000
__Htext112                                    text112      000000
__Htext113                                    text113      000000
__Htext114                                    text114      000000
__Htext115                                    text115      000000
__Htext116                                    text116      000000
__Htext117                                    text117      000000
__Htext118                                    text118      000000
__Htext119                                    text119      000000
__Htext12                                     text12       000000
__Htext120                                    text120      000000
__Htext121                                    text121      000000
__Htext122                                    text122      000000
__Htext123                                    text123      000000
__Htext124                                    text124      000000
__Htext125                                    text125      000000
__Htext126                                    text126      000000
__Htext127                                    text127      000000
__Htext128                                    text128      000000
__Htext129                                    text129      000000
__Htext13                                     text13       000000
__Htext130                                    text130      000000
__Htext131                                    text131      000000
__Htext14                                     text14       000000
__Htext15                                     text15       000000
__Htext16                                     text16       000000
__Htext17                                     text17       000000
__Htext18                                     text18       000000
__Htext19                                     text19       000000
__Htext2                                      text2        000000
__Htext20                                     text20       000000
__Htext21                                     text21       000000
__Htext22                                     text22       000000
__Htext23                                     text23       000000
__Htext24                                     text24       000000
__Htext25                                     text25       000000
__Htext26                                     text26       000000
__Htext27                                     text27       000000
__Htext28                                     text28       000000
__Htext29                                     text29       000000
__Htext3                                      text3        000000
__Htext30                                     text30       000000
__Htext31                                     text31       000000
__Htext32                                     text32       000000
__Htext33                                     text33       000000
__Htext34                                     text34       000000
__Htext35                                     text35       000000
__Htext36                                     text36       000000
__Htext37                                     text37       000000
__Htext38                                     text38       000000
__Htext39                                     text39       000000
__Htext4                                      text4        000000
__Htext40                                     text40       000000
__Htext41                                     text41       000000
__Htext42                                     text42       000000
__Htext43                                     text43       000000
__Htext44                                     text44       000000
__Htext45                                     text45       000000
__Htext46                                     text46       000000
__Htext47                                     text47       000000
__Htext48                                     text48       000000
__Htext49                                     text49       000000
__Htext5                                      text5        000000
__Htext50                                     text50       000000
__Htext51                                     text51       000000
__Htext52                                     text52       000000
__Htext53                                     text53       000000
__Htext54                                     text54       000000
__Htext55                                     text55       000000
__Htext56                                     text56       000000
__Htext57                                     text57       000000
__Htext58                                     text58       000000
__Htext59                                     text59       000000
__Htext6                                      text6        000000
__Htext60                                     text60       000000
__Htext61                                     text61       000000
__Htext62                                     text62       000000
__Htext63                                     text63       000000
__Htext64                                     text64       000000
__Htext65                                     text65       000000
__Htext66                                     text66       000000
__Htext67                                     text67       000000
__Htext68                                     text68       000000
__Htext69                                     text69       000000
__Htext7                                      text7        000000
__Htext70                                     text70       000000
__Htext71                                     text71       000000
__Htext72                                     text72       000000
__Htext73                                     text73       000000
__Htext74                                     text74       000000
__Htext75                                     text75       000000
__Htext76                                     text76       000000
__Htext77                                     text77       000000
__Htext78                                     text78       000000
__Htext79                                     text79       000000
__Htext8                                      text8        000000
__Htext80                                     text80       000000
__Htext81                                     text81       000000
__Htext82                                     text82       000000
__Htext83                                     text83       000000
__Htext84                                     text84       000000
__Htext85                                     text85       000000
__Htext86                                     text86       000000
__Htext87                                     text87       000000
__Htext88                                     text88       000000
__Htext89                                     text89       000000
__Htext9                                      text9        000000
__Htext90                                     text90       000000
__Htext91                                     text91       000000
__Htext92                                     text92       000000
__Htext93                                     text93       000000
__Htext94                                     text94       000000
__Htext95                                     text95       000000
__Htext96                                     text96       000000
__Htext97                                     text97       000000
__Htext98                                     text98       000000
__Htext99                                     text99       000000
__LRAM                                        (abs)        000001
__L__absolute__                               __absolute__ 000000
__Labs1                                       abs1         000000
__Lbank0                                      bank0        000000
__Lbank1                                      bank1        000000
__Lbank10                                     bank10       000000
__Lbank11                                     bank11       000000
__Lbank12                                     bank12       000000
__Lbank13                                     bank13       000000
__Lbank14                                     bank14       000000
__Lbank15                                     bank15       000000
__Lbank2                                      bank2        000000
__Lbank3                                      bank3        000000
__Lbank4                                      bank4        000000
__Lbank5                                      bank5        000000
__Lbank6                                      bank6        000000
__Lbank7                                      bank7        000000
__Lbank8                                      bank8        000000
__Lbank9                                      bank9        000000
__Lbigbss                                     bigbss       000000
__Lbigdata                                    bigdata      000000
__Lbigram                                     bigram       000000
__Lbigsfr                                     bigsfr       000000
__Lbss                                        bss          000000
__LbssBANK0                                   bssBANK0     000000
__LbssBANK2                                   bssBANK2     000000
__LbssCOMRAM                                  bssCOMRAM    000000
[...]
atou@c                                        cstackCOMRAM 000059
atou@ep                                       cstackCOMRAM 000053
atou@fp                                       cstackCOMRAM 000049
atou@i                                        cstackCOMRAM 000057
atou@pll                                      cstackCOMRAM 00004A
atou@w                                        cstackCOMRAM 000055
custom_delay_ms@milliseconds                  cstackCOMRAM 000001
efgtoa@c                                      cstackCOMRAM 000041
efgtoa@d                                      cstackBANK0  00006B
efgtoa@e                                      cstackBANK0  00006F
efgtoa@f                                      cstackCOMRAM 00003D
efgtoa@fp                                     cstackCOMRAM 00003C
efgtoa@g                                      cstackBANK0  000082
efgtoa@h                                      cstackBANK0  000079
efgtoa@i                                      cstackBANK0  000077
efgtoa@l                                      cstackBANK0  00007D
efgtoa@m                                      cstackBANK0  00006D
efgtoa@mode                                   cstackBANK0  000069
efgtoa@n                                      cstackBANK0  000086
efgtoa@ne                                     cstackBANK0  000060
efgtoa@nmode                                  cstackBANK0  00006A
efgtoa@ou                                     cstackBANK0  000073
efgtoa@p                                      cstackBANK0  000062
efgtoa@pp                                     cstackBANK0  000068
efgtoa@sign                                   cstackBANK0  000081
efgtoa@t                                      cstackBANK0  000064
efgtoa@u                                      cstackBANK0  000088
efgtoa@w                                      cstackBANK0  000071
end_of_initialization                         cinit        00B0D4
fgetc@c                                       cstackCOMRAM 00000A
fgetc@fp                                      cstackCOMRAM 000003
floorf@F521                                   bssBANK2     000224
floorf@e                                      cstackCOMRAM 000036
floorf@m                                      cstackCOMRAM 000032
floorf@u                                      cstackCOMRAM 000038
floorf@x                                      cstackCOMRAM 000028
fputc@c                                       cstackCOMRAM 000003
fputc@fp                                      cstackCOMRAM 000005
fputs@c                                       cstackCOMRAM 00000E
fputs@fp                                      cstackCOMRAM 00000D
fputs@i                                       cstackCOMRAM 00000F
fputs@s                                       cstackCOMRAM 00000B
intlevel0                                     text         000000
intlevel1                                     text         000000
intlevel2                                     text         000000
intlevel3                                     text         000000
isa$std                                       (abs)        000001
isa$xinst                                     (abs)        000000
labs@a                                        cstackCOMRAM 000001
main@userInput                                cstackBANK2  0002CB
memcpy@d                                      cstackCOMRAM 000008
memcpy@d1                                     cstackCOMRAM 000001
memcpy@n                                      cstackCOMRAM 000005
memcpy@s                                      cstackCOMRAM 00000A
memcpy@s1                                     cstackCOMRAM 000003
memcpy@tmp                                    cstackCOMRAM 000007
memset@c                                      cstackCOMRAM 000003
memset@dest                                   cstackCOMRAM 000001
memset@n                                      cstackCOMRAM 000005
memset@p                                      cstackCOMRAM 000007
pad@buf                                       cstackCOMRAM 000012
pad@fp                                        cstackCOMRAM 000011
pad@i                                         cstackCOMRAM 000017
pad@p                                         cstackCOMRAM 000014
putch@txData                                  cstackCOMRAM 000002
rd1RegCompleteHandler@ptr                     cstackCOMRAM 00000A
rd2RegCompleteHandler@ptr                     cstackCOMRAM 00000A
rdBlkRegCompleteHandler@ptr                   cstackCOMRAM 00000A
read_prec_or_width@ap                         cstackCOMRAM 000008
read_prec_or_width@c                          cstackCOMRAM 000009
read_prec_or_width@fmt                        cstackCOMRAM 000007
read_prec_or_width@n                          cstackCOMRAM 00000A
skipws@c                                      cstackCOMRAM 00000E
skipws@fp                                     cstackCOMRAM 00000C
sprintf@ap                                    cstackCOMRAM 00004F
sprintf@f                                     cstackCOMRAM 000050
sprintf@fmt                                   cstackBANK0  000095
sprintf@s                                     cstackBANK0  000093
sscanf@ap                                     cstackBANK0  000081
sscanf@f                                      cstackBANK0  000082
sscanf@fmt                                    cstackBANK0  00007B
sscanf@ret                                    cstackBANK0  00007F
sscanf@s                                      cstackBANK0  000079
stackhi                                       (abs)        000000
stacklo                                       (abs)        000000
start                                         init         00FFFC
start_initialization                          cinit        00B0BA
strcpy@d                                      cstackCOMRAM 000005
strcpy@dest                                   cstackCOMRAM 000001
strcpy@src                                    cstackCOMRAM 000003
strncmp@l                                     cstackCOMRAM 000001
strncmp@n                                     cstackCOMRAM 000005
strncmp@r                                     cstackCOMRAM 000003
ungetc@c                                      cstackCOMRAM 000001
ungetc@fp                                     cstackCOMRAM 000003
vfpfcnvrt@ap                                  cstackBANK0  00008E
vfpfcnvrt@c                                   cstackCOMRAM 00004A
vfpfcnvrt@convarg                             cstackCOMRAM 000046
vfpfcnvrt@cp                                  cstackCOMRAM 00004B
vfpfcnvrt@fmt                                 cstackBANK0  00008D
vfpfcnvrt@fp                                  cstackBANK0  00008C
vfprintf@ap                                   cstackBANK0  000092
vfprintf@cfmt                                 cstackCOMRAM 00004D
vfprintf@fmt                                  cstackBANK0  000090
vfprintf@fp                                   cstackBANK0  00008F
vfscanf@ap                                    cstackBANK0  000072
vfscanf@cfmt                                  cstackBANK0  000077
vfscanf@fmt                                   cstackBANK0  000070
vfscanf@fp                                    cstackBANK0  00006F
vfscanf@n                                     cstackBANK0  000075
vfscanf@saved_errno                           cstackBANK0  000073
vfsfcnvrt@ap                                  cstackCOMRAM 00005D
vfsfcnvrt@c                                   cstackBANK0  00006D
vfsfcnvrt@fmt                                 cstackCOMRAM 00005C
vfsfcnvrt@fp                                  cstackCOMRAM 00005B
vfsfcnvrt@i                                   cstackBANK0  00006B
vfsfcnvrt@llu                                 cstackBANK0  000063
vfsfcnvrt@vp                                  cstackBANK0  000062
wr1RegCompleteHandler@ptr                     cstackCOMRAM 00000A
wr2RegCompleteHandler@ptr                     cstackCOMRAM 00000A


MODULE INFORMATION

Module		Function		Class		Link	Load	Size
C:\Program Files\Microchip\xc8\v2.45\pic\sources\c99\common\Umul64.c
		___omul        		CODE           	BF10	0000	158

C:\Program Files\Microchip\xc8\v2.45\pic\sources\c99\common\Umul64.c estimated size: 158

C:\Program Files\Microchip\xc8\v2.45\pic\sources\c99\common\Umul16.c
		___wmul        		CODE           	B16C	0000	42

C:\Program Files\Microchip\xc8\v2.45\pic\sources\c99\common\Umul16.c estimated size: 42

mcc_generated_files/examples/i2c1_master_example.c
		_wr1RegCompleteHandler		CODE           	B246	0000	44
		_wr2RegCompleteHandler		CODE           	B1C2	0000	44
		_I2C1_ReadDataBlock		CODE           	BBF8	0000	118
		_I2C1_Write1ByteRegister		CODE           	B96E	0000	106
		_I2C1_ReadNBytes		CODE           	B4AA	0000	68
		_rdBlkRegCompleteHandler		CODE           	B602	0000	74
		_rd1RegCompleteHandler		CODE           	B1EE	0000	44
		_rd2RegCompleteHandler		CODE           	B21A	0000	44
		_I2C1_WriteNBytes		CODE           	B792	0000	88

mcc_generated_files/examples/i2c1_master_example.c estimated size: 630

C:\Program Files\Microchip\xc8\v2.45\pic\sources\c99\common\fleq.c
		___fleq        		CODE           	C2E4	0000	170

C:\Program Files\Microchip\xc8\v2.45\pic\sources\c99\common\fleq.c estimated size: 170

mcc_generated_files/i2c1_master.c
		_I2C1_DO_SEND_RESTART		CODE           	AE4C	0000	4
		_I2C1_MasterIsNackFlagSet		CODE           	AF82	0000	22
		_I2C1_DO_RX_EMPTY		CODE           	BFAE	0000	162
		_I2C1_DO_TX_EMPTY		CODE           	BCE8	0000	124
		_I2C1_DO_SEND_RESTART_READ		CODE           	AF20	0000	14
		_I2C1_MasterClearNackFlag		CODE           	AE56	0000	6
		_I2C1_CallbackReturnStop		CODE           	AE40	0000	4
		_I2C1_MasterRead		CODE           	AEBA	0000	8
		_I2C1_DO_RX    		CODE           	BE72	0000	158
		_I2C1_DO_TX    		CODE           	CD70	0000	290
		_I2C1_SetAddressNackCallback		CODE           	B034	0000	24
		_I2C1_DO_IDLE  		CODE           	AF14	0000	12
		_I2C1_MasterOpen		CODE           	B2A0	0000	46
		_I2C1_MasterSendTxData		CODE           	AED6	0000	10
		_I2C1_MasterStop		CODE           	AE80	0000	6
		_I2C1_MasterIsStopFlagSet		CODE           	AF98	0000	22
		_I2C1_CallbackReturnReset		CODE           	AE44	0000	4
		_I2C1_DO_RESET 		CODE           	AF3C	0000	16
		_I2C1_Poller   		CODE           	B09C	0000	30
		_I2C1_DO_RX_ACK		CODE           	AEA2	0000	8
		_I2C1_DO_TX_ACK		CODE           	AE9A	0000	8
		_I2C1_MasterWaitForEvent		CODE           	B844	0000	92
		_I2C1_MasterSendNack		CODE           	AE7A	0000	6
		_I2C1_DO_RX_NACK_RESTART		CODE           	AEAA	0000	8
		_I2C1_MasterDisableIrq		CODE           	B07E	0000	30
		_I2C1_ClearInterruptFlags		CODE           	B698	0000	82
		_I2C1_MasterOperation		CODE           	B6EA	0000	82
		_I2C1_MasterClearStopFlag		CODE           	AE5C	0000	6
		_I2C1_SetCallback		CODE           	BD64	0000	126
		_I2C1_MasterEnableRestart		CODE           	AE68	0000	6
		_I2C1_MasterGetCounter		CODE           	AE86	0000	6
		_I2C1_MasterSetCounter		CODE           	AECC	0000	10
		_I2C1_Open     		CODE           	BDE2	0000	144
		_I2C1_DO_ADDRESS_NACK		CODE           	B906	0000	104
		_I2C1_MasterDisableRestart		CODE           	AE62	0000	6
		_I2C1_MasterClearCountFlag		CODE           	AE50	0000	6
		_I2C1_SetBuffer		CODE           	B0FC	0000	36
		_I2C1_DO_SEND_RESTART_WRITE		CODE           	AE48	0000	4
		_I2C1_MasterIsTxBufEmpty		CODE           	AFDA	0000	22
		_I2C1_MasterClose		CODE           	AF08	0000	12
		_I2C1_MasterWrite		CODE           	AEB2	0000	8
		_I2C1_Initialize		CODE           	B0DA	0000	34
		_I2C1_Close    		CODE           	B196	0000	44
		_I2C1_MasterIsRxBufFull		CODE           	AFAE	0000	22
		_I2C1_MasterIsNack		CODE           	AFC4	0000	22
		_I2C1_DO_SEND_ADR_WRITE		CODE           	AFF0	0000	22
		_I2C1_MasterClearIrq		CODE           	AE92	0000	8
		_I2C1_SetDataCompleteCallback		CODE           	B01C	0000	24
		_I2C1_DO_SEND_STOP		CODE           	B144	0000	40
		_I2C1_DO_BUS_COLLISION		CODE           	BB16	0000	112
		_I2C1_DO_BUS_ERROR		CODE           	AF4C	0000	16
		_I2C1_MasterSendAck		CODE           	AE74	0000	6
		_I2C1_MasterFsm		CODE           	BC6E	0000	122
		_I2C1_MasterGetRxData		CODE           	AE6E	0000	6
		_I2C1_MasterResetBus		CODE           	AEC2	0000	10
		_I2C1_MasterIsCountFlagSet		CODE           	AF6C	0000	22
		_I2C1_DO_SEND_ADR_READ		CODE           	B272	0000	46
		_I2C1_DO_RX_NACK_STOP		CODE           	AF2E	0000	14

mcc_generated_files/i2c1_master.c estimated size: 2344

C:\Program Files\Microchip\xc8\v2.45\pic\sources\c99\common\memcpy.c
		_memcpy        		CODE           	B7EA	0000	90

C:\Program Files\Microchip\xc8\v2.45\pic\sources\c99\common\memcpy.c estimated size: 90

C:\Program Files\Microchip\xc8\v2.45\pic\sources\c99\common\doscan.c
		_vfsfcnvrt     		CODE           	E22E	0000	990
		_atou          		CODE           	D44A	0000	556
		_vfscanf       		CODE           	C5C0	0000	204
		_skipws        		CODE           	B9D8	0000	106

C:\Program Files\Microchip\xc8\v2.45\pic\sources\c99\common\doscan.c estimated size: 1856

C:\Program Files\Microchip\xc8\v2.45\pic\sources\c99\common\flneg.c
		___flneg       		CODE           	B334	0000	56

C:\Program Files\Microchip\xc8\v2.45\pic\sources\c99\common\flneg.c estimated size: 56

C:\Program Files\Microchip\xc8\v2.45\pic\sources\c99\common\Umul32.c
		___lmul        		CODE           	BAAC	0000	106

C:\Program Files\Microchip\xc8\v2.45\pic\sources\c99\common\Umul32.c estimated size: 106

C:\Program Files\Microchip\xc8\v2.45\pic\sources\c99\common\__strtoxll.c
		___strtoxll    		CODE           	EF1A	0000	1420

C:\Program Files\Microchip\xc8\v2.45\pic\sources\c99\common\__strtoxll.c estimated size: 1420

mcc_generated_files/pin_manager.c
		_PIN_MANAGER_Initialize		CODE           	C23A	0000	170

mcc_generated_files/pin_manager.c estimated size: 170

C:\Program Files\Microchip\xc8\v2.45\pic\sources\c99\common\strncmp.c
		_strncmp       		CODE           	C862	0000	246

C:\Program Files\Microchip\xc8\v2.45\pic\sources\c99\common\strncmp.c estimated size: 246

C:\Program Files\Microchip\xc8\v2.45\pic\sources\c99\common\sprcmul.c
		___flmul       		CODE           	E60C	0000	1102

C:\Program Files\Microchip\xc8\v2.45\pic\sources\c99\common\sprcmul.c estimated size: 1102

C:\Program Files\Microchip\xc8\v2.45\pic\sources\c99\common\labs.c
		_labs          		CODE           	B73C	0000	86

C:\Program Files\Microchip\xc8\v2.45\pic\sources\c99\common\labs.c estimated size: 86

C:\Program Files\Microchip\xc8\v2.45\pic\sources\c99\common\nf_fputs.c
		_fputs         		CODE           	B3E4	0000	64

C:\Program Files\Microchip\xc8\v2.45\pic\sources\c99\common\nf_fputs.c estimated size: 64

C:\Program Files\Microchip\xc8\v2.45\pic\sources\c99\common\sprcdiv.c
		___fldiv       		CODE           	DE94	0000	922

C:\Program Files\Microchip\xc8\v2.45\pic\sources\c99\common\sprcdiv.c estimated size: 922

C:\Program Files\Microchip\xc8\v2.45\pic\sources\c99\common\floorf.c
		_floorf        		CODE           	D238	0000	530

C:\Program Files\Microchip\xc8\v2.45\pic\sources\c99\common\floorf.c estimated size: 530

C:\Program Files\Microchip\xc8\v2.45\pic\sources\c99\common\nf_sprintf.c
		_sprintf       		CODE           	B532	0000	68

C:\Program Files\Microchip\xc8\v2.45\pic\sources\c99\common\nf_sprintf.c estimated size: 68

mcc_generated_files/uart1.c
		_UART1_Write   		CODE           	B064	0000	26
		_putch         		CODE           	AEFE	0000	10
		_UART1_SetFramingErrorHandler		CODE           	AEEA	0000	10
		_UART1_SetOverrunErrorHandler		CODE           	AEF4	0000	10
		_UART1_Initialize		CODE           	BA42	0000	106
		_UART1_SetErrorHandler		CODE           	AEE0	0000	10
		_UART1_Read    		CODE           	C196	0000	164
		_UART1_DefaultFramingErrorHandler		CODE           	AE3C	0000	2
		_UART1_DefaultErrorHandler		CODE           	AE3A	0000	2
		_UART1_DefaultOverrunErrorHandler		CODE           	AE3E	0000	2

mcc_generated_files/uart1.c estimated size: 342

C:\Program Files\Microchip\xc8\v2.45\pic\sources\c99\common\flge.c
		___flge        		CODE           	CA56	0000	260

C:\Program Files\Microchip\xc8\v2.45\pic\sources\c99\common\flge.c estimated size: 260

shared
		__initialization		CODE           	B0BA	0000	26
		_i2c1_fsmStateTable		MEDIUMCONST    	FE99	0000	38

shared estimated size: 64

C:\Program Files\Microchip\xc8\v2.45\pic\sources\c99\common\xxtofl.c
		___xxtofl      		CODE           	CE92	0000	436

C:\Program Files\Microchip\xc8\v2.45\pic\sources\c99\common\xxtofl.c estimated size: 436

mcc_generated_files/mcc.c
		_PMD_Initialize		CODE           	B120	0000	36
		_OSCILLATOR_Initialize		CODE           	B04C	0000	24
		_SYSTEM_Initialize		CODE           	B006	0000	22

mcc_generated_files/mcc.c estimated size: 82

C:\Program Files\Microchip\xc8\v2.45\pic\sources\c99\common\__fpclassifyf.c
		___fpclassifyf 		CODE           	C958	0000	254

C:\Program Files\Microchip\xc8\v2.45\pic\sources\c99\common\__fpclassifyf.c estimated size: 254

C:\Program Files\Microchip\xc8\v2.45\pic\sources\c99\common\__lldiv.c
		___lldiv       		CODE           	C0F2	0000	164

C:\Program Files\Microchip\xc8\v2.45\pic\sources\c99\common\__lldiv.c estimated size: 164

C:\Program Files\Microchip\xc8\v2.45\pic\sources\c99\common\strcpy.c
		_strcpy        		CODE           	B4EE	0000	68

C:\Program Files\Microchip\xc8\v2.45\pic\sources\c99\common\strcpy.c estimated size: 68

C:\Program Files\Microchip\xc8\v2.45\pic\sources\c99\common\memset.c
		_memset        		CODE           	B3A6	0000	62

C:\Program Files\Microchip\xc8\v2.45\pic\sources\c99\common\memset.c estimated size: 62

C:\Program Files\Microchip\xc8\v2.45\pic\sources\c99\common\sprcadd.c
		___flsub       		CODE           	B5BC	0000	70
		___fladd       		CODE           	EA5A	0000	1216

C:\Program Files\Microchip\xc8\v2.45\pic\sources\c99\common\sprcadd.c estimated size: 1286

C:\Program Files\Microchip\xc8\v2.45\pic\sources\c99\common\nf_sscanf.c
		_sscanf        		CODE           	B466	0000	68

C:\Program Files\Microchip\xc8\v2.45\pic\sources\c99\common\nf_sscanf.c estimated size: 68

main.c
		_UART_SendString		CODE           	BB86	0000	114
		_custom_delay_ms		CODE           	B36C	0000	58
		_main          		CODE           	C68C	0000	228
		_EEPROM_ReadBlock		CODE           	B576	0000	70
		_EEPROM_WriteByte		CODE           	B2CE	0000	48
		_EEPROM_WriteBlock		CODE           	B424	0000	66
		_MPU6050_Init  		CODE           	AF5C	0000	16
		_ReadAndSendEEPROMData		CODE           	D046	0000	498
		_UART_ReceiveString		CODE           	C38E	0000	176
		_EEPROM_ReadByte		CODE           	B2FE	0000	54
		_MPU6050_ReadSensorData		CODE           	D8F6	0000	714
		_ParseUserInput		CODE           	C770	0000	242
		_StartLogging  		CODE           	DBC0	0000	724

main.c estimated size: 3008

C:\Program Files\Microchip\xc8\v2.45\pic\sources\c99\common\nf_fputc.c
		_fputc         		CODE           	C4FC	0000	196

C:\Program Files\Microchip\xc8\v2.45\pic\sources\c99\common\nf_fputc.c estimated size: 196

C:\Program Files\Microchip\xc8\v2.45\pic\sources\c99\common\doprnt.c
		_read_prec_or_width		CODE           	C43E	0000	190
		_vfpfcnvrt     		CODE           	D676	0000	640
		_efgtoa        		CODE           	F4A6	0000	2546
		_pad           		CODE           	B8A0	0000	102
		_vfprintf      		CODE           	B64C	0000	76

C:\Program Files\Microchip\xc8\v2.45\pic\sources\c99\common\doprnt.c estimated size: 3554

C:\Program Files\Microchip\xc8\v2.45\pic\sources\c99\common\getch.c
		_getch         		CODE           	AE8C	0000	6

C:\Program Files\Microchip\xc8\v2.45\pic\sources\c99\common\getch.c estimated size: 6

C:\Program Files\Microchip\xc8\v2.45\pic\sources\c99\common\fltol.c
		___fltol       		CODE           	CB5A	0000	262

C:\Program Files\Microchip\xc8\v2.45\pic\sources\c99\common\fltol.c estimated size: 262

C:\Program Files\Microchip\xc8\v2.45\pic\sources\c99\common\nf_getc.c
		_fgetc         		CODE           	CC60	0000	272
		_ungetc        		CODE           	C050	0000	162

C:\Program Files\Microchip\xc8\v2.45\pic\sources\c99\common\nf_getc.c estimated size: 434

